Using pre-set license
Built from '2021.3/staging' branch; Version is '2021.3.32f1 (3b9dae9532f5) revision 3906990'; Using compiler version '192829333'; Build Type 'Release'
OS: 'Windows 11  (10.0.26200) 64bit Professional' Language: 'cs' Physical Memory: 31905 MB
BatchMode: 1, IsHumanControllingUs: 0, StartBugReporterOnCrash: 0, Is64bit: 1, IsPro: 1

COMMAND LINE ARGUMENTS:
C:\Program Files\Unity\Hub\Editor\2021.3.32f1\Editor\Unity.exe
-adb2
-batchMode
-noUpm
-name
AssetImportWorker3
-projectPath
C:/Users/simon/Documents/GitHub/The-Last-Bounty/Wanted-Dead or alive
-logFile
Logs/AssetImportWorker3.log
-srvPort
65410
Successfully changed project path to: C:/Users/simon/Documents/GitHub/The-Last-Bounty/Wanted-Dead or alive
C:/Users/simon/Documents/GitHub/The-Last-Bounty/Wanted-Dead or alive
[UnityMemory] Configuration Parameters - Can be set up in boot.config
    "memorysetup-bucket-allocator-granularity=16"
    "memorysetup-bucket-allocator-bucket-count=8"
    "memorysetup-bucket-allocator-block-size=33554432"
    "memorysetup-bucket-allocator-block-count=8"
    "memorysetup-main-allocator-block-size=16777216"
    "memorysetup-thread-allocator-block-size=16777216"
    "memorysetup-gfx-main-allocator-block-size=16777216"
    "memorysetup-gfx-thread-allocator-block-size=16777216"
    "memorysetup-cache-allocator-block-size=4194304"
    "memorysetup-typetree-allocator-block-size=2097152"
    "memorysetup-profiler-bucket-allocator-granularity=16"
    "memorysetup-profiler-bucket-allocator-bucket-count=8"
    "memorysetup-profiler-bucket-allocator-block-size=33554432"
    "memorysetup-profiler-bucket-allocator-block-count=8"
    "memorysetup-profiler-allocator-block-size=16777216"
    "memorysetup-profiler-editor-allocator-block-size=1048576"
    "memorysetup-temp-allocator-size-main=16777216"
    "memorysetup-job-temp-allocator-block-size=2097152"
    "memorysetup-job-temp-allocator-block-size-background=1048576"
    "memorysetup-job-temp-allocator-reduction-small-platforms=262144"
    "memorysetup-temp-allocator-size-background-worker=32768"
    "memorysetup-temp-allocator-size-job-worker=262144"
    "memorysetup-temp-allocator-size-preload-manager=33554432"
    "memorysetup-temp-allocator-size-nav-mesh-worker=65536"
    "memorysetup-temp-allocator-size-audio-worker=65536"
    "memorysetup-temp-allocator-size-cloud-worker=32768"
    "memorysetup-temp-allocator-size-gi-baking-worker=262144"
    "memorysetup-temp-allocator-size-gfx=262144"
Player connection [21496] Host "[IP] 192.168.0.111 [Port] 0 [Flags] 2 [Guid] 4035787160 [EditorId] 4035787160 [Version] 1048832 [Id] WindowsEditor(7,Simon) [Debug] 1 [PackageName] WindowsEditor [ProjectName] Editor" joined multi-casting on [225.0.0.222:54997]...

Player connection [21496] Host "[IP] 192.168.0.111 [Port] 0 [Flags] 2 [Guid] 4035787160 [EditorId] 4035787160 [Version] 1048832 [Id] WindowsEditor(7,Simon) [Debug] 1 [PackageName] WindowsEditor [ProjectName] Editor" joined alternative multi-casting on [225.0.0.222:34997]...

[Physics::Module] Initialized MultithreadedJobDispatcher with {0} workers.
Refreshing native plugins compatible for Editor in 74.22 ms, found 3 plugins.
Preloading 0 native plugins for Editor in 0.00 ms.
Initialize engine version: 2021.3.32f1 (3b9dae9532f5)
[Subsystems] Discovering subsystems at path C:/Program Files/Unity/Hub/Editor/2021.3.32f1/Editor/Data/Resources/UnitySubsystems
[Subsystems] Discovering subsystems at path C:/Users/simon/Documents/GitHub/The-Last-Bounty/Wanted-Dead or alive/Assets
GfxDevice: creating device client; threaded=0; jobified=0
Direct3D:
    Version:  Direct3D 11.0 [level 11.1]
    Renderer: AMD Radeon RX 9070 XT (ID=0x7550)
    Vendor:   ATI
    VRAM:     16200 MB
    Driver:   32.0.23027.2005
Initialize mono
Mono path[0] = 'C:/Program Files/Unity/Hub/Editor/2021.3.32f1/Editor/Data/Managed'
Mono path[1] = 'C:/Program Files/Unity/Hub/Editor/2021.3.32f1/Editor/Data/MonoBleedingEdge/lib/mono/unityjit-win32'
Mono config path = 'C:/Program Files/Unity/Hub/Editor/2021.3.32f1/Editor/Data/MonoBleedingEdge/etc'
Using monoOptions --debugger-agent=transport=dt_socket,embedding=1,server=y,suspend=n,address=127.0.0.1:56736
Begin MonoManager ReloadAssembly
Registering precompiled unity dll's ...
Register platform support module: C:/Program Files/Unity/Hub/Editor/2021.3.32f1/Editor/Data/PlaybackEngines/WindowsStandaloneSupport/UnityEditor.WindowsStandalone.Extensions.dll
Registered in 0.011853 seconds.
Native extension for WindowsStandalone target not found
Refreshing native plugins compatible for Editor in 62.84 ms, found 3 plugins.
Preloading 0 native plugins for Editor in 0.00 ms.
Mono: successfully reloaded assembly
- Completed reload, in  0.431 seconds
Domain Reload Profiling:
	ReloadAssembly (432ms)
		BeginReloadAssembly (78ms)
			ExecutionOrderSort (0ms)
			DisableScriptedObjects (0ms)
			BackupInstance (0ms)
			ReleaseScriptingObjects (0ms)
			CreateAndSetChildDomain (0ms)
		EndReloadAssembly (277ms)
			LoadAssemblies (74ms)
			RebuildTransferFunctionScriptingTraits (0ms)
			SetupTypeCache (59ms)
			ReleaseScriptCaches (0ms)
			RebuildScriptCaches (15ms)
			SetupLoadedEditorAssemblies (172ms)
				LogAssemblyErrors (0ms)
				InitializePlatformSupportModulesInManaged (7ms)
				SetLoadedEditorAssemblies (0ms)
				RefreshPlugins (63ms)
				BeforeProcessingInitializeOnLoad (1ms)
				ProcessInitializeOnLoadAttributes (76ms)
				ProcessInitializeOnLoadMethodAttributes (26ms)
				AfterProcessingInitializeOnLoad (0ms)
				EditorAssembliesLoaded (0ms)
			ExecutionOrderSort2 (0ms)
			AwakeInstancesAfterBackupRestoration (0ms)
Platform modules already initialized, skipping
Registering precompiled user dll's ...
Registered in 0.007487 seconds.
Begin MonoManager ReloadAssembly
Native extension for WindowsStandalone target not found
Refreshing native plugins compatible for Editor in 62.71 ms, found 3 plugins.
Preloading 0 native plugins for Editor in 0.00 ms.
Mono: successfully reloaded assembly
- Completed reload, in  0.843 seconds
Domain Reload Profiling:
	ReloadAssembly (844ms)
		BeginReloadAssembly (99ms)
			ExecutionOrderSort (0ms)
			DisableScriptedObjects (3ms)
			BackupInstance (0ms)
			ReleaseScriptingObjects (0ms)
			CreateAndSetChildDomain (12ms)
		EndReloadAssembly (671ms)
			LoadAssemblies (86ms)
			RebuildTransferFunctionScriptingTraits (0ms)
			SetupTypeCache (148ms)
			ReleaseScriptCaches (0ms)
			RebuildScriptCaches (28ms)
			SetupLoadedEditorAssemblies (410ms)
				LogAssemblyErrors (0ms)
				InitializePlatformSupportModulesInManaged (5ms)
				SetLoadedEditorAssemblies (0ms)
				RefreshPlugins (63ms)
				BeforeProcessingInitializeOnLoad (67ms)
				ProcessInitializeOnLoadAttributes (253ms)
				ProcessInitializeOnLoadMethodAttributes (10ms)
				AfterProcessingInitializeOnLoad (12ms)
				EditorAssembliesLoaded (0ms)
			ExecutionOrderSort2 (0ms)
			AwakeInstancesAfterBackupRestoration (4ms)
Platform modules already initialized, skipping
========================================================================
Worker process is ready to serve import requests
Launched and connected shader compiler UnityShaderCompiler.exe after 0.03 seconds
Refreshing native plugins compatible for Editor in 0.73 ms, found 3 plugins.
Preloading 0 native plugins for Editor in 0.00 ms.
Unloading 4067 Unused Serialized files (Serialized files now loaded: 0)
Unloading 60 unused Assets / (2.7 MB). Loaded Objects now: 4534.
Memory consumption went from 182.1 MB to 179.4 MB.
Total: 2.643700 ms (FindLiveObjects: 0.187600 ms CreateObjectMapping: 0.075200 ms MarkObjects: 2.037800 ms  DeleteObjects: 0.342700 ms)

AssetImportParameters requested are different than current active one (requested -> active):
  custom:video-decoder-ogg-theora: a1e56fd34408186e4bbccfd4996cb3dc -> 
  custom:container-muxer-webm: aa71ff27fc2769a1b78a27578f13a17b -> 
  custom:container-demuxer-webm: 4f35f7cbe854078d1ac9338744f61a02 -> 
  custom:video-encoder-webm-vp8: eb34c28f22e8b96e1ab97ce403110664 -> 
  custom:video-codec-MediaFoundation-h265: 746d11721c4dcdbdad8f713fa42b33f4 -> 
  custom:CustomObjectIndexerAttribute: bc11b3a6c3213fcdd17b65e7da85e133 -> 
  custom:audio-encoder-webm-vorbis: bf7c407c2cedff20999df2af8eb42d56 -> 
  custom:framework-win-MediaFoundation: 216162199b28c13a410421893ffa2e32 -> 
  custom:SearchIndexIgnoredProperties: e643bd26f0fe6173181afceb89e7c659 -> 
  custom:container-demuxer-ogg: 62fdf1f143b41e24485cea50d1cbac27 -> 
  custom:video-decoder-webm-vp8: 9c59270c3fd7afecdb556c50c9e8de78 -> 
  custom:audio-decoder-ogg-vorbis: bf7c407c2cedff20999df2af8eb42d56 -> 
========================================================================
Received Prepare
Registering precompiled user dll's ...
Registered in 0.007794 seconds.
Begin MonoManager ReloadAssembly
Native extension for WindowsStandalone target not found
Refreshing native plugins compatible for Editor in 0.62 ms, found 3 plugins.
Preloading 0 native plugins for Editor in 0.00 ms.
Mono: successfully reloaded assembly
- Completed reload, in  0.908 seconds
Domain Reload Profiling:
	ReloadAssembly (908ms)
		BeginReloadAssembly (151ms)
			ExecutionOrderSort (0ms)
			DisableScriptedObjects (4ms)
			BackupInstance (0ms)
			ReleaseScriptingObjects (0ms)
			CreateAndSetChildDomain (26ms)
		EndReloadAssembly (675ms)
			LoadAssemblies (122ms)
			RebuildTransferFunctionScriptingTraits (0ms)
			SetupTypeCache (169ms)
			ReleaseScriptCaches (1ms)
			RebuildScriptCaches (27ms)
			SetupLoadedEditorAssemblies (363ms)
				LogAssemblyErrors (0ms)
				InitializePlatformSupportModulesInManaged (7ms)
				SetLoadedEditorAssemblies (0ms)
				RefreshPlugins (1ms)
				BeforeProcessingInitializeOnLoad (72ms)
				ProcessInitializeOnLoadAttributes (249ms)
				ProcessInitializeOnLoadMethodAttributes (15ms)
				AfterProcessingInitializeOnLoad (19ms)
				EditorAssembliesLoaded (0ms)
			ExecutionOrderSort2 (0ms)
			AwakeInstancesAfterBackupRestoration (4ms)
Platform modules already initialized, skipping
Refreshing native plugins compatible for Editor in 0.87 ms, found 3 plugins.
Preloading 0 native plugins for Editor in 0.00 ms.
Unloading 3968 Unused Serialized files (Serialized files now loaded: 0)
Unloading 43 unused Assets / (2.7 MB). Loaded Objects now: 4537.
Memory consumption went from 172.0 MB to 169.3 MB.
Total: 2.491700 ms (FindLiveObjects: 0.164100 ms CreateObjectMapping: 0.061100 ms MarkObjects: 1.863100 ms  DeleteObjects: 0.402800 ms)

AssetImportParameters requested are different than current active one (requested -> active):
  custom:video-decoder-ogg-theora: a1e56fd34408186e4bbccfd4996cb3dc -> 
  custom:container-muxer-webm: aa71ff27fc2769a1b78a27578f13a17b -> 
  custom:container-demuxer-webm: 4f35f7cbe854078d1ac9338744f61a02 -> 
  custom:video-encoder-webm-vp8: eb34c28f22e8b96e1ab97ce403110664 -> 
  custom:video-codec-MediaFoundation-h265: 746d11721c4dcdbdad8f713fa42b33f4 -> 
  custom:CustomObjectIndexerAttribute: bc11b3a6c3213fcdd17b65e7da85e133 -> 
  custom:audio-encoder-webm-vorbis: bf7c407c2cedff20999df2af8eb42d56 -> 
  custom:framework-win-MediaFoundation: 216162199b28c13a410421893ffa2e32 -> 
  custom:SearchIndexIgnoredProperties: e643bd26f0fe6173181afceb89e7c659 -> 
  custom:container-demuxer-ogg: 62fdf1f143b41e24485cea50d1cbac27 -> 
  custom:video-decoder-webm-vp8: 9c59270c3fd7afecdb556c50c9e8de78 -> 
  custom:audio-decoder-ogg-vorbis: bf7c407c2cedff20999df2af8eb42d56 -> 
========================================================================
Received Prepare
Registering precompiled user dll's ...
Registered in 0.010323 seconds.
Begin MonoManager ReloadAssembly
Native extension for WindowsStandalone target not found
Refreshing native plugins compatible for Editor in 0.73 ms, found 3 plugins.
Preloading 0 native plugins for Editor in 0.00 ms.
Mono: successfully reloaded assembly
- Completed reload, in  0.920 seconds
Domain Reload Profiling:
	ReloadAssembly (921ms)
		BeginReloadAssembly (157ms)
			ExecutionOrderSort (0ms)
			DisableScriptedObjects (3ms)
			BackupInstance (0ms)
			ReleaseScriptingObjects (0ms)
			CreateAndSetChildDomain (24ms)
		EndReloadAssembly (676ms)
			LoadAssemblies (127ms)
			RebuildTransferFunctionScriptingTraits (0ms)
			SetupTypeCache (167ms)
			ReleaseScriptCaches (1ms)
			RebuildScriptCaches (25ms)
			SetupLoadedEditorAssemblies (371ms)
				LogAssemblyErrors (0ms)
				InitializePlatformSupportModulesInManaged (6ms)
				SetLoadedEditorAssemblies (0ms)
				RefreshPlugins (1ms)
				BeforeProcessingInitializeOnLoad (72ms)
				ProcessInitializeOnLoadAttributes (256ms)
				ProcessInitializeOnLoadMethodAttributes (15ms)
				AfterProcessingInitializeOnLoad (20ms)
				EditorAssembliesLoaded (0ms)
			ExecutionOrderSort2 (0ms)
			AwakeInstancesAfterBackupRestoration (4ms)
Platform modules already initialized, skipping
Refreshing native plugins compatible for Editor in 0.78 ms, found 3 plugins.
Preloading 0 native plugins for Editor in 0.00 ms.
Unloading 3968 Unused Serialized files (Serialized files now loaded: 0)
Unloading 43 unused Assets / (2.7 MB). Loaded Objects now: 4540.
Memory consumption went from 172.0 MB to 169.3 MB.
Total: 2.434300 ms (FindLiveObjects: 0.157400 ms CreateObjectMapping: 0.076200 ms MarkObjects: 1.820200 ms  DeleteObjects: 0.379600 ms)

AssetImportParameters requested are different than current active one (requested -> active):
  custom:video-decoder-ogg-theora: a1e56fd34408186e4bbccfd4996cb3dc -> 
  custom:container-muxer-webm: aa71ff27fc2769a1b78a27578f13a17b -> 
  custom:container-demuxer-webm: 4f35f7cbe854078d1ac9338744f61a02 -> 
  custom:video-encoder-webm-vp8: eb34c28f22e8b96e1ab97ce403110664 -> 
  custom:video-codec-MediaFoundation-h265: 746d11721c4dcdbdad8f713fa42b33f4 -> 
  custom:CustomObjectIndexerAttribute: bc11b3a6c3213fcdd17b65e7da85e133 -> 
  custom:audio-encoder-webm-vorbis: bf7c407c2cedff20999df2af8eb42d56 -> 
  custom:framework-win-MediaFoundation: 216162199b28c13a410421893ffa2e32 -> 
  custom:SearchIndexIgnoredProperties: e643bd26f0fe6173181afceb89e7c659 -> 
  custom:container-demuxer-ogg: 62fdf1f143b41e24485cea50d1cbac27 -> 
  custom:video-decoder-webm-vp8: 9c59270c3fd7afecdb556c50c9e8de78 -> 
  custom:audio-decoder-ogg-vorbis: bf7c407c2cedff20999df2af8eb42d56 -> 
========================================================================
Received Prepare
Registering precompiled user dll's ...
Registered in 0.010604 seconds.
Begin MonoManager ReloadAssembly
Native extension for WindowsStandalone target not found
Refreshing native plugins compatible for Editor in 0.69 ms, found 3 plugins.
Preloading 0 native plugins for Editor in 0.00 ms.
Mono: successfully reloaded assembly
- Completed reload, in  0.925 seconds
Domain Reload Profiling:
	ReloadAssembly (926ms)
		BeginReloadAssembly (160ms)
			ExecutionOrderSort (0ms)
			DisableScriptedObjects (3ms)
			BackupInstance (0ms)
			ReleaseScriptingObjects (0ms)
			CreateAndSetChildDomain (23ms)
		EndReloadAssembly (672ms)
			LoadAssemblies (133ms)
			RebuildTransferFunctionScriptingTraits (0ms)
			SetupTypeCache (164ms)
			ReleaseScriptCaches (1ms)
			RebuildScriptCaches (26ms)
			SetupLoadedEditorAssemblies (366ms)
				LogAssemblyErrors (0ms)
				InitializePlatformSupportModulesInManaged (7ms)
				SetLoadedEditorAssemblies (0ms)
				RefreshPlugins (1ms)
				BeforeProcessingInitializeOnLoad (73ms)
				ProcessInitializeOnLoadAttributes (249ms)
				ProcessInitializeOnLoadMethodAttributes (15ms)
				AfterProcessingInitializeOnLoad (21ms)
				EditorAssembliesLoaded (0ms)
			ExecutionOrderSort2 (0ms)
			AwakeInstancesAfterBackupRestoration (4ms)
Platform modules already initialized, skipping
Refreshing native plugins compatible for Editor in 0.87 ms, found 3 plugins.
Preloading 0 native plugins for Editor in 0.00 ms.
Unloading 3968 Unused Serialized files (Serialized files now loaded: 0)
Unloading 43 unused Assets / (2.7 MB). Loaded Objects now: 4543.
Memory consumption went from 172.0 MB to 169.3 MB.
Total: 2.488500 ms (FindLiveObjects: 0.187800 ms CreateObjectMapping: 0.068800 ms MarkObjects: 1.895700 ms  DeleteObjects: 0.335600 ms)

AssetImportParameters requested are different than current active one (requested -> active):
  custom:video-decoder-ogg-theora: a1e56fd34408186e4bbccfd4996cb3dc -> 
  custom:container-muxer-webm: aa71ff27fc2769a1b78a27578f13a17b -> 
  custom:container-demuxer-webm: 4f35f7cbe854078d1ac9338744f61a02 -> 
  custom:video-encoder-webm-vp8: eb34c28f22e8b96e1ab97ce403110664 -> 
  custom:video-codec-MediaFoundation-h265: 746d11721c4dcdbdad8f713fa42b33f4 -> 
  custom:CustomObjectIndexerAttribute: bc11b3a6c3213fcdd17b65e7da85e133 -> 
  custom:audio-encoder-webm-vorbis: bf7c407c2cedff20999df2af8eb42d56 -> 
  custom:framework-win-MediaFoundation: 216162199b28c13a410421893ffa2e32 -> 
  custom:SearchIndexIgnoredProperties: e643bd26f0fe6173181afceb89e7c659 -> 
  custom:container-demuxer-ogg: 62fdf1f143b41e24485cea50d1cbac27 -> 
  custom:video-decoder-webm-vp8: 9c59270c3fd7afecdb556c50c9e8de78 -> 
  custom:audio-decoder-ogg-vorbis: bf7c407c2cedff20999df2af8eb42d56 -> 
========================================================================
Received Prepare
Registering precompiled user dll's ...
Registered in 0.010665 seconds.
Begin MonoManager ReloadAssembly
Native extension for WindowsStandalone target not found
Refreshing native plugins compatible for Editor in 0.87 ms, found 3 plugins.
Preloading 0 native plugins for Editor in 0.00 ms.
Mono: successfully reloaded assembly
- Completed reload, in  0.945 seconds
Domain Reload Profiling:
	ReloadAssembly (945ms)
		BeginReloadAssembly (163ms)
			ExecutionOrderSort (0ms)
			DisableScriptedObjects (3ms)
			BackupInstance (0ms)
			ReleaseScriptingObjects (0ms)
			CreateAndSetChildDomain (25ms)
		EndReloadAssembly (693ms)
			LoadAssemblies (131ms)
			RebuildTransferFunctionScriptingTraits (0ms)
			SetupTypeCache (178ms)
			ReleaseScriptCaches (1ms)
			RebuildScriptCaches (26ms)
			SetupLoadedEditorAssemblies (374ms)
				LogAssemblyErrors (0ms)
				InitializePlatformSupportModulesInManaged (8ms)
				SetLoadedEditorAssemblies (0ms)
				RefreshPlugins (1ms)
				BeforeProcessingInitializeOnLoad (77ms)
				ProcessInitializeOnLoadAttributes (252ms)
				ProcessInitializeOnLoadMethodAttributes (16ms)
				AfterProcessingInitializeOnLoad (20ms)
				EditorAssembliesLoaded (0ms)
			ExecutionOrderSort2 (0ms)
			AwakeInstancesAfterBackupRestoration (4ms)
Platform modules already initialized, skipping
Refreshing native plugins compatible for Editor in 0.87 ms, found 3 plugins.
Preloading 0 native plugins for Editor in 0.00 ms.
Unloading 3968 Unused Serialized files (Serialized files now loaded: 0)
Unloading 43 unused Assets / (2.7 MB). Loaded Objects now: 4546.
Memory consumption went from 172.0 MB to 169.4 MB.
Total: 2.538400 ms (FindLiveObjects: 0.167600 ms CreateObjectMapping: 0.083000 ms MarkObjects: 1.929200 ms  DeleteObjects: 0.358100 ms)

AssetImportParameters requested are different than current active one (requested -> active):
  custom:video-decoder-ogg-theora: a1e56fd34408186e4bbccfd4996cb3dc -> 
  custom:container-muxer-webm: aa71ff27fc2769a1b78a27578f13a17b -> 
  custom:container-demuxer-webm: 4f35f7cbe854078d1ac9338744f61a02 -> 
  custom:video-encoder-webm-vp8: eb34c28f22e8b96e1ab97ce403110664 -> 
  custom:video-codec-MediaFoundation-h265: 746d11721c4dcdbdad8f713fa42b33f4 -> 
  custom:CustomObjectIndexerAttribute: bc11b3a6c3213fcdd17b65e7da85e133 -> 
  custom:audio-encoder-webm-vorbis: bf7c407c2cedff20999df2af8eb42d56 -> 
  custom:framework-win-MediaFoundation: 216162199b28c13a410421893ffa2e32 -> 
  custom:SearchIndexIgnoredProperties: e643bd26f0fe6173181afceb89e7c659 -> 
  custom:container-demuxer-ogg: 62fdf1f143b41e24485cea50d1cbac27 -> 
  custom:video-decoder-webm-vp8: 9c59270c3fd7afecdb556c50c9e8de78 -> 
  custom:audio-decoder-ogg-vorbis: bf7c407c2cedff20999df2af8eb42d56 -> 
========================================================================
Received Prepare
Registering precompiled user dll's ...
Registered in 0.012163 seconds.
Begin MonoManager ReloadAssembly
Native extension for WindowsStandalone target not found
Refreshing native plugins compatible for Editor in 0.92 ms, found 3 plugins.
Preloading 0 native plugins for Editor in 0.00 ms.
Mono: successfully reloaded assembly
- Completed reload, in  1.068 seconds
Domain Reload Profiling:
	ReloadAssembly (1069ms)
		BeginReloadAssembly (187ms)
			ExecutionOrderSort (0ms)
			DisableScriptedObjects (4ms)
			BackupInstance (0ms)
			ReleaseScriptingObjects (0ms)
			CreateAndSetChildDomain (28ms)
		EndReloadAssembly (776ms)
			LoadAssemblies (153ms)
			RebuildTransferFunctionScriptingTraits (0ms)
			SetupTypeCache (190ms)
			ReleaseScriptCaches (1ms)
			RebuildScriptCaches (29ms)
			SetupLoadedEditorAssemblies (427ms)
				LogAssemblyErrors (0ms)
				InitializePlatformSupportModulesInManaged (8ms)
				SetLoadedEditorAssemblies (0ms)
				RefreshPlugins (1ms)
				BeforeProcessingInitializeOnLoad (91ms)
				ProcessInitializeOnLoadAttributes (277ms)
				ProcessInitializeOnLoadMethodAttributes (22ms)
				AfterProcessingInitializeOnLoad (27ms)
				EditorAssembliesLoaded (0ms)
			ExecutionOrderSort2 (0ms)
			AwakeInstancesAfterBackupRestoration (6ms)
Platform modules already initialized, skipping
Refreshing native plugins compatible for Editor in 1.04 ms, found 3 plugins.
Preloading 0 native plugins for Editor in 0.00 ms.
Unloading 3968 Unused Serialized files (Serialized files now loaded: 0)
Unloading 43 unused Assets / (2.7 MB). Loaded Objects now: 4549.
Memory consumption went from 172.1 MB to 169.4 MB.
Total: 2.617900 ms (FindLiveObjects: 0.200600 ms CreateObjectMapping: 0.059800 ms MarkObjects: 1.941900 ms  DeleteObjects: 0.414800 ms)

AssetImportParameters requested are different than current active one (requested -> active):
  custom:video-decoder-ogg-theora: a1e56fd34408186e4bbccfd4996cb3dc -> 
  custom:container-muxer-webm: aa71ff27fc2769a1b78a27578f13a17b -> 
  custom:container-demuxer-webm: 4f35f7cbe854078d1ac9338744f61a02 -> 
  custom:video-encoder-webm-vp8: eb34c28f22e8b96e1ab97ce403110664 -> 
  custom:video-codec-MediaFoundation-h265: 746d11721c4dcdbdad8f713fa42b33f4 -> 
  custom:CustomObjectIndexerAttribute: bc11b3a6c3213fcdd17b65e7da85e133 -> 
  custom:audio-encoder-webm-vorbis: bf7c407c2cedff20999df2af8eb42d56 -> 
  custom:framework-win-MediaFoundation: 216162199b28c13a410421893ffa2e32 -> 
  custom:SearchIndexIgnoredProperties: e643bd26f0fe6173181afceb89e7c659 -> 
  custom:container-demuxer-ogg: 62fdf1f143b41e24485cea50d1cbac27 -> 
  custom:video-decoder-webm-vp8: 9c59270c3fd7afecdb556c50c9e8de78 -> 
  custom:audio-decoder-ogg-vorbis: bf7c407c2cedff20999df2af8eb42d56 -> 
========================================================================
Received Import Request.
  Time since last request: 31511.477102 seconds.
  path: Assets/PolygonWestern/Prefabs/Props/SM_Prop_Barrel_01.prefab
  artifactKey: Guid(a1ef1d012cb6db34b9666c8da15cf70a) Importer(815301076,1909f56bfc062723c751e8b465ee728b)
Number of updated assets reloaded before import = 0
Start importing Assets/PolygonWestern/Prefabs/Props/SM_Prop_Barrel_01.prefab using Guid(a1ef1d012cb6db34b9666c8da15cf70a) Importer(815301076,1909f56bfc062723c751e8b465ee728b)  -> (artifact id: '9ebae1ea4f47c2b9099b47db5dad5682') in 0.094329 seconds 
Number of asset objects unloaded after import = 12
========================================================================
Received Import Request.
  Time since last request: 0.000018 seconds.
  path: Assets/PolygonWestern/Prefabs/Props/SM_Prop_Loghalf_01.prefab
  artifactKey: Guid(04a691f0116ecc7489f057213636dbef) Importer(815301076,1909f56bfc062723c751e8b465ee728b)
Number of updated assets reloaded before import = 0
Start importing Assets/PolygonWestern/Prefabs/Props/SM_Prop_Loghalf_01.prefab using Guid(04a691f0116ecc7489f057213636dbef) Importer(815301076,1909f56bfc062723c751e8b465ee728b)  -> (artifact id: 'd201aab35a8d6999f6a50cf7560d8c73') in 0.010641 seconds 
Number of asset objects unloaded after import = 12
========================================================================
Received Import Request.
  Time since last request: 0.000016 seconds.
  path: Assets/PolygonWestern/Prefabs/Props/SM_Prop_Church_Cross_02.prefab
  artifactKey: Guid(0cfaddce0da54274ab179194b863a7e6) Importer(815301076,1909f56bfc062723c751e8b465ee728b)
Number of updated assets reloaded before import = 0
Start importing Assets/PolygonWestern/Prefabs/Props/SM_Prop_Church_Cross_02.prefab using Guid(0cfaddce0da54274ab179194b863a7e6) Importer(815301076,1909f56bfc062723c751e8b465ee728b)  -> (artifact id: 'feb15cdc62e3ad382a4f1e5aa621690e') in 0.010259 seconds 
Number of asset objects unloaded after import = 14
========================================================================
Received Import Request.
  Time since last request: 0.000008 seconds.
  path: Assets/PolygonWestern/Prefabs/Props/SM_Prop_Bottle_Broken_02.prefab
  artifactKey: Guid(f0cd9679d428c3b4c86caa1a7388c17c) Importer(815301076,1909f56bfc062723c751e8b465ee728b)
Number of updated assets reloaded before import = 0
Start importing Assets/PolygonWestern/Prefabs/Props/SM_Prop_Bottle_Broken_02.prefab using Guid(f0cd9679d428c3b4c86caa1a7388c17c) Importer(815301076,1909f56bfc062723c751e8b465ee728b)  -> (artifact id: 'b17dced8c4aff2789d38e26681d74621') in 0.011618 seconds 
Number of asset objects unloaded after import = 12
========================================================================
Received Import Request.
  Time since last request: 0.000008 seconds.
  path: Assets/PolygonWestern/Prefabs/Props/SM_Prop_Bottle_02.prefab
  artifactKey: Guid(9e1ddde96005d514a98b2d681f4e9958) Importer(815301076,1909f56bfc062723c751e8b465ee728b)
Number of updated assets reloaded before import = 0
Start importing Assets/PolygonWestern/Prefabs/Props/SM_Prop_Bottle_02.prefab using Guid(9e1ddde96005d514a98b2d681f4e9958) Importer(815301076,1909f56bfc062723c751e8b465ee728b)  -> (artifact id: '1e0aeef7afa545e23e8f71967fc85056') in 0.011133 seconds 
Number of asset objects unloaded after import = 12
========================================================================
Received Import Request.
  Time since last request: 0.000010 seconds.
  path: Assets/PolygonWestern/Prefabs/Props/SM_Prop_Basket_03.prefab
  artifactKey: Guid(de2a780d2db63414a96aadfaa0579491) Importer(815301076,1909f56bfc062723c751e8b465ee728b)
Number of updated assets reloaded before import = 0
Start importing Assets/PolygonWestern/Prefabs/Props/SM_Prop_Basket_03.prefab using Guid(de2a780d2db63414a96aadfaa0579491) Importer(815301076,1909f56bfc062723c751e8b465ee728b)  -> (artifact id: 'db9ab3fb4b4d76ef33b3921da09776e7') in 0.010754 seconds 
Number of asset objects unloaded after import = 12
========================================================================
Received Import Request.
  Time since last request: 0.000008 seconds.
  path: Assets/PolygonWestern/Prefabs/Props/SM_Prop_Bottle_06.prefab
  artifactKey: Guid(1752bd8d3db82e84596a6ffe10fe4b66) Importer(815301076,1909f56bfc062723c751e8b465ee728b)
Number of updated assets reloaded before import = 0
Start importing Assets/PolygonWestern/Prefabs/Props/SM_Prop_Bottle_06.prefab using Guid(1752bd8d3db82e84596a6ffe10fe4b66) Importer(815301076,1909f56bfc062723c751e8b465ee728b)  -> (artifact id: '99dd30c1b3f5fc6e2e31f9af159e703e') in 0.013832 seconds 
Number of asset objects unloaded after import = 12
========================================================================
Received Import Request.
  Time since last request: 0.000011 seconds.
  path: Assets/PolygonWestern/Prefabs/Props/SM_Prop_Stick_01.prefab
  artifactKey: Guid(d25bf43e410e882499ae00b4bd486c10) Importer(815301076,1909f56bfc062723c751e8b465ee728b)
Number of updated assets reloaded before import = 0
Start importing Assets/PolygonWestern/Prefabs/Props/SM_Prop_Stick_01.prefab using Guid(d25bf43e410e882499ae00b4bd486c10) Importer(815301076,1909f56bfc062723c751e8b465ee728b)  -> (artifact id: 'db2830727e2e62781128779fe604943c') in 0.011633 seconds 
Number of asset objects unloaded after import = 12
========================================================================
Received Import Request.
  Time since last request: 0.000008 seconds.
  path: Assets/PolygonWestern/Prefabs/Props/SM_Prop_Shelf_01.prefab
  artifactKey: Guid(1aa60cc1b01496e49987a155c961f32e) Importer(815301076,1909f56bfc062723c751e8b465ee728b)
Number of updated assets reloaded before import = 0
Start importing Assets/PolygonWestern/Prefabs/Props/SM_Prop_Shelf_01.prefab using Guid(1aa60cc1b01496e49987a155c961f32e) Importer(815301076,1909f56bfc062723c751e8b465ee728b)  -> (artifact id: '5f52addb58fd542a5a0fc44a25a7255c') in 0.009859 seconds 
Number of asset objects unloaded after import = 16
========================================================================
Received Import Request.
  Time since last request: 0.000007 seconds.
  path: Assets/PolygonWestern/Prefabs/Props/SM_Prop_Bottle_05.prefab
  artifactKey: Guid(902302a87aac4484aa2ffbdb0a2fe6c3) Importer(815301076,1909f56bfc062723c751e8b465ee728b)
Number of updated assets reloaded before import = 0
Start importing Assets/PolygonWestern/Prefabs/Props/SM_Prop_Bottle_05.prefab using Guid(902302a87aac4484aa2ffbdb0a2fe6c3) Importer(815301076,1909f56bfc062723c751e8b465ee728b)  -> (artifact id: '21510987cac1c0edfc9395e2fd9bf664') in 0.010103 seconds 
Number of asset objects unloaded after import = 12
========================================================================
Received Import Request.
  Time since last request: 0.000007 seconds.
  path: Assets/PolygonWestern/Prefabs/Props/SM_Prop_Coffin_01.prefab
  artifactKey: Guid(e0d0943bc8fc8664cb244c9312993dc9) Importer(815301076,1909f56bfc062723c751e8b465ee728b)
Number of updated assets reloaded before import = 0
Start importing Assets/PolygonWestern/Prefabs/Props/SM_Prop_Coffin_01.prefab using Guid(e0d0943bc8fc8664cb244c9312993dc9) Importer(815301076,1909f56bfc062723c751e8b465ee728b)  -> (artifact id: '70ec07d627bd4f28fdc5264c2417af1e') in 0.010332 seconds 
Number of asset objects unloaded after import = 17
========================================================================
Received Import Request.
  Time since last request: 0.000007 seconds.
  path: Assets/PolygonWestern/Prefabs/Props/SM_Prop_Barrel_Broken_03.prefab
  artifactKey: Guid(4536ad16b3820f44f8d0bc060bda8029) Importer(815301076,1909f56bfc062723c751e8b465ee728b)
Number of updated assets reloaded before import = 0
Start importing Assets/PolygonWestern/Prefabs/Props/SM_Prop_Barrel_Broken_03.prefab using Guid(4536ad16b3820f44f8d0bc060bda8029) Importer(815301076,1909f56bfc062723c751e8b465ee728b)  -> (artifact id: '9d03e1f009bd060c549b7ce898838f87') in 0.010554 seconds 
Number of asset objects unloaded after import = 12
========================================================================
Received Import Request.
  Time since last request: 0.000007 seconds.
  path: Assets/PolygonWestern/Prefabs/Props/SM_Prop_Card_03.prefab
  artifactKey: Guid(23151c2be1dec934db1750d7f51f635b) Importer(815301076,1909f56bfc062723c751e8b465ee728b)
Number of updated assets reloaded before import = 0
Start importing Assets/PolygonWestern/Prefabs/Props/SM_Prop_Card_03.prefab using Guid(23151c2be1dec934db1750d7f51f635b) Importer(815301076,1909f56bfc062723c751e8b465ee728b)  -> (artifact id: '29118b410d92ea32f62d1365e2a31098') in 0.008905 seconds 
Number of asset objects unloaded after import = 10
========================================================================
Received Import Request.
  Time since last request: 0.000007 seconds.
  path: Assets/PolygonWestern/Prefabs/Props/SM_Prop_PokerTable_01.prefab
  artifactKey: Guid(0d728e5e944083c40b015cb1bb3dbd8a) Importer(815301076,1909f56bfc062723c751e8b465ee728b)
Number of updated assets reloaded before import = 0
Start importing Assets/PolygonWestern/Prefabs/Props/SM_Prop_PokerTable_01.prefab using Guid(0d728e5e944083c40b015cb1bb3dbd8a) Importer(815301076,1909f56bfc062723c751e8b465ee728b)  -> (artifact id: '1f3b134b93ff0aa30828aa075edb50ce') in 0.009783 seconds 
Number of asset objects unloaded after import = 14
========================================================================
Received Import Request.
  Time since last request: 0.000009 seconds.
  path: Assets/PolygonWestern/Prefabs/Props/SM_Prop_Bone_Cracked_01.prefab
  artifactKey: Guid(40c5cb02d6e246e4e96cbf1613255988) Importer(815301076,1909f56bfc062723c751e8b465ee728b)
Number of updated assets reloaded before import = 0
Start importing Assets/PolygonWestern/Prefabs/Props/SM_Prop_Bone_Cracked_01.prefab using Guid(40c5cb02d6e246e4e96cbf1613255988) Importer(815301076,1909f56bfc062723c751e8b465ee728b)  -> (artifact id: '224a7cc51a84f550c3c26707ade43d9c') in 0.009220 seconds 
Number of asset objects unloaded after import = 10
========================================================================
Received Import Request.
  Time since last request: 0.000010 seconds.
  path: Assets/PolygonWestern/Prefabs/Props/SM_Prop_Fur_Roll_02.prefab
  artifactKey: Guid(c925c4c821fdd754b82064509594bd6e) Importer(815301076,1909f56bfc062723c751e8b465ee728b)
Number of updated assets reloaded before import = 0
Start importing Assets/PolygonWestern/Prefabs/Props/SM_Prop_Fur_Roll_02.prefab using Guid(c925c4c821fdd754b82064509594bd6e) Importer(815301076,1909f56bfc062723c751e8b465ee728b)  -> (artifact id: 'e5a1a25c83585f0d4fe28e9c9554cfd3') in 0.010492 seconds 
Number of asset objects unloaded after import = 12
========================================================================
Received Import Request.
  Time since last request: 0.000009 seconds.
  path: Assets/PolygonWestern/Prefabs/Props/SM_Prop_Basket_06.prefab
  artifactKey: Guid(de0f3b9104090c946ad9618658327b12) Importer(815301076,1909f56bfc062723c751e8b465ee728b)
Number of updated assets reloaded before import = 0
Start importing Assets/PolygonWestern/Prefabs/Props/SM_Prop_Basket_06.prefab using Guid(de0f3b9104090c946ad9618658327b12) Importer(815301076,1909f56bfc062723c751e8b465ee728b)  -> (artifact id: '0f79fadf31b520a521a5a45c5942422d') in 0.010256 seconds 
Number of asset objects unloaded after import = 12
========================================================================
Received Import Request.
  Time since last request: 0.000008 seconds.
  path: Assets/PolygonWestern/Prefabs/Props/SM_Prop_Fur_Roll_03.prefab
  artifactKey: Guid(e35b608308de57746b8a7cea43fc068a) Importer(815301076,1909f56bfc062723c751e8b465ee728b)
Number of updated assets reloaded before import = 0
Start importing Assets/PolygonWestern/Prefabs/Props/SM_Prop_Fur_Roll_03.prefab using Guid(e35b608308de57746b8a7cea43fc068a) Importer(815301076,1909f56bfc062723c751e8b465ee728b)  -> (artifact id: '4559d968b366629e927648b2aa6bd6f5') in 0.010804 seconds 
Number of asset objects unloaded after import = 12
========================================================================
Received Import Request.
  Time since last request: 0.000008 seconds.
  path: Assets/PolygonWestern/Prefabs/Props/SM_Prop_Vegetables_Box_03.prefab
  artifactKey: Guid(ae6716148b78d9d4fbc289d950210aca) Importer(815301076,1909f56bfc062723c751e8b465ee728b)
Number of updated assets reloaded before import = 0
Start importing Assets/PolygonWestern/Prefabs/Props/SM_Prop_Vegetables_Box_03.prefab using Guid(ae6716148b78d9d4fbc289d950210aca) Importer(815301076,1909f56bfc062723c751e8b465ee728b)  -> (artifact id: 'c7ab1d0526ffc2a88f07a1c3caadb0fd') in 0.010875 seconds 
Number of asset objects unloaded after import = 12
========================================================================
Received Import Request.
  Time since last request: 0.000010 seconds.
  path: Assets/PolygonWestern/Prefabs/Props/SM_Prop_Bush_01.prefab
  artifactKey: Guid(45474d70eaa8bda4e9db7db645bc8642) Importer(815301076,1909f56bfc062723c751e8b465ee728b)
Number of updated assets reloaded before import = 0
Start importing Assets/PolygonWestern/Prefabs/Props/SM_Prop_Bush_01.prefab using Guid(45474d70eaa8bda4e9db7db645bc8642) Importer(815301076,1909f56bfc062723c751e8b465ee728b)  -> (artifact id: 'a048d3c93531f723301cfef70969971a') in 0.009632 seconds 
Number of asset objects unloaded after import = 10
========================================================================
Received Import Request.
  Time since last request: 0.000016 seconds.
  path: Assets/PolygonWestern/Prefabs/Props/SM_Prop_Pot_01.prefab
  artifactKey: Guid(abea6edae4ac4414b8be048581e94faf) Importer(815301076,1909f56bfc062723c751e8b465ee728b)
Number of updated assets reloaded before import = 0
Start importing Assets/PolygonWestern/Prefabs/Props/SM_Prop_Pot_01.prefab using Guid(abea6edae4ac4414b8be048581e94faf) Importer(815301076,1909f56bfc062723c751e8b465ee728b)  -> (artifact id: 'bcf773616e8bdf80cf7dfbde47081ea2') in 0.010417 seconds 
Number of asset objects unloaded after import = 12
========================================================================
Received Import Request.
  Time since last request: 0.000010 seconds.
  path: Assets/PolygonWestern/Prefabs/Props/SM_Prop_Tin_03.prefab
  artifactKey: Guid(7e070f3da6a37244f9646a2cd9460356) Importer(815301076,1909f56bfc062723c751e8b465ee728b)
Number of updated assets reloaded before import = 0
Start importing Assets/PolygonWestern/Prefabs/Props/SM_Prop_Tin_03.prefab using Guid(7e070f3da6a37244f9646a2cd9460356) Importer(815301076,1909f56bfc062723c751e8b465ee728b)  -> (artifact id: 'a83919c0ef0ce4453d539ac3870f3b5a') in 0.010348 seconds 
Number of asset objects unloaded after import = 12
========================================================================
Received Import Request.
  Time since last request: 0.000010 seconds.
  path: Assets/PolygonWestern/Prefabs/Props/SM_Prop_Table_Small_01.prefab
  artifactKey: Guid(1bc8081f15fad3c40b8ba4cf8159b224) Importer(815301076,1909f56bfc062723c751e8b465ee728b)
Number of updated assets reloaded before import = 0
Start importing Assets/PolygonWestern/Prefabs/Props/SM_Prop_Table_Small_01.prefab using Guid(1bc8081f15fad3c40b8ba4cf8159b224) Importer(815301076,1909f56bfc062723c751e8b465ee728b)  -> (artifact id: '14a35e974ee1d2d9cae0b2e0a2460397') in 0.010308 seconds 
Number of asset objects unloaded after import = 12
========================================================================
Received Import Request.
  Time since last request: 0.000008 seconds.
  path: Assets/PolygonWestern/Prefabs/Props/SM_Prop_Rope_02.prefab
  artifactKey: Guid(742052beb7ea9c545995c0b6c04d0742) Importer(815301076,1909f56bfc062723c751e8b465ee728b)
Number of updated assets reloaded before import = 0
Start importing Assets/PolygonWestern/Prefabs/Props/SM_Prop_Rope_02.prefab using Guid(742052beb7ea9c545995c0b6c04d0742) Importer(815301076,1909f56bfc062723c751e8b465ee728b)  -> (artifact id: 'f6d5bbac0413f813080b4589962bfcb5') in 0.011051 seconds 
Number of asset objects unloaded after import = 12
========================================================================
Received Import Request.
  Time since last request: 0.000010 seconds.
  path: Assets/PolygonWestern/Prefabs/Props/SM_Prop_Bottle_04.prefab
  artifactKey: Guid(1fd0ee1cec6d08941be2665d295b40aa) Importer(815301076,1909f56bfc062723c751e8b465ee728b)
Number of updated assets reloaded before import = 0
Start importing Assets/PolygonWestern/Prefabs/Props/SM_Prop_Bottle_04.prefab using Guid(1fd0ee1cec6d08941be2665d295b40aa) Importer(815301076,1909f56bfc062723c751e8b465ee728b)  -> (artifact id: '93864191a360dfc7c8be7ffe52dc4d76') in 0.010143 seconds 
Number of asset objects unloaded after import = 12
========================================================================
Received Import Request.
  Time since last request: 0.000008 seconds.
  path: Assets/PolygonWestern/Prefabs/Props/SM_Prop_Curtain_02.prefab
  artifactKey: Guid(e2c5c837b0d654841be2724400b8de36) Importer(815301076,1909f56bfc062723c751e8b465ee728b)
Number of updated assets reloaded before import = 0
Start importing Assets/PolygonWestern/Prefabs/Props/SM_Prop_Curtain_02.prefab using Guid(e2c5c837b0d654841be2724400b8de36) Importer(815301076,1909f56bfc062723c751e8b465ee728b)  -> (artifact id: 'bb2f46265ded4927771416496acc52b1') in 0.009768 seconds 
Number of asset objects unloaded after import = 12
========================================================================
Received Import Request.
  Time since last request: 0.000014 seconds.
  path: Assets/PolygonWestern/Prefabs/Props/SM_Prop_Poker_Chip_02.prefab
  artifactKey: Guid(155cb2392aa96084ba9b307e4d0f95e2) Importer(815301076,1909f56bfc062723c751e8b465ee728b)
Number of updated assets reloaded before import = 0
Start importing Assets/PolygonWestern/Prefabs/Props/SM_Prop_Poker_Chip_02.prefab using Guid(155cb2392aa96084ba9b307e4d0f95e2) Importer(815301076,1909f56bfc062723c751e8b465ee728b)  -> (artifact id: 'db9d1d3669f53ec5043606b1ef0285ed') in 0.009939 seconds 
Number of asset objects unloaded after import = 12
========================================================================
Received Import Request.
  Time since last request: 0.000008 seconds.
  path: Assets/PolygonWestern/Prefabs/Props/SM_Prop_Church_Pew_01.prefab
  artifactKey: Guid(2bd0f02057b18a54b89fc047ec604767) Importer(815301076,1909f56bfc062723c751e8b465ee728b)
Number of updated assets reloaded before import = 0
Start importing Assets/PolygonWestern/Prefabs/Props/SM_Prop_Church_Pew_01.prefab using Guid(2bd0f02057b18a54b89fc047ec604767) Importer(815301076,1909f56bfc062723c751e8b465ee728b)  -> (artifact id: 'e66c000a92e9a25f491905e2ba65f87c') in 0.010446 seconds 
Number of asset objects unloaded after import = 18
========================================================================
Received Import Request.
  Time since last request: 0.000010 seconds.
  path: Assets/PolygonWestern/Prefabs/Props/SM_Prop_Bottle_Broken_04.prefab
  artifactKey: Guid(7aa3b5b86753c6b41b8545e1743a3f13) Importer(815301076,1909f56bfc062723c751e8b465ee728b)
Number of updated assets reloaded before import = 0
Start importing Assets/PolygonWestern/Prefabs/Props/SM_Prop_Bottle_Broken_04.prefab using Guid(7aa3b5b86753c6b41b8545e1743a3f13) Importer(815301076,1909f56bfc062723c751e8b465ee728b)  -> (artifact id: '5b2fa59e255a1d8348f70c826f89d6a9') in 0.009799 seconds 
Number of asset objects unloaded after import = 12
========================================================================
Received Import Request.
  Time since last request: 0.000008 seconds.
  path: Assets/PolygonWestern/Prefabs/Props/SM_Prop_GoldBar_01.prefab
  artifactKey: Guid(a6dab281240c0aa469f73471d565fec1) Importer(815301076,1909f56bfc062723c751e8b465ee728b)
Number of updated assets reloaded before import = 0
Start importing Assets/PolygonWestern/Prefabs/Props/SM_Prop_GoldBar_01.prefab using Guid(a6dab281240c0aa469f73471d565fec1) Importer(815301076,1909f56bfc062723c751e8b465ee728b)  -> (artifact id: '1f5e96a03f82eb92a757fb8e5f3c2e2d') in 0.009721 seconds 
Number of asset objects unloaded after import = 12
========================================================================
Received Import Request.
  Time since last request: 0.000008 seconds.
  path: Assets/PolygonWestern/Prefabs/Props/SM_Prop_Basket_04.prefab
  artifactKey: Guid(fdc33394ad17377469a33f067c8841f2) Importer(815301076,1909f56bfc062723c751e8b465ee728b)
Number of updated assets reloaded before import = 0
Start importing Assets/PolygonWestern/Prefabs/Props/SM_Prop_Basket_04.prefab using Guid(fdc33394ad17377469a33f067c8841f2) Importer(815301076,1909f56bfc062723c751e8b465ee728b)  -> (artifact id: 'dc80d2056f539a6cb3097840df4edc05') in 0.011600 seconds 
Number of asset objects unloaded after import = 12
========================================================================
Received Import Request.
  Time since last request: 0.000008 seconds.
  path: Assets/PolygonWestern/Prefabs/Props/SM_Prop_Ladder_01.prefab
  artifactKey: Guid(77c71902fab40354db75b533794d3b4b) Importer(815301076,1909f56bfc062723c751e8b465ee728b)
Number of updated assets reloaded before import = 0
Start importing Assets/PolygonWestern/Prefabs/Props/SM_Prop_Ladder_01.prefab using Guid(77c71902fab40354db75b533794d3b4b) Importer(815301076,1909f56bfc062723c751e8b465ee728b)  -> (artifact id: '982fd37a3058c4fbc074a92ba2f93890') in 0.010964 seconds 
Number of asset objects unloaded after import = 12
========================================================================
Received Import Request.
  Time since last request: 0.000009 seconds.
  path: Assets/PolygonWestern/Prefabs/Props/SM_Prop_Barrel_02.prefab
  artifactKey: Guid(879a8d323fc98e145966106e9d2018a3) Importer(815301076,1909f56bfc062723c751e8b465ee728b)
Number of updated assets reloaded before import = 0
Start importing Assets/PolygonWestern/Prefabs/Props/SM_Prop_Barrel_02.prefab using Guid(879a8d323fc98e145966106e9d2018a3) Importer(815301076,1909f56bfc062723c751e8b465ee728b)  -> (artifact id: 'a0e35ea38cd63991e0b52139ff22652b') in 0.010642 seconds 
Number of asset objects unloaded after import = 12
========================================================================
Received Import Request.
  Time since last request: 0.000008 seconds.
  path: Assets/PolygonWestern/Prefabs/Props/SM_Prop_CartWheel_01.prefab
  artifactKey: Guid(374dab7bf8d35714d995d7ae3744728b) Importer(815301076,1909f56bfc062723c751e8b465ee728b)
Number of updated assets reloaded before import = 0
Start importing Assets/PolygonWestern/Prefabs/Props/SM_Prop_CartWheel_01.prefab using Guid(374dab7bf8d35714d995d7ae3744728b) Importer(815301076,1909f56bfc062723c751e8b465ee728b)  -> (artifact id: 'dd50ae81576c2a7c0f4c20c9195bea3b') in 0.009610 seconds 
Number of asset objects unloaded after import = 12
========================================================================
Received Import Request.
  Time since last request: 0.000011 seconds.
  path: Assets/PolygonWestern/Prefabs/Props/SM_Prop_Hay_Bale_01.prefab
  artifactKey: Guid(611cba82a9d438945b55ca350ba69413) Importer(815301076,1909f56bfc062723c751e8b465ee728b)
Number of updated assets reloaded before import = 0
Start importing Assets/PolygonWestern/Prefabs/Props/SM_Prop_Hay_Bale_01.prefab using Guid(611cba82a9d438945b55ca350ba69413) Importer(815301076,1909f56bfc062723c751e8b465ee728b)  -> (artifact id: 'bebc6b65b82521eb8b01eb5471bb0f5e') in 0.012040 seconds 
Number of asset objects unloaded after import = 12
========================================================================
Received Import Request.
  Time since last request: 0.000008 seconds.
  path: Assets/PolygonWestern/Prefabs/Props/SM_Prop_MessageBoard.prefab
  artifactKey: Guid(0c5cfbad2d3e92549b7460cfed73db2f) Importer(815301076,1909f56bfc062723c751e8b465ee728b)
Number of updated assets reloaded before import = 0
Start importing Assets/PolygonWestern/Prefabs/Props/SM_Prop_MessageBoard.prefab using Guid(0c5cfbad2d3e92549b7460cfed73db2f) Importer(815301076,1909f56bfc062723c751e8b465ee728b)  -> (artifact id: '9874f76b7035fa67c3fbbf9b1de2f60b') in 0.010860 seconds 
Number of asset objects unloaded after import = 11
========================================================================
Received Import Request.
  Time since last request: 0.000008 seconds.
  path: Assets/PolygonWestern/Prefabs/Props/SM_Prop_Rope_Hanging_01.prefab
  artifactKey: Guid(db875b05089475e47b091a22485c648a) Importer(815301076,1909f56bfc062723c751e8b465ee728b)
Number of updated assets reloaded before import = 0
Start importing Assets/PolygonWestern/Prefabs/Props/SM_Prop_Rope_Hanging_01.prefab using Guid(db875b05089475e47b091a22485c648a) Importer(815301076,1909f56bfc062723c751e8b465ee728b)  -> (artifact id: '300d4db3e48c575f38d73ccaf6a83eff') in 0.012138 seconds 
Number of asset objects unloaded after import = 14
========================================================================
Received Import Request.
  Time since last request: 0.000010 seconds.
  path: Assets/PolygonWestern/Prefabs/Props/SM_Prop_Vault_01.prefab
  artifactKey: Guid(feeb4ccf84d811a42afeb832b1cd8ebf) Importer(815301076,1909f56bfc062723c751e8b465ee728b)
Number of updated assets reloaded before import = 0
Start importing Assets/PolygonWestern/Prefabs/Props/SM_Prop_Vault_01.prefab using Guid(feeb4ccf84d811a42afeb832b1cd8ebf) Importer(815301076,1909f56bfc062723c751e8b465ee728b)  -> (artifact id: '72afb3ce73729a141b13d25fe86f6ee9') in 0.010676 seconds 
Number of asset objects unloaded after import = 17
========================================================================
Received Import Request.
  Time since last request: 0.000013 seconds.
  path: Assets/PolygonWestern/Prefabs/Props/SM_Prop_Bone_Cracked_02.prefab
  artifactKey: Guid(2d7805e20e1611f478be32b738531fe7) Importer(815301076,1909f56bfc062723c751e8b465ee728b)
Number of updated assets reloaded before import = 0
Start importing Assets/PolygonWestern/Prefabs/Props/SM_Prop_Bone_Cracked_02.prefab using Guid(2d7805e20e1611f478be32b738531fe7) Importer(815301076,1909f56bfc062723c751e8b465ee728b)  -> (artifact id: '82f315767ef2cc7d636c566ac97ebfb8') in 0.010182 seconds 
Number of asset objects unloaded after import = 10
========================================================================
Received Import Request.
  Time since last request: 0.000007 seconds.
  path: Assets/PolygonWestern/Prefabs/Props/SM_Prop_Map_02.prefab
  artifactKey: Guid(cd4d804b4d75f7b41bb2e324760b8f23) Importer(815301076,1909f56bfc062723c751e8b465ee728b)
Number of updated assets reloaded before import = 0
Start importing Assets/PolygonWestern/Prefabs/Props/SM_Prop_Map_02.prefab using Guid(cd4d804b4d75f7b41bb2e324760b8f23) Importer(815301076,1909f56bfc062723c751e8b465ee728b)  -> (artifact id: 'fef9cba72f0ed96e1494fcda401fdafc') in 0.010647 seconds 
Number of asset objects unloaded after import = 12
========================================================================
Received Import Request.
  Time since last request: 0.000009 seconds.
  path: Assets/PolygonWestern/Prefabs/Props/SM_Prop_Barrel_Half_01.prefab
  artifactKey: Guid(3404b380759a4fe4d95fc9e046fdf8d9) Importer(815301076,1909f56bfc062723c751e8b465ee728b)
Number of updated assets reloaded before import = 0
Start importing Assets/PolygonWestern/Prefabs/Props/SM_Prop_Barrel_Half_01.prefab using Guid(3404b380759a4fe4d95fc9e046fdf8d9) Importer(815301076,1909f56bfc062723c751e8b465ee728b)  -> (artifact id: '93b1b62bf2a00daa84fa01fc562e63d3') in 0.011152 seconds 
Number of asset objects unloaded after import = 12
========================================================================
Received Import Request.
  Time since last request: 0.000007 seconds.
  path: Assets/PolygonWestern/Prefabs/Props/SM_Prop_Sack_02.prefab
  artifactKey: Guid(83bae42c741c19c47957f524c48aae0b) Importer(815301076,1909f56bfc062723c751e8b465ee728b)
Number of updated assets reloaded before import = 0
Start importing Assets/PolygonWestern/Prefabs/Props/SM_Prop_Sack_02.prefab using Guid(83bae42c741c19c47957f524c48aae0b) Importer(815301076,1909f56bfc062723c751e8b465ee728b)  -> (artifact id: '8827cca7a1d50594b8ece7e2c4f9179f') in 0.011257 seconds 
Number of asset objects unloaded after import = 12
========================================================================
Received Import Request.
  Time since last request: 0.000008 seconds.
  path: Assets/PolygonWestern/Prefabs/Props/SM_Prop_Candle_01.prefab
  artifactKey: Guid(d76ed845dcade7a4fb57b74ecf0e0854) Importer(815301076,1909f56bfc062723c751e8b465ee728b)
Number of updated assets reloaded before import = 0
Start importing Assets/PolygonWestern/Prefabs/Props/SM_Prop_Candle_01.prefab using Guid(d76ed845dcade7a4fb57b74ecf0e0854) Importer(815301076,1909f56bfc062723c751e8b465ee728b)  -> (artifact id: 'de485ed6659075bdd47a72c524012e25') in 0.010368 seconds 
Number of asset objects unloaded after import = 10
========================================================================
Received Import Request.
  Time since last request: 0.000008 seconds.
  path: Assets/PolygonWestern/Prefabs/Props/SM_Prop_Suitcase_02.prefab
  artifactKey: Guid(3d52ec66d27ee224e8b89794093d1b60) Importer(815301076,1909f56bfc062723c751e8b465ee728b)
Number of updated assets reloaded before import = 0
Start importing Assets/PolygonWestern/Prefabs/Props/SM_Prop_Suitcase_02.prefab using Guid(3d52ec66d27ee224e8b89794093d1b60) Importer(815301076,1909f56bfc062723c751e8b465ee728b)  -> (artifact id: 'e79ad8d89902030634379523d0cc5bd0') in 0.010177 seconds 
Number of asset objects unloaded after import = 18
========================================================================
Received Import Request.
  Time since last request: 0.000008 seconds.
  path: Assets/PolygonWestern/Prefabs/Props/SM_Prop_Cup_01.prefab
  artifactKey: Guid(e3dc28775b6601d4db8b54c23e2cfcf7) Importer(815301076,1909f56bfc062723c751e8b465ee728b)
Number of updated assets reloaded before import = 0
Start importing Assets/PolygonWestern/Prefabs/Props/SM_Prop_Cup_01.prefab using Guid(e3dc28775b6601d4db8b54c23e2cfcf7) Importer(815301076,1909f56bfc062723c751e8b465ee728b)  -> (artifact id: 'd47d303c012da8f86d00a736cf49b58f') in 0.009917 seconds 
Number of asset objects unloaded after import = 12
========================================================================
Received Import Request.
  Time since last request: 0.000007 seconds.
  path: Assets/PolygonWestern/Prefabs/Props/SM_Prop_Wood_Pile_02.prefab
  artifactKey: Guid(b6949799c3251354a8c142ed6624ca37) Importer(815301076,1909f56bfc062723c751e8b465ee728b)
Number of updated assets reloaded before import = 0
Start importing Assets/PolygonWestern/Prefabs/Props/SM_Prop_Wood_Pile_02.prefab using Guid(b6949799c3251354a8c142ed6624ca37) Importer(815301076,1909f56bfc062723c751e8b465ee728b)  -> (artifact id: 'f8e2d4b675beaf2130f17c1ef8776503') in 0.012452 seconds 
Number of asset objects unloaded after import = 12
========================================================================
Received Import Request.
  Time since last request: 0.000007 seconds.
  path: Assets/PolygonWestern/Prefabs/Props/SM_Prop_Wood_Pile_01.prefab
  artifactKey: Guid(6f416ffcd7ea2e645860f64007a3fbd9) Importer(815301076,1909f56bfc062723c751e8b465ee728b)
Number of updated assets reloaded before import = 0
Start importing Assets/PolygonWestern/Prefabs/Props/SM_Prop_Wood_Pile_01.prefab using Guid(6f416ffcd7ea2e645860f64007a3fbd9) Importer(815301076,1909f56bfc062723c751e8b465ee728b)  -> (artifact id: '37cdf7e577ecbfb69f4ab647911ff127') in 0.009635 seconds 
Number of asset objects unloaded after import = 12
========================================================================
Received Import Request.
  Time since last request: 0.000008 seconds.
  path: Assets/PolygonWestern/Prefabs/Props/SM_Prop_Milk_Container_01.prefab
  artifactKey: Guid(2350092dab2555d48a660d5439d82826) Importer(815301076,1909f56bfc062723c751e8b465ee728b)
Number of updated assets reloaded before import = 0
Start importing Assets/PolygonWestern/Prefabs/Props/SM_Prop_Milk_Container_01.prefab using Guid(2350092dab2555d48a660d5439d82826) Importer(815301076,1909f56bfc062723c751e8b465ee728b)  -> (artifact id: 'd620bfe52e475155a1208bcb867e2c49') in 0.010563 seconds 
Number of asset objects unloaded after import = 12
========================================================================
Received Import Request.
  Time since last request: 0.000007 seconds.
  path: Assets/PolygonWestern/Prefabs/Props/SM_Prop_Sack_04.prefab
  artifactKey: Guid(9cf94d61f376c3d45a6de92e261e9ab1) Importer(815301076,1909f56bfc062723c751e8b465ee728b)
Number of updated assets reloaded before import = 0
Start importing Assets/PolygonWestern/Prefabs/Props/SM_Prop_Sack_04.prefab using Guid(9cf94d61f376c3d45a6de92e261e9ab1) Importer(815301076,1909f56bfc062723c751e8b465ee728b)  -> (artifact id: '951a172255aba4379685012e4302e48e') in 0.010393 seconds 
Number of asset objects unloaded after import = 12
========================================================================
Received Import Request.
  Time since last request: 0.000007 seconds.
  path: Assets/PolygonWestern/Prefabs/Props/SM_Prop_Basket_02.prefab
  artifactKey: Guid(bdeb838a363783a42a6989ddcc93ad42) Importer(815301076,1909f56bfc062723c751e8b465ee728b)
Number of updated assets reloaded before import = 0
Start importing Assets/PolygonWestern/Prefabs/Props/SM_Prop_Basket_02.prefab using Guid(bdeb838a363783a42a6989ddcc93ad42) Importer(815301076,1909f56bfc062723c751e8b465ee728b)  -> (artifact id: '2718b2c3219086ca18f0bd151a2158f2') in 0.010065 seconds 
Number of asset objects unloaded after import = 12
========================================================================
Received Import Request.
  Time since last request: 0.000008 seconds.
  path: Assets/PolygonWestern/Prefabs/Props/SM_Prop_Dresser_01.prefab
  artifactKey: Guid(e3b38814850fafc449f6c532329aa9e8) Importer(815301076,1909f56bfc062723c751e8b465ee728b)
Number of updated assets reloaded before import = 0
Start importing Assets/PolygonWestern/Prefabs/Props/SM_Prop_Dresser_01.prefab using Guid(e3b38814850fafc449f6c532329aa9e8) Importer(815301076,1909f56bfc062723c751e8b465ee728b)  -> (artifact id: 'c1eaeff1d252623de15273036796fc5d') in 0.009944 seconds 
Number of asset objects unloaded after import = 12
========================================================================
Received Import Request.
  Time since last request: 0.000008 seconds.
  path: Assets/PolygonWestern/Prefabs/Props/SM_Prop_Wood_Pile_03.prefab
  artifactKey: Guid(05204bd140330a849a3061b953000143) Importer(815301076,1909f56bfc062723c751e8b465ee728b)
Number of updated assets reloaded before import = 0
Start importing Assets/PolygonWestern/Prefabs/Props/SM_Prop_Wood_Pile_03.prefab using Guid(05204bd140330a849a3061b953000143) Importer(815301076,1909f56bfc062723c751e8b465ee728b)  -> (artifact id: 'bbc390468676ac9e941df08a52e86206') in 0.010354 seconds 
Number of asset objects unloaded after import = 12
========================================================================
Received Import Request.
  Time since last request: 0.000007 seconds.
  path: Assets/PolygonWestern/Prefabs/Props/SM_Prop_Card_01.prefab
  artifactKey: Guid(946ee38bfe231b94681215c020525f11) Importer(815301076,1909f56bfc062723c751e8b465ee728b)
Number of updated assets reloaded before import = 0
Start importing Assets/PolygonWestern/Prefabs/Props/SM_Prop_Card_01.prefab using Guid(946ee38bfe231b94681215c020525f11) Importer(815301076,1909f56bfc062723c751e8b465ee728b)  -> (artifact id: 'fd76498ccf719a6d8665a8114e4fe509') in 0.009148 seconds 
Number of asset objects unloaded after import = 10
========================================================================
Received Import Request.
  Time since last request: 0.000008 seconds.
  path: Assets/PolygonWestern/Prefabs/Props/SM_Prop_HitchingPost_01.prefab
  artifactKey: Guid(4cc83654552e4a44d8e806ac44a804b9) Importer(815301076,1909f56bfc062723c751e8b465ee728b)
Number of updated assets reloaded before import = 0
Start importing Assets/PolygonWestern/Prefabs/Props/SM_Prop_HitchingPost_01.prefab using Guid(4cc83654552e4a44d8e806ac44a804b9) Importer(815301076,1909f56bfc062723c751e8b465ee728b)  -> (artifact id: '6d5ab5cd77207f440dc22fcc0b9ea563') in 0.011486 seconds 
Number of asset objects unloaded after import = 16
========================================================================
Received Import Request.
  Time since last request: 0.000008 seconds.
  path: Assets/PolygonWestern/Prefabs/Props/SM_Prop_Stool_01.prefab
  artifactKey: Guid(df290cb0c27211d4e88cbf60ec15171f) Importer(815301076,1909f56bfc062723c751e8b465ee728b)
Number of updated assets reloaded before import = 0
Start importing Assets/PolygonWestern/Prefabs/Props/SM_Prop_Stool_01.prefab using Guid(df290cb0c27211d4e88cbf60ec15171f) Importer(815301076,1909f56bfc062723c751e8b465ee728b)  -> (artifact id: '833e98faf465a11d20dfd0b5d2c6231d') in 0.009804 seconds 
Number of asset objects unloaded after import = 12
========================================================================
Received Import Request.
  Time since last request: 0.000008 seconds.
  path: Assets/PolygonWestern/Prefabs/Props/SM_Prop_Lantern_02.prefab
  artifactKey: Guid(6920950a0cb5f514b9e0e34181da7322) Importer(815301076,1909f56bfc062723c751e8b465ee728b)
Number of updated assets reloaded before import = 0
Start importing Assets/PolygonWestern/Prefabs/Props/SM_Prop_Lantern_02.prefab using Guid(6920950a0cb5f514b9e0e34181da7322) Importer(815301076,1909f56bfc062723c751e8b465ee728b)  -> (artifact id: '12df16415f97b02e2effd568d1608f20') in 0.011678 seconds 
Number of asset objects unloaded after import = 16
========================================================================
Received Import Request.
  Time since last request: 0.000010 seconds.
  path: Assets/PolygonWestern/Prefabs/Props/SM_Prop_Basket_05.prefab
  artifactKey: Guid(fb98f7232220ac74eb5cae7d24bc7cfb) Importer(815301076,1909f56bfc062723c751e8b465ee728b)
Number of updated assets reloaded before import = 0
Start importing Assets/PolygonWestern/Prefabs/Props/SM_Prop_Basket_05.prefab using Guid(fb98f7232220ac74eb5cae7d24bc7cfb) Importer(815301076,1909f56bfc062723c751e8b465ee728b)  -> (artifact id: '072f7af313ee5fd72b4f66cb1460d93e') in 0.010436 seconds 
Number of asset objects unloaded after import = 12
========================================================================
Received Import Request.
  Time since last request: 0.000014 seconds.
  path: Assets/PolygonWestern/Prefabs/Props/SM_Prop_Vegetables_Box_04.prefab
  artifactKey: Guid(6e48720e2686baf4b9170b824aaedf0e) Importer(815301076,1909f56bfc062723c751e8b465ee728b)
Number of updated assets reloaded before import = 0
Start importing Assets/PolygonWestern/Prefabs/Props/SM_Prop_Vegetables_Box_04.prefab using Guid(6e48720e2686baf4b9170b824aaedf0e) Importer(815301076,1909f56bfc062723c751e8b465ee728b)  -> (artifact id: 'ef288173b829f0180ab481e8ce440251') in 0.010141 seconds 
Number of asset objects unloaded after import = 12
========================================================================
Received Import Request.
  Time since last request: 9.317880 seconds.
  path: Assets/PolygonWestern/Prefabs/Buildings/SM_Bld_Double_01.prefab
  artifactKey: Guid(44d45006c18956440860490fe26eddfe) Importer(815301076,1909f56bfc062723c751e8b465ee728b)
Number of updated assets reloaded before import = 0
Start importing Assets/PolygonWestern/Prefabs/Buildings/SM_Bld_Double_01.prefab using Guid(44d45006c18956440860490fe26eddfe) Importer(815301076,1909f56bfc062723c751e8b465ee728b)  -> (artifact id: '0c38be23d10d3dd8f4f2cb0b582837dd') in 0.009951 seconds 
Number of asset objects unloaded after import = 21
========================================================================
Received Import Request.
  Time since last request: 0.000008 seconds.
  path: Assets/PolygonWestern/Prefabs/Buildings/SM_Bld_Double_Preset_01.prefab
  artifactKey: Guid(e2b5710c2fb3e164d88c4dc1bbf7f857) Importer(815301076,1909f56bfc062723c751e8b465ee728b)
Number of updated assets reloaded before import = 0
Start importing Assets/PolygonWestern/Prefabs/Buildings/SM_Bld_Double_Preset_01.prefab using Guid(e2b5710c2fb3e164d88c4dc1bbf7f857) Importer(815301076,1909f56bfc062723c751e8b465ee728b)  -> (artifact id: 'e96b9a70eb0b9f436178ed5ef1e54b52') in 0.044424 seconds 
Number of asset objects unloaded after import = 131
========================================================================
Received Import Request.
  Time since last request: 0.000009 seconds.
  path: Assets/PolygonWestern/Prefabs/Buildings/SM_Bld_Tower_01.prefab
  artifactKey: Guid(f25c27b7a1bf7b749aafe3e69b5fce44) Importer(815301076,1909f56bfc062723c751e8b465ee728b)
Number of updated assets reloaded before import = 0
Start importing Assets/PolygonWestern/Prefabs/Buildings/SM_Bld_Tower_01.prefab using Guid(f25c27b7a1bf7b749aafe3e69b5fce44) Importer(815301076,1909f56bfc062723c751e8b465ee728b)  -> (artifact id: '06fbd53f5eabb2bc81bfb6218dc5689e') in 0.014156 seconds 
Number of asset objects unloaded after import = 12
========================================================================
Received Import Request.
  Time since last request: 0.000011 seconds.
  path: Assets/PolygonWestern/Prefabs/Buildings/SM_Bld_Single_Roof_01.prefab
  artifactKey: Guid(23dfd6d5027c9ff45966ec78c618e8c0) Importer(815301076,1909f56bfc062723c751e8b465ee728b)
Number of updated assets reloaded before import = 0
Start importing Assets/PolygonWestern/Prefabs/Buildings/SM_Bld_Single_Roof_01.prefab using Guid(23dfd6d5027c9ff45966ec78c618e8c0) Importer(815301076,1909f56bfc062723c751e8b465ee728b)  -> (artifact id: '2ade67580017140dcd389ba85ce3301b') in 0.012392 seconds 
Number of asset objects unloaded after import = 12
========================================================================
Received Import Request.
  Time since last request: 0.000014 seconds.
  path: Assets/PolygonWestern/Prefabs/Buildings/SM_Bld_Double_Facade_01.prefab
  artifactKey: Guid(17351a677b469f84cb31bc2b93477118) Importer(815301076,1909f56bfc062723c751e8b465ee728b)
Number of updated assets reloaded before import = 0
Start importing Assets/PolygonWestern/Prefabs/Buildings/SM_Bld_Double_Facade_01.prefab using Guid(17351a677b469f84cb31bc2b93477118) Importer(815301076,1909f56bfc062723c751e8b465ee728b)  -> (artifact id: 'ebde4b526adfa7393ea7f37b1797f696') in 0.010756 seconds 
Number of asset objects unloaded after import = 12
========================================================================
Received Import Request.
  Time since last request: 0.000008 seconds.
  path: Assets/PolygonWestern/Prefabs/Buildings/SM_Bld_Single_Front_04.prefab
  artifactKey: Guid(743c60e622805504b94b1d671a28f89b) Importer(815301076,1909f56bfc062723c751e8b465ee728b)
Number of updated assets reloaded before import = 0
Start importing Assets/PolygonWestern/Prefabs/Buildings/SM_Bld_Single_Front_04.prefab using Guid(743c60e622805504b94b1d671a28f89b) Importer(815301076,1909f56bfc062723c751e8b465ee728b)  -> (artifact id: '3238e4321a20eab019f2df8aeaf4b612') in 0.010724 seconds 
Number of asset objects unloaded after import = 17
========================================================================
Received Import Request.
  Time since last request: 0.000008 seconds.
  path: Assets/PolygonWestern/Prefabs/Buildings/SM_Bld_Single_DeckCover_01.prefab
  artifactKey: Guid(eb49753aa43f0cc44acd944850eb9641) Importer(815301076,1909f56bfc062723c751e8b465ee728b)
Number of updated assets reloaded before import = 0
Start importing Assets/PolygonWestern/Prefabs/Buildings/SM_Bld_Single_DeckCover_01.prefab using Guid(eb49753aa43f0cc44acd944850eb9641) Importer(815301076,1909f56bfc062723c751e8b465ee728b)  -> (artifact id: '5522197eeaf7e5092024da7dcc8bb3c0') in 0.009775 seconds 
Number of asset objects unloaded after import = 12
========================================================================
Received Import Request.
  Time since last request: 0.000007 seconds.
  path: Assets/PolygonWestern/Prefabs/Buildings/SM_Bld_Double_Balcony_Stairs_01.prefab
  artifactKey: Guid(93c99d27d45a1f54a841eef496994a1a) Importer(815301076,1909f56bfc062723c751e8b465ee728b)
Number of updated assets reloaded before import = 0
Start importing Assets/PolygonWestern/Prefabs/Buildings/SM_Bld_Double_Balcony_Stairs_01.prefab using Guid(93c99d27d45a1f54a841eef496994a1a) Importer(815301076,1909f56bfc062723c751e8b465ee728b)  -> (artifact id: '8befeffa1e28f81d54091c2792304622') in 0.009950 seconds 
Number of asset objects unloaded after import = 12
========================================================================
Received Import Request.
  Time since last request: 0.000008 seconds.
  path: Assets/PolygonWestern/Prefabs/Buildings/SM_Bld_Double_Deck_02.prefab
  artifactKey: Guid(1d6a6ff1a1439a340ac9350a70f1a24c) Importer(815301076,1909f56bfc062723c751e8b465ee728b)
Number of updated assets reloaded before import = 0
Start importing Assets/PolygonWestern/Prefabs/Buildings/SM_Bld_Double_Deck_02.prefab using Guid(1d6a6ff1a1439a340ac9350a70f1a24c) Importer(815301076,1909f56bfc062723c751e8b465ee728b)  -> (artifact id: 'b6919a932c3d93cc63a824de229d6a19') in 0.009932 seconds 
Number of asset objects unloaded after import = 11
========================================================================
Received Import Request.
  Time since last request: 0.000008 seconds.
  path: Assets/PolygonWestern/Prefabs/Buildings/SM_Bld_Double_Front_02.prefab
  artifactKey: Guid(caea527bb604c4241935bb2ef553f896) Importer(815301076,1909f56bfc062723c751e8b465ee728b)
Number of updated assets reloaded before import = 0
Start importing Assets/PolygonWestern/Prefabs/Buildings/SM_Bld_Double_Front_02.prefab using Guid(caea527bb604c4241935bb2ef553f896) Importer(815301076,1909f56bfc062723c751e8b465ee728b)  -> (artifact id: 'f708cbb66e956206b70b6f1e3fff2317') in 0.010665 seconds 
Number of asset objects unloaded after import = 17
========================================================================
Received Import Request.
  Time since last request: 0.000009 seconds.
  path: Assets/PolygonWestern/Prefabs/Buildings/SM_Bld_Double_Preset_02.prefab
  artifactKey: Guid(18e4227b9e5501848bdbb19c1a17523c) Importer(815301076,1909f56bfc062723c751e8b465ee728b)
Number of updated assets reloaded before import = 0
Start importing Assets/PolygonWestern/Prefabs/Buildings/SM_Bld_Double_Preset_02.prefab using Guid(18e4227b9e5501848bdbb19c1a17523c) Importer(815301076,1909f56bfc062723c751e8b465ee728b)  -> (artifact id: '5cca4f8621d712ecce9aaef1b23d143f') in 0.024290 seconds 
Number of asset objects unloaded after import = 137
========================================================================
Received Import Request.
  Time since last request: 0.000009 seconds.
  path: Assets/PolygonWestern/Prefabs/Buildings/SM_Bld_Fence_02.prefab
  artifactKey: Guid(14fe2334655920c41b766609db0e8e79) Importer(815301076,1909f56bfc062723c751e8b465ee728b)
Number of updated assets reloaded before import = 0
Start importing Assets/PolygonWestern/Prefabs/Buildings/SM_Bld_Fence_02.prefab using Guid(14fe2334655920c41b766609db0e8e79) Importer(815301076,1909f56bfc062723c751e8b465ee728b)  -> (artifact id: 'ce2dd3a8204d9c35df493a8e4313ad05') in 0.009108 seconds 
Number of asset objects unloaded after import = 11
========================================================================
Received Import Request.
  Time since last request: 0.000009 seconds.
  path: Assets/PolygonWestern/Prefabs/Buildings/SM_Bld_Stairs_03.prefab
  artifactKey: Guid(388a18d26f6a46e43970880ab38f6758) Importer(815301076,1909f56bfc062723c751e8b465ee728b)
Number of updated assets reloaded before import = 0
Start importing Assets/PolygonWestern/Prefabs/Buildings/SM_Bld_Stairs_03.prefab using Guid(388a18d26f6a46e43970880ab38f6758) Importer(815301076,1909f56bfc062723c751e8b465ee728b)  -> (artifact id: 'd76b9d8dcbbc158084f0ba335d5414c3') in 0.010175 seconds 
Number of asset objects unloaded after import = 12
========================================================================
Received Import Request.
  Time since last request: 0.000009 seconds.
  path: Assets/PolygonWestern/Prefabs/Buildings/SM_Bld_Double_Facade_03.prefab
  artifactKey: Guid(829364ba9dcc15142b4a86b0b8c84237) Importer(815301076,1909f56bfc062723c751e8b465ee728b)
Number of updated assets reloaded before import = 0
Start importing Assets/PolygonWestern/Prefabs/Buildings/SM_Bld_Double_Facade_03.prefab using Guid(829364ba9dcc15142b4a86b0b8c84237) Importer(815301076,1909f56bfc062723c751e8b465ee728b)  -> (artifact id: '9aeedb81ce5d8321fefe4761f509e549') in 0.009921 seconds 
Number of asset objects unloaded after import = 12
========================================================================
Received Import Request.
  Time since last request: 0.000009 seconds.
  path: Assets/PolygonWestern/Prefabs/Buildings/SM_Bld_TowerClock_01.prefab
  artifactKey: Guid(e402d26800333924eab81cfc49444ac1) Importer(815301076,1909f56bfc062723c751e8b465ee728b)
Number of updated assets reloaded before import = 0
Start importing Assets/PolygonWestern/Prefabs/Buildings/SM_Bld_TowerClock_01.prefab using Guid(e402d26800333924eab81cfc49444ac1) Importer(815301076,1909f56bfc062723c751e8b465ee728b)  -> (artifact id: '3a12f1e2c4a3f29ffb2b8869e8853f50') in 0.010131 seconds 
Number of asset objects unloaded after import = 22
========================================================================
Received Import Request.
  Time since last request: 0.000008 seconds.
  path: Assets/PolygonWestern/Prefabs/Buildings/SM_Bld_Single_Roof_02.prefab
  artifactKey: Guid(7ed56fac4f66fd04e929e5a4da2aa038) Importer(815301076,1909f56bfc062723c751e8b465ee728b)
Number of updated assets reloaded before import = 0
Start importing Assets/PolygonWestern/Prefabs/Buildings/SM_Bld_Single_Roof_02.prefab using Guid(7ed56fac4f66fd04e929e5a4da2aa038) Importer(815301076,1909f56bfc062723c751e8b465ee728b)  -> (artifact id: '7df9ca27fb529f48dc0e6455abcb786e') in 0.009810 seconds 
Number of asset objects unloaded after import = 12
========================================================================
Received Import Request.
  Time since last request: 0.000008 seconds.
  path: Assets/PolygonWestern/Prefabs/Buildings/SM_Bld_Stairs_01.prefab
  artifactKey: Guid(6030f1470716fd647a84adb4933d4518) Importer(815301076,1909f56bfc062723c751e8b465ee728b)
Number of updated assets reloaded before import = 0
Start importing Assets/PolygonWestern/Prefabs/Buildings/SM_Bld_Stairs_01.prefab using Guid(6030f1470716fd647a84adb4933d4518) Importer(815301076,1909f56bfc062723c751e8b465ee728b)  -> (artifact id: '742589547661136ef1282ae2b4b9b9a8') in 0.010800 seconds 
Number of asset objects unloaded after import = 12
========================================================================
Received Import Request.
  Time since last request: 0.000010 seconds.
  path: Assets/PolygonWestern/Prefabs/Buildings/SM_Bld_Single_Facade_04.prefab
  artifactKey: Guid(f0a2d0555798fcb4e8e37723ae88a02b) Importer(815301076,1909f56bfc062723c751e8b465ee728b)
Number of updated assets reloaded before import = 0
Start importing Assets/PolygonWestern/Prefabs/Buildings/SM_Bld_Single_Facade_04.prefab using Guid(f0a2d0555798fcb4e8e37723ae88a02b) Importer(815301076,1909f56bfc062723c751e8b465ee728b)  -> (artifact id: 'ddf4224ca82de0f52f634aad668bb45e') in 0.009778 seconds 
Number of asset objects unloaded after import = 12
========================================================================
Received Import Request.
  Time since last request: 0.000008 seconds.
  path: Assets/PolygonWestern/Prefabs/Buildings/SM_Bld_Shed_01.prefab
  artifactKey: Guid(76d3c1ce6daa38344a432667e1371635) Importer(815301076,1909f56bfc062723c751e8b465ee728b)
Number of updated assets reloaded before import = 0
Start importing Assets/PolygonWestern/Prefabs/Buildings/SM_Bld_Shed_01.prefab using Guid(76d3c1ce6daa38344a432667e1371635) Importer(815301076,1909f56bfc062723c751e8b465ee728b)  -> (artifact id: '39418c9242a8a77269140956e83621a1') in 0.011570 seconds 
Number of asset objects unloaded after import = 12
Editor requested this worker to shutdown with reason: Scaling down because of idle timeout
AssetImportWorker is now disconnected from the server
Process exiting
Exiting without the bug reporter. Application will terminate with return code 0