Using pre-set license
Built from '2021.3/staging' branch; Version is '2021.3.32f1 (3b9dae9532f5) revision 3906990'; Using compiler version '192829333'; Build Type 'Release'
OS: 'Windows 11  (10.0.26200) 64bit Professional' Language: 'cs' Physical Memory: 31905 MB
BatchMode: 1, IsHumanControllingUs: 0, StartBugReporterOnCrash: 0, Is64bit: 1, IsPro: 1

COMMAND LINE ARGUMENTS:
C:\Program Files\Unity\Hub\Editor\2021.3.32f1\Editor\Unity.exe
-adb2
-batchMode
-noUpm
-name
AssetImportWorker19
-projectPath
C:/Users/simon/Documents/GitHub/The-Last-Bounty/Wanted-Dead or alive
-logFile
Logs/AssetImportWorker19.log
-srvPort
61729
Successfully changed project path to: C:/Users/simon/Documents/GitHub/The-Last-Bounty/Wanted-Dead or alive
C:/Users/simon/Documents/GitHub/The-Last-Bounty/Wanted-Dead or alive
[UnityMemory] Configuration Parameters - Can be set up in boot.config
    "memorysetup-bucket-allocator-granularity=16"
    "memorysetup-bucket-allocator-bucket-count=8"
    "memorysetup-bucket-allocator-block-size=33554432"
    "memorysetup-bucket-allocator-block-count=8"
    "memorysetup-main-allocator-block-size=16777216"
    "memorysetup-thread-allocator-block-size=16777216"
    "memorysetup-gfx-main-allocator-block-size=16777216"
    "memorysetup-gfx-thread-allocator-block-size=16777216"
    "memorysetup-cache-allocator-block-size=4194304"
    "memorysetup-typetree-allocator-block-size=2097152"
    "memorysetup-profiler-bucket-allocator-granularity=16"
    "memorysetup-profiler-bucket-allocator-bucket-count=8"
    "memorysetup-profiler-bucket-allocator-block-size=33554432"
    "memorysetup-profiler-bucket-allocator-block-count=8"
    "memorysetup-profiler-allocator-block-size=16777216"
    "memorysetup-profiler-editor-allocator-block-size=1048576"
    "memorysetup-temp-allocator-size-main=16777216"
    "memorysetup-job-temp-allocator-block-size=2097152"
    "memorysetup-job-temp-allocator-block-size-background=1048576"
    "memorysetup-job-temp-allocator-reduction-small-platforms=262144"
    "memorysetup-temp-allocator-size-background-worker=32768"
    "memorysetup-temp-allocator-size-job-worker=262144"
    "memorysetup-temp-allocator-size-preload-manager=33554432"
    "memorysetup-temp-allocator-size-nav-mesh-worker=65536"
    "memorysetup-temp-allocator-size-audio-worker=65536"
    "memorysetup-temp-allocator-size-cloud-worker=32768"
    "memorysetup-temp-allocator-size-gi-baking-worker=262144"
    "memorysetup-temp-allocator-size-gfx=262144"
Player connection [38244] Host "[IP] 192.168.0.167 [Port] 0 [Flags] 2 [Guid] 3180345806 [EditorId] 3180345806 [Version] 1048832 [Id] WindowsEditor(7,Simon) [Debug] 1 [PackageName] WindowsEditor [ProjectName] Editor" joined multi-casting on [225.0.0.222:54997]...

Player connection [38244] Host "[IP] 192.168.0.167 [Port] 0 [Flags] 2 [Guid] 3180345806 [EditorId] 3180345806 [Version] 1048832 [Id] WindowsEditor(7,Simon) [Debug] 1 [PackageName] WindowsEditor [ProjectName] Editor" joined alternative multi-casting on [225.0.0.222:34997]...

[Physics::Module] Initialized MultithreadedJobDispatcher with {0} workers.
Refreshing native plugins compatible for Editor in 80.95 ms, found 3 plugins.
Preloading 0 native plugins for Editor in 0.00 ms.
Initialize engine version: 2021.3.32f1 (3b9dae9532f5)
[Subsystems] Discovering subsystems at path C:/Program Files/Unity/Hub/Editor/2021.3.32f1/Editor/Data/Resources/UnitySubsystems
[Subsystems] Discovering subsystems at path C:/Users/simon/Documents/GitHub/The-Last-Bounty/Wanted-Dead or alive/Assets
GfxDevice: creating device client; threaded=0; jobified=0
Direct3D:
    Version:  Direct3D 11.0 [level 11.1]
    Renderer: AMD Radeon RX 9070 XT (ID=0x7550)
    Vendor:   ATI
    VRAM:     16200 MB
    Driver:   32.0.23027.2005
Initialize mono
Mono path[0] = 'C:/Program Files/Unity/Hub/Editor/2021.3.32f1/Editor/Data/Managed'
Mono path[1] = 'C:/Program Files/Unity/Hub/Editor/2021.3.32f1/Editor/Data/MonoBleedingEdge/lib/mono/unityjit-win32'
Mono config path = 'C:/Program Files/Unity/Hub/Editor/2021.3.32f1/Editor/Data/MonoBleedingEdge/etc'
Using monoOptions --debugger-agent=transport=dt_socket,embedding=1,server=y,suspend=n,address=127.0.0.1:56640
Begin MonoManager ReloadAssembly
Registering precompiled unity dll's ...
Register platform support module: C:/Program Files/Unity/Hub/Editor/2021.3.32f1/Editor/Data/PlaybackEngines/WindowsStandaloneSupport/UnityEditor.WindowsStandalone.Extensions.dll
Registered in 0.012006 seconds.
Native extension for WindowsStandalone target not found
Refreshing native plugins compatible for Editor in 66.85 ms, found 3 plugins.
Preloading 0 native plugins for Editor in 0.00 ms.
Mono: successfully reloaded assembly
- Completed reload, in  0.455 seconds
Domain Reload Profiling:
	ReloadAssembly (455ms)
		BeginReloadAssembly (95ms)
			ExecutionOrderSort (0ms)
			DisableScriptedObjects (0ms)
			BackupInstance (0ms)
			ReleaseScriptingObjects (0ms)
			CreateAndSetChildDomain (0ms)
		EndReloadAssembly (283ms)
			LoadAssemblies (91ms)
			RebuildTransferFunctionScriptingTraits (0ms)
			SetupTypeCache (55ms)
			ReleaseScriptCaches (0ms)
			RebuildScriptCaches (14ms)
			SetupLoadedEditorAssemblies (184ms)
				LogAssemblyErrors (0ms)
				InitializePlatformSupportModulesInManaged (7ms)
				SetLoadedEditorAssemblies (0ms)
				RefreshPlugins (67ms)
				BeforeProcessingInitializeOnLoad (1ms)
				ProcessInitializeOnLoadAttributes (81ms)
				ProcessInitializeOnLoadMethodAttributes (28ms)
				AfterProcessingInitializeOnLoad (0ms)
				EditorAssembliesLoaded (0ms)
			ExecutionOrderSort2 (0ms)
			AwakeInstancesAfterBackupRestoration (0ms)
Platform modules already initialized, skipping
Registering precompiled user dll's ...
Registered in 0.007754 seconds.
Begin MonoManager ReloadAssembly
Native extension for WindowsStandalone target not found
Refreshing native plugins compatible for Editor in 64.38 ms, found 3 plugins.
Preloading 0 native plugins for Editor in 0.00 ms.
Mono: successfully reloaded assembly
- Completed reload, in  0.846 seconds
Domain Reload Profiling:
	ReloadAssembly (846ms)
		BeginReloadAssembly (100ms)
			ExecutionOrderSort (0ms)
			DisableScriptedObjects (3ms)
			BackupInstance (0ms)
			ReleaseScriptingObjects (0ms)
			CreateAndSetChildDomain (11ms)
		EndReloadAssembly (671ms)
			LoadAssemblies (89ms)
			RebuildTransferFunctionScriptingTraits (0ms)
			SetupTypeCache (152ms)
			ReleaseScriptCaches (0ms)
			RebuildScriptCaches (28ms)
			SetupLoadedEditorAssemblies (406ms)
				LogAssemblyErrors (0ms)
				InitializePlatformSupportModulesInManaged (5ms)
				SetLoadedEditorAssemblies (0ms)
				RefreshPlugins (64ms)
				BeforeProcessingInitializeOnLoad (68ms)
				ProcessInitializeOnLoadAttributes (245ms)
				ProcessInitializeOnLoadMethodAttributes (11ms)
				AfterProcessingInitializeOnLoad (13ms)
				EditorAssembliesLoaded (0ms)
			ExecutionOrderSort2 (0ms)
			AwakeInstancesAfterBackupRestoration (4ms)
Platform modules already initialized, skipping
========================================================================
Worker process is ready to serve import requests
Launched and connected shader compiler UnityShaderCompiler.exe after 0.04 seconds
Refreshing native plugins compatible for Editor in 0.80 ms, found 3 plugins.
Preloading 0 native plugins for Editor in 0.00 ms.
Unloading 4074 Unused Serialized files (Serialized files now loaded: 0)
Unloading 60 unused Assets / (2.7 MB). Loaded Objects now: 4550.
Memory consumption went from 256.6 MB to 253.9 MB.
Total: 2.293700 ms (FindLiveObjects: 0.152600 ms CreateObjectMapping: 0.071700 ms MarkObjects: 1.723400 ms  DeleteObjects: 0.345600 ms)

AssetImportParameters requested are different than current active one (requested -> active):
  custom:video-decoder-ogg-theora: a1e56fd34408186e4bbccfd4996cb3dc -> 
  custom:container-muxer-webm: aa71ff27fc2769a1b78a27578f13a17b -> 
  custom:container-demuxer-webm: 4f35f7cbe854078d1ac9338744f61a02 -> 
  custom:video-encoder-webm-vp8: eb34c28f22e8b96e1ab97ce403110664 -> 
  custom:video-codec-MediaFoundation-h265: 746d11721c4dcdbdad8f713fa42b33f4 -> 
  custom:CustomObjectIndexerAttribute: bc11b3a6c3213fcdd17b65e7da85e133 -> 
  custom:audio-encoder-webm-vorbis: bf7c407c2cedff20999df2af8eb42d56 -> 
  custom:framework-win-MediaFoundation: 216162199b28c13a410421893ffa2e32 -> 
  custom:SearchIndexIgnoredProperties: e643bd26f0fe6173181afceb89e7c659 -> 
  custom:container-demuxer-ogg: 62fdf1f143b41e24485cea50d1cbac27 -> 
  custom:video-decoder-webm-vp8: 9c59270c3fd7afecdb556c50c9e8de78 -> 
  custom:audio-decoder-ogg-vorbis: bf7c407c2cedff20999df2af8eb42d56 -> 
========================================================================
Received Import Request.
  Time since last request: 390008.030685 seconds.
  path: Assets/PolygonNatureBiomes/PNB_Tropical_Jungle/Models/SM_Prop_Barrel_Broken_01.fbx
  artifactKey: Guid(11e5aa8ae41634943955262fb4b6dfdc) Importer(815301076,1909f56bfc062723c751e8b465ee728b)
Number of updated assets reloaded before import = 0
Start importing Assets/PolygonNatureBiomes/PNB_Tropical_Jungle/Models/SM_Prop_Barrel_Broken_01.fbx using Guid(11e5aa8ae41634943955262fb4b6dfdc) Importer(815301076,1909f56bfc062723c751e8b465ee728b)  -> (artifact id: '5534f16824ece36822eaf17d403c9d9e') in 0.102478 seconds 
Number of asset objects unloaded after import = 7
========================================================================
Received Import Request.
  Time since last request: 142.422722 seconds.
  path: Assets/Minigames/Shooting range/prefabs/BrokenBottle.prefab
  artifactKey: Guid(65852b6f7133eda4881e15622626aa78) Importer(815301076,1909f56bfc062723c751e8b465ee728b)
Number of updated assets reloaded before import = 0
Start importing Assets/Minigames/Shooting range/prefabs/BrokenBottle.prefab using Guid(65852b6f7133eda4881e15622626aa78) Importer(815301076,1909f56bfc062723c751e8b465ee728b)  -> (artifact id: '3806bc63fb6d66878a76d028b9ff8acf') in 0.018155 seconds 
Number of asset objects unloaded after import = 36
========================================================================
Received Import Request.
  Time since last request: 34.447327 seconds.
  path: Assets/PolygonWestern/Textures/PolygonWestern_Sign_02.png
  artifactKey: Guid(d56a166044d28314299592db4794a29f) Importer(815301076,1909f56bfc062723c751e8b465ee728b)
Number of updated assets reloaded before import = 0
Start importing Assets/PolygonWestern/Textures/PolygonWestern_Sign_02.png using Guid(d56a166044d28314299592db4794a29f) Importer(815301076,1909f56bfc062723c751e8b465ee728b)  -> (artifact id: 'b7b031c221aec858ae01457947fd4630') in 0.048573 seconds 
Number of asset objects unloaded after import = 2
========================================================================
Received Import Request.
  Time since last request: 0.000012 seconds.
  path: Assets/PolygonPirates/Prefabs/Environments/SM_Env_Flowers_01.prefab
  artifactKey: Guid(95d7c0f5fade0344aad483314886f0fe) Importer(815301076,1909f56bfc062723c751e8b465ee728b)
Number of updated assets reloaded before import = 0
Start importing Assets/PolygonPirates/Prefabs/Environments/SM_Env_Flowers_01.prefab using Guid(95d7c0f5fade0344aad483314886f0fe) Importer(815301076,1909f56bfc062723c751e8b465ee728b)  -> (artifact id: '12e3b92ab18e65515b770ef866d0496d') in 0.008737 seconds 
Number of asset objects unloaded after import = 10
========================================================================
Received Import Request.
  Time since last request: 0.000008 seconds.
  path: Assets/PolygonWestern/Textures/PolygonWestern_Texture_03_C.png
  artifactKey: Guid(6f1fe5d146b13d84184e612f6326c551) Importer(815301076,1909f56bfc062723c751e8b465ee728b)
Number of updated assets reloaded before import = 0
Start importing Assets/PolygonWestern/Textures/PolygonWestern_Texture_03_C.png using Guid(6f1fe5d146b13d84184e612f6326c551) Importer(815301076,1909f56bfc062723c751e8b465ee728b)  -> (artifact id: '7f55594f555e712bab1a3c1f2195d21f') in 0.020273 seconds 
Number of asset objects unloaded after import = 2
========================================================================
Received Import Request.
  Time since last request: 0.000007 seconds.
  path: Assets/PolygonNatureBiomes/PNB_Tropical_Jungle/Textures/Plants/SeaWeed_Texture_01.tga
  artifactKey: Guid(573b0ffb5d7587b489c365d895cc2ab8) Importer(815301076,1909f56bfc062723c751e8b465ee728b)
Number of updated assets reloaded before import = 0
Start importing Assets/PolygonNatureBiomes/PNB_Tropical_Jungle/Textures/Plants/SeaWeed_Texture_01.tga using Guid(573b0ffb5d7587b489c365d895cc2ab8) Importer(815301076,1909f56bfc062723c751e8b465ee728b)  -> (artifact id: 'c6c04cd63479acab5927df4bfc46b672') in 0.022361 seconds 
Number of asset objects unloaded after import = 2
========================================================================
Received Import Request.
  Time since last request: 0.000008 seconds.
  path: Assets/PolygonPirates/Models/SM_Bld_Fort_Tower_01.fbx
  artifactKey: Guid(5804cf0f174515547ad8da67277843ee) Importer(815301076,1909f56bfc062723c751e8b465ee728b)
Number of updated assets reloaded before import = 0
Start importing Assets/PolygonPirates/Models/SM_Bld_Fort_Tower_01.fbx using Guid(5804cf0f174515547ad8da67277843ee) Importer(815301076,1909f56bfc062723c751e8b465ee728b)  -> (artifact id: 'e51fbf2b34a9d57085a061d89ca09c21') in 0.007311 seconds 
Number of asset objects unloaded after import = 7
========================================================================
Received Import Request.
  Time since last request: 0.000008 seconds.
  path: Assets/PolygonNatureBiomes/PNB_Tropical_Jungle/Prefabs/SM_Env_Flower_Pitcher_02.prefab
  artifactKey: Guid(9ca312419e6055b4e9aba92b41ea7fa7) Importer(815301076,1909f56bfc062723c751e8b465ee728b)
Number of updated assets reloaded before import = 0
Start importing Assets/PolygonNatureBiomes/PNB_Tropical_Jungle/Prefabs/SM_Env_Flower_Pitcher_02.prefab using Guid(9ca312419e6055b4e9aba92b41ea7fa7) Importer(815301076,1909f56bfc062723c751e8b465ee728b)  -> (artifact id: '230bd0bf0ae75a8ab8510d5b8af54f13') in 0.012301 seconds 
Number of asset objects unloaded after import = 26
========================================================================
Received Import Request.
  Time since last request: 0.000008 seconds.
  path: Assets/PolygonWestern/Models/SM_Bld_Tower_01.fbx
  artifactKey: Guid(24ff910a0cf0c874899fb6808e601434) Importer(815301076,1909f56bfc062723c751e8b465ee728b)
Number of updated assets reloaded before import = 0
Start importing Assets/PolygonWestern/Models/SM_Bld_Tower_01.fbx using Guid(24ff910a0cf0c874899fb6808e601434) Importer(815301076,1909f56bfc062723c751e8b465ee728b)  -> (artifact id: '713608c67da78b528b02ee5850588bd7') in 0.009116 seconds 
Number of asset objects unloaded after import = 7
========================================================================
Received Import Request.
  Time since last request: 0.000007 seconds.
  path: Assets/PolygonPirates/Models/ConvexCollisions/SM_Bld_Mansion_Tower_01_Convex.asset
  artifactKey: Guid(781f87deaebf4154c89be1482d6593cb) Importer(815301076,1909f56bfc062723c751e8b465ee728b)
Number of updated assets reloaded before import = 0
Start importing Assets/PolygonPirates/Models/ConvexCollisions/SM_Bld_Mansion_Tower_01_Convex.asset using Guid(781f87deaebf4154c89be1482d6593cb) Importer(815301076,1909f56bfc062723c751e8b465ee728b)  -> (artifact id: '48c28cb9ba4939935ee648b4adf9115d') in 0.007428 seconds 
Number of asset objects unloaded after import = 1
========================================================================
Received Import Request.
  Time since last request: 0.000008 seconds.
  path: Assets/PolygonWestern/Textures/PolygonWestern_Texture_04.png
  artifactKey: Guid(d459f5ad385b5914e9ffc03ab032d0e5) Importer(815301076,1909f56bfc062723c751e8b465ee728b)
Number of updated assets reloaded before import = 0
Start importing Assets/PolygonWestern/Textures/PolygonWestern_Texture_04.png using Guid(d459f5ad385b5914e9ffc03ab032d0e5) Importer(815301076,1909f56bfc062723c751e8b465ee728b)  -> (artifact id: '8af5bd93f5da9d49975c703e6f17a007') in 0.019307 seconds 
Number of asset objects unloaded after import = 2
========================================================================
Received Import Request.
  Time since last request: 0.000015 seconds.
  path: Assets/PolygonWestern/Models/CollisionConvex/SM_Bld_TowerClock_01_Convex.asset
  artifactKey: Guid(5ecd9613dc040d44ebc3d85cd1f14f07) Importer(815301076,1909f56bfc062723c751e8b465ee728b)
Number of updated assets reloaded before import = 0
Start importing Assets/PolygonWestern/Models/CollisionConvex/SM_Bld_TowerClock_01_Convex.asset using Guid(5ecd9613dc040d44ebc3d85cd1f14f07) Importer(815301076,1909f56bfc062723c751e8b465ee728b)  -> (artifact id: '217acfb544bcd3b2024c4062b83ed4ea') in 0.006500 seconds 
Number of asset objects unloaded after import = 1
========================================================================
Received Import Request.
  Time since last request: 0.000006 seconds.
  path: Assets/PolygonPirates/Models/CollisionCustom/SM_Bld_Rickety_Tower_03_Collision.fbx
  artifactKey: Guid(c9ed4ea1b71543c4e86a703bc5b3de15) Importer(815301076,1909f56bfc062723c751e8b465ee728b)
Number of updated assets reloaded before import = 0
Start importing Assets/PolygonPirates/Models/CollisionCustom/SM_Bld_Rickety_Tower_03_Collision.fbx using Guid(c9ed4ea1b71543c4e86a703bc5b3de15) Importer(815301076,1909f56bfc062723c751e8b465ee728b)  -> (artifact id: '17aa92a614502a92a1d9740866e0ee32') in 0.008711 seconds 
Number of asset objects unloaded after import = 7
========================================================================
Received Import Request.
  Time since last request: 0.000007 seconds.
  path: Assets/PolygonWestern/Textures/PolygonWestern_Texture_01.png
  artifactKey: Guid(93926096c845f8047bb7a28b74664007) Importer(815301076,1909f56bfc062723c751e8b465ee728b)
Number of updated assets reloaded before import = 0
Start importing Assets/PolygonWestern/Textures/PolygonWestern_Texture_01.png using Guid(93926096c845f8047bb7a28b74664007) Importer(815301076,1909f56bfc062723c751e8b465ee728b)  -> (artifact id: '91ad86f813491fab7960bd2165d73c6a') in 0.021627 seconds 
Number of asset objects unloaded after import = 2
========================================================================
Received Import Request.
  Time since last request: 0.000007 seconds.
  path: Assets/PolygonWestern/Textures/PolygonWestern_Texture_01_A.png
  artifactKey: Guid(eda681f5b7e10b446a6e23ddf3b74c0c) Importer(815301076,1909f56bfc062723c751e8b465ee728b)
Number of updated assets reloaded before import = 0
Start importing Assets/PolygonWestern/Textures/PolygonWestern_Texture_01_A.png using Guid(eda681f5b7e10b446a6e23ddf3b74c0c) Importer(815301076,1909f56bfc062723c751e8b465ee728b)  -> (artifact id: 'f1c9ee4d8e230d0e9a9fd9bf61dce36e') in 0.020613 seconds 
Number of asset objects unloaded after import = 2
========================================================================
Received Import Request.
  Time since last request: 0.000009 seconds.
  path: Assets/PolygonPirates/Models/ConvexCollisions/SM_Bld_Fort_Tower_01_Convex.asset
  artifactKey: Guid(6c9bdcd6fbd06c6419ec1e0eb3f476d3) Importer(815301076,1909f56bfc062723c751e8b465ee728b)
Number of updated assets reloaded before import = 0
Start importing Assets/PolygonPirates/Models/ConvexCollisions/SM_Bld_Fort_Tower_01_Convex.asset using Guid(6c9bdcd6fbd06c6419ec1e0eb3f476d3) Importer(815301076,1909f56bfc062723c751e8b465ee728b)  -> (artifact id: '906426d506f9926e0c816f1809f1cd52') in 0.006381 seconds 
Number of asset objects unloaded after import = 1
========================================================================
Received Import Request.
  Time since last request: 0.000007 seconds.
  path: Assets/PolygonNatureBiomes/PNB_Tropical_Jungle/Prefabs/SM_Env_Flower_03.prefab
  artifactKey: Guid(bc2f59459201db34cbdc6e24a38ff560) Importer(815301076,1909f56bfc062723c751e8b465ee728b)
Number of updated assets reloaded before import = 0
Start importing Assets/PolygonNatureBiomes/PNB_Tropical_Jungle/Prefabs/SM_Env_Flower_03.prefab using Guid(bc2f59459201db34cbdc6e24a38ff560) Importer(815301076,1909f56bfc062723c751e8b465ee728b)  -> (artifact id: '346e21cfa9bc5dcd024ae72a0617762d') in 0.012108 seconds 
Number of asset objects unloaded after import = 22
========================================================================
Received Import Request.
  Time since last request: 0.000009 seconds.
  path: Assets/PolygonNatureBiomes/PNB_Tropical_Jungle/Prefabs/SM_Env_Flower_01.prefab
  artifactKey: Guid(9ee1bddd96e03f64c92b402d1d7f374b) Importer(815301076,1909f56bfc062723c751e8b465ee728b)
Number of updated assets reloaded before import = 0
Start importing Assets/PolygonNatureBiomes/PNB_Tropical_Jungle/Prefabs/SM_Env_Flower_01.prefab using Guid(9ee1bddd96e03f64c92b402d1d7f374b) Importer(815301076,1909f56bfc062723c751e8b465ee728b)  -> (artifact id: 'd4a517df20403261262338a483d064bf') in 0.011527 seconds 
Number of asset objects unloaded after import = 22
========================================================================
Received Import Request.
  Time since last request: 0.000008 seconds.
  path: Assets/PolygonWestern/Textures/PolygonWestern_Texture_02_A.png
  artifactKey: Guid(133da83b42e6b5a4fb2dad21ab812fb2) Importer(815301076,1909f56bfc062723c751e8b465ee728b)
Number of updated assets reloaded before import = 0
Start importing Assets/PolygonWestern/Textures/PolygonWestern_Texture_02_A.png using Guid(133da83b42e6b5a4fb2dad21ab812fb2) Importer(815301076,1909f56bfc062723c751e8b465ee728b)  -> (artifact id: '0726e0d72f942737bcbe1c796dd0d614') in 0.022423 seconds 
Number of asset objects unloaded after import = 2
========================================================================
Received Import Request.
  Time since last request: 0.000009 seconds.
  path: Assets/PolygonPirates/Models/ConvexCollisions/SM_Bld_Cuba_Hall_Tower_01_Convex.asset
  artifactKey: Guid(55cb1e954db99734b91edaf5982fe8ef) Importer(815301076,1909f56bfc062723c751e8b465ee728b)
Number of updated assets reloaded before import = 0
Start importing Assets/PolygonPirates/Models/ConvexCollisions/SM_Bld_Cuba_Hall_Tower_01_Convex.asset using Guid(55cb1e954db99734b91edaf5982fe8ef) Importer(815301076,1909f56bfc062723c751e8b465ee728b)  -> (artifact id: 'f0dca31479dc2c8c0017f191190f4839') in 0.007428 seconds 
Number of asset objects unloaded after import = 1
========================================================================
Received Import Request.
  Time since last request: 0.000009 seconds.
  path: Assets/PolygonWestern/Textures/PolygonWestern_Texture_02_B.png
  artifactKey: Guid(a70ee0408280c0540834992618cd9948) Importer(815301076,1909f56bfc062723c751e8b465ee728b)
Number of updated assets reloaded before import = 0
Start importing Assets/PolygonWestern/Textures/PolygonWestern_Texture_02_B.png using Guid(a70ee0408280c0540834992618cd9948) Importer(815301076,1909f56bfc062723c751e8b465ee728b)  -> (artifact id: '21fb4e0426d419aca2379512512ba114') in 0.021143 seconds 
Number of asset objects unloaded after import = 2
========================================================================
Received Import Request.
  Time since last request: 0.000009 seconds.
  path: Assets/PolygonWestern/Prefabs/Buildings/SM_Bld_TowerClock_01.prefab
  artifactKey: Guid(e402d26800333924eab81cfc49444ac1) Importer(815301076,1909f56bfc062723c751e8b465ee728b)
Number of updated assets reloaded before import = 0
Start importing Assets/PolygonWestern/Prefabs/Buildings/SM_Bld_TowerClock_01.prefab using Guid(e402d26800333924eab81cfc49444ac1) Importer(815301076,1909f56bfc062723c751e8b465ee728b)  -> (artifact id: '3a12f1e2c4a3f29ffb2b8869e8853f50') in 0.012003 seconds 
Number of asset objects unloaded after import = 22
========================================================================
Received Import Request.
  Time since last request: 0.000008 seconds.
  path: Assets/PolygonWestern/Textures/PolygonWestern_Texture_Metallic.tga
  artifactKey: Guid(5c160ef581b4e484ca2cb11633500e82) Importer(815301076,1909f56bfc062723c751e8b465ee728b)
Number of updated assets reloaded before import = 0
Start importing Assets/PolygonWestern/Textures/PolygonWestern_Texture_Metallic.tga using Guid(5c160ef581b4e484ca2cb11633500e82) Importer(815301076,1909f56bfc062723c751e8b465ee728b)  -> (artifact id: 'c4ffaefcc001bb8e8e55d43a4de2ed9c') in 0.023768 seconds 
Number of asset objects unloaded after import = 2
========================================================================
Received Import Request.
  Time since last request: 0.000012 seconds.
  path: Assets/PolygonNatureBiomes/PNB_Tropical_Jungle/Models/SM_Env_Bush_Palm_01_Flowers_01.fbx
  artifactKey: Guid(bb3a4a260ff37c347b4d460aaa4c4fd7) Importer(815301076,1909f56bfc062723c751e8b465ee728b)
Number of updated assets reloaded before import = 0
Start importing Assets/PolygonNatureBiomes/PNB_Tropical_Jungle/Models/SM_Env_Bush_Palm_01_Flowers_01.fbx using Guid(bb3a4a260ff37c347b4d460aaa4c4fd7) Importer(815301076,1909f56bfc062723c751e8b465ee728b)  -> (artifact id: '2af701673d841c0eea553081b4d189c9') in 0.014779 seconds 
Number of asset objects unloaded after import = 15
========================================================================
Received Import Request.
  Time since last request: 0.000011 seconds.
  path: Assets/PolygonWestern/Textures/PolygonWestern_Texture_03.png
  artifactKey: Guid(b7f7913d478835e4f8d8010a13c8546a) Importer(815301076,1909f56bfc062723c751e8b465ee728b)
Number of updated assets reloaded before import = 0
Start importing Assets/PolygonWestern/Textures/PolygonWestern_Texture_03.png using Guid(b7f7913d478835e4f8d8010a13c8546a) Importer(815301076,1909f56bfc062723c751e8b465ee728b)  -> (artifact id: '1d4a525ec0cb5fce99a6e2d31160f800') in 0.019531 seconds 
Number of asset objects unloaded after import = 2
========================================================================
Received Import Request.
  Time since last request: 0.000015 seconds.
  path: Assets/PolygonWestern/Models/SM_Bld_TowerClock_01.fbx
  artifactKey: Guid(1d9ee671a6eac4e4ab78897f753be32d) Importer(815301076,1909f56bfc062723c751e8b465ee728b)
Number of updated assets reloaded before import = 0
Start importing Assets/PolygonWestern/Models/SM_Bld_TowerClock_01.fbx using Guid(1d9ee671a6eac4e4ab78897f753be32d) Importer(815301076,1909f56bfc062723c751e8b465ee728b)  -> (artifact id: 'c9c3c56f6b2b06d5b4c9e0d40681f931') in 0.014877 seconds 
Number of asset objects unloaded after import = 17
========================================================================
Received Import Request.
  Time since last request: 0.000008 seconds.
  path: Assets/PolygonWestern/Textures/PolygonWestern_Texture_03_B.png
  artifactKey: Guid(935759cd778991a459f94dcf89141ed9) Importer(815301076,1909f56bfc062723c751e8b465ee728b)
Number of updated assets reloaded before import = 0
Start importing Assets/PolygonWestern/Textures/PolygonWestern_Texture_03_B.png using Guid(935759cd778991a459f94dcf89141ed9) Importer(815301076,1909f56bfc062723c751e8b465ee728b)  -> (artifact id: 'dd782ac8ff1beeddcf9a039a5181d141') in 0.021343 seconds 
Number of asset objects unloaded after import = 2
========================================================================
Received Import Request.
  Time since last request: 0.000010 seconds.
  path: Assets/PolygonNatureBiomes/PNB_Tropical_Jungle/Prefabs/SM_Env_Flower_02.prefab
  artifactKey: Guid(fa851e22758927f4abbddeedd98f3af7) Importer(815301076,1909f56bfc062723c751e8b465ee728b)
Number of updated assets reloaded before import = 0
Start importing Assets/PolygonNatureBiomes/PNB_Tropical_Jungle/Prefabs/SM_Env_Flower_02.prefab using Guid(fa851e22758927f4abbddeedd98f3af7) Importer(815301076,1909f56bfc062723c751e8b465ee728b)  -> (artifact id: '21db109ea00871cd021cdb28f1a8175e') in 0.012637 seconds 
Number of asset objects unloaded after import = 22
========================================================================
Received Import Request.
  Time since last request: 0.000008 seconds.
  path: Assets/PolygonWestern/Models/Colliders/SM_Bld_Tower_02_Collision.fbx
  artifactKey: Guid(492436408a093bd46a7270dabc81fe23) Importer(815301076,1909f56bfc062723c751e8b465ee728b)
Number of updated assets reloaded before import = 0
Start importing Assets/PolygonWestern/Models/Colliders/SM_Bld_Tower_02_Collision.fbx using Guid(492436408a093bd46a7270dabc81fe23) Importer(815301076,1909f56bfc062723c751e8b465ee728b)  -> (artifact id: '384d8efe08f29b99c0ef138fc5282d5e') in 0.009438 seconds 
Number of asset objects unloaded after import = 7
========================================================================
Received Import Request.
  Time since last request: 0.000008 seconds.
  path: Assets/PolygonWestern/Textures/PolygonWestern_Texture_04_C.png
  artifactKey: Guid(7263f16843b1a9d41b405c24a0a0983c) Importer(815301076,1909f56bfc062723c751e8b465ee728b)
Number of updated assets reloaded before import = 0
Start importing Assets/PolygonWestern/Textures/PolygonWestern_Texture_04_C.png using Guid(7263f16843b1a9d41b405c24a0a0983c) Importer(815301076,1909f56bfc062723c751e8b465ee728b)  -> (artifact id: '9eb7d7575e334933be89eab29318a699') in 0.020774 seconds 
Number of asset objects unloaded after import = 2
========================================================================
Received Import Request.
  Time since last request: 0.000012 seconds.
  path: Assets/PolygonPirates/Models/SM_Bld_Rickety_Tower_03.fbx
  artifactKey: Guid(a0c47bdd9a5a5984fbe804c19be40407) Importer(815301076,1909f56bfc062723c751e8b465ee728b)
Number of updated assets reloaded before import = 0
Start importing Assets/PolygonPirates/Models/SM_Bld_Rickety_Tower_03.fbx using Guid(a0c47bdd9a5a5984fbe804c19be40407) Importer(815301076,1909f56bfc062723c751e8b465ee728b)  -> (artifact id: 'a697474f01b35c2495e03d912213cce7') in 0.008249 seconds 
Number of asset objects unloaded after import = 7
========================================================================
Received Import Request.
  Time since last request: 0.000009 seconds.
  path: Assets/PolygonWestern/Textures/PolygonWestern_Texture_03_A.png
  artifactKey: Guid(bbd05c0a93aa316418e1667cdefafd91) Importer(815301076,1909f56bfc062723c751e8b465ee728b)
Number of updated assets reloaded before import = 0
Start importing Assets/PolygonWestern/Textures/PolygonWestern_Texture_03_A.png using Guid(bbd05c0a93aa316418e1667cdefafd91) Importer(815301076,1909f56bfc062723c751e8b465ee728b)  -> (artifact id: '7da7080e5fdfb19c2192f176cbe1cf77') in 0.021351 seconds 
Number of asset objects unloaded after import = 2
========================================================================
Received Prepare
Registering precompiled user dll's ...
Registered in 0.009655 seconds.
Begin MonoManager ReloadAssembly
Native extension for WindowsStandalone target not found
Refreshing native plugins compatible for Editor in 1.12 ms, found 3 plugins.
Preloading 0 native plugins for Editor in 0.00 ms.
Mono: successfully reloaded assembly
- Completed reload, in  0.966 seconds
Domain Reload Profiling:
	ReloadAssembly (967ms)
		BeginReloadAssembly (188ms)
			ExecutionOrderSort (0ms)
			DisableScriptedObjects (3ms)
			BackupInstance (0ms)
			ReleaseScriptingObjects (0ms)
			CreateAndSetChildDomain (26ms)
		EndReloadAssembly (687ms)
			LoadAssemblies (153ms)
			RebuildTransferFunctionScriptingTraits (0ms)
			SetupTypeCache (182ms)
			ReleaseScriptCaches (1ms)
			RebuildScriptCaches (28ms)
			SetupLoadedEditorAssemblies (356ms)
				LogAssemblyErrors (0ms)
				InitializePlatformSupportModulesInManaged (7ms)
				SetLoadedEditorAssemblies (0ms)
				RefreshPlugins (1ms)
				BeforeProcessingInitializeOnLoad (72ms)
				ProcessInitializeOnLoadAttributes (245ms)
				ProcessInitializeOnLoadMethodAttributes (15ms)
				AfterProcessingInitializeOnLoad (15ms)
				EditorAssembliesLoaded (0ms)
			ExecutionOrderSort2 (0ms)
			AwakeInstancesAfterBackupRestoration (4ms)
Platform modules already initialized, skipping
Refreshing native plugins compatible for Editor in 1.08 ms, found 3 plugins.
Preloading 0 native plugins for Editor in 0.00 ms.
Unloading 3974 Unused Serialized files (Serialized files now loaded: 0)
Unloading 43 unused Assets / (2.7 MB). Loaded Objects now: 4566.
Memory consumption went from 251.1 MB to 248.4 MB.
Total: 2.584100 ms (FindLiveObjects: 0.223100 ms CreateObjectMapping: 0.062900 ms MarkObjects: 1.944200 ms  DeleteObjects: 0.353400 ms)

AssetImportParameters requested are different than current active one (requested -> active):
  custom:video-decoder-ogg-theora: a1e56fd34408186e4bbccfd4996cb3dc -> 
  custom:container-muxer-webm: aa71ff27fc2769a1b78a27578f13a17b -> 
  custom:container-demuxer-webm: 4f35f7cbe854078d1ac9338744f61a02 -> 
  custom:video-encoder-webm-vp8: eb34c28f22e8b96e1ab97ce403110664 -> 
  custom:video-codec-MediaFoundation-h265: 746d11721c4dcdbdad8f713fa42b33f4 -> 
  custom:CustomObjectIndexerAttribute: bc11b3a6c3213fcdd17b65e7da85e133 -> 
  custom:audio-encoder-webm-vorbis: bf7c407c2cedff20999df2af8eb42d56 -> 
  custom:framework-win-MediaFoundation: 216162199b28c13a410421893ffa2e32 -> 
  custom:SearchIndexIgnoredProperties: e643bd26f0fe6173181afceb89e7c659 -> 
  custom:container-demuxer-ogg: 62fdf1f143b41e24485cea50d1cbac27 -> 
  custom:video-decoder-webm-vp8: 9c59270c3fd7afecdb556c50c9e8de78 -> 
  custom:audio-decoder-ogg-vorbis: bf7c407c2cedff20999df2af8eb42d56 -> 
Editor requested this worker to shutdown with reason: Scaling down because of idle timeout
AssetImportWorker is now disconnected from the server
Process exiting
Exiting without the bug reporter. Application will terminate with return code 0