Using pre-set license
Built from '2021.3/staging' branch; Version is '2021.3.32f1 (3b9dae9532f5) revision 3906990'; Using compiler version '192829333'; Build Type 'Release'
OS: 'Windows 11  (10.0.26200) 64bit Professional' Language: 'cs' Physical Memory: 31905 MB
BatchMode: 1, IsHumanControllingUs: 0, StartBugReporterOnCrash: 0, Is64bit: 1, IsPro: 1

COMMAND LINE ARGUMENTS:
C:\Program Files\Unity\Hub\Editor\2021.3.32f1\Editor\Unity.exe
-adb2
-batchMode
-noUpm
-name
AssetImportWorker17
-projectPath
C:/Users/simon/Documents/GitHub/The-Last-Bounty/Wanted-Dead or alive
-logFile
Logs/AssetImportWorker17.log
-srvPort
61729
Successfully changed project path to: C:/Users/simon/Documents/GitHub/The-Last-Bounty/Wanted-Dead or alive
C:/Users/simon/Documents/GitHub/The-Last-Bounty/Wanted-Dead or alive
[UnityMemory] Configuration Parameters - Can be set up in boot.config
    "memorysetup-bucket-allocator-granularity=16"
    "memorysetup-bucket-allocator-bucket-count=8"
    "memorysetup-bucket-allocator-block-size=33554432"
    "memorysetup-bucket-allocator-block-count=8"
    "memorysetup-main-allocator-block-size=16777216"
    "memorysetup-thread-allocator-block-size=16777216"
    "memorysetup-gfx-main-allocator-block-size=16777216"
    "memorysetup-gfx-thread-allocator-block-size=16777216"
    "memorysetup-cache-allocator-block-size=4194304"
    "memorysetup-typetree-allocator-block-size=2097152"
    "memorysetup-profiler-bucket-allocator-granularity=16"
    "memorysetup-profiler-bucket-allocator-bucket-count=8"
    "memorysetup-profiler-bucket-allocator-block-size=33554432"
    "memorysetup-profiler-bucket-allocator-block-count=8"
    "memorysetup-profiler-allocator-block-size=16777216"
    "memorysetup-profiler-editor-allocator-block-size=1048576"
    "memorysetup-temp-allocator-size-main=16777216"
    "memorysetup-job-temp-allocator-block-size=2097152"
    "memorysetup-job-temp-allocator-block-size-background=1048576"
    "memorysetup-job-temp-allocator-reduction-small-platforms=262144"
    "memorysetup-temp-allocator-size-background-worker=32768"
    "memorysetup-temp-allocator-size-job-worker=262144"
    "memorysetup-temp-allocator-size-preload-manager=33554432"
    "memorysetup-temp-allocator-size-nav-mesh-worker=65536"
    "memorysetup-temp-allocator-size-audio-worker=65536"
    "memorysetup-temp-allocator-size-cloud-worker=32768"
    "memorysetup-temp-allocator-size-gi-baking-worker=262144"
    "memorysetup-temp-allocator-size-gfx=262144"
Player connection [25236] Host "[IP] 192.168.0.167 [Port] 0 [Flags] 2 [Guid] 811830333 [EditorId] 811830333 [Version] 1048832 [Id] WindowsEditor(7,Simon) [Debug] 1 [PackageName] WindowsEditor [ProjectName] Editor" joined multi-casting on [225.0.0.222:54997]...

Player connection [25236] Host "[IP] 192.168.0.167 [Port] 0 [Flags] 2 [Guid] 811830333 [EditorId] 811830333 [Version] 1048832 [Id] WindowsEditor(7,Simon) [Debug] 1 [PackageName] WindowsEditor [ProjectName] Editor" joined alternative multi-casting on [225.0.0.222:34997]...

[Physics::Module] Initialized MultithreadedJobDispatcher with {0} workers.
Refreshing native plugins compatible for Editor in 72.03 ms, found 3 plugins.
Preloading 0 native plugins for Editor in 0.00 ms.
Initialize engine version: 2021.3.32f1 (3b9dae9532f5)
[Subsystems] Discovering subsystems at path C:/Program Files/Unity/Hub/Editor/2021.3.32f1/Editor/Data/Resources/UnitySubsystems
[Subsystems] Discovering subsystems at path C:/Users/simon/Documents/GitHub/The-Last-Bounty/Wanted-Dead or alive/Assets
GfxDevice: creating device client; threaded=0; jobified=0
Direct3D:
    Version:  Direct3D 11.0 [level 11.1]
    Renderer: AMD Radeon RX 9070 XT (ID=0x7550)
    Vendor:   ATI
    VRAM:     16200 MB
    Driver:   32.0.23027.2005
Initialize mono
Mono path[0] = 'C:/Program Files/Unity/Hub/Editor/2021.3.32f1/Editor/Data/Managed'
Mono path[1] = 'C:/Program Files/Unity/Hub/Editor/2021.3.32f1/Editor/Data/MonoBleedingEdge/lib/mono/unityjit-win32'
Mono config path = 'C:/Program Files/Unity/Hub/Editor/2021.3.32f1/Editor/Data/MonoBleedingEdge/etc'
Using monoOptions --debugger-agent=transport=dt_socket,embedding=1,server=y,suspend=n,address=127.0.0.1:56808
Begin MonoManager ReloadAssembly
Registering precompiled unity dll's ...
Register platform support module: C:/Program Files/Unity/Hub/Editor/2021.3.32f1/Editor/Data/PlaybackEngines/WindowsStandaloneSupport/UnityEditor.WindowsStandalone.Extensions.dll
Registered in 0.011775 seconds.
Native extension for WindowsStandalone target not found
Refreshing native plugins compatible for Editor in 63.16 ms, found 3 plugins.
Preloading 0 native plugins for Editor in 0.00 ms.
Mono: successfully reloaded assembly
- Completed reload, in  0.427 seconds
Domain Reload Profiling:
	ReloadAssembly (427ms)
		BeginReloadAssembly (78ms)
			ExecutionOrderSort (0ms)
			DisableScriptedObjects (0ms)
			BackupInstance (0ms)
			ReleaseScriptingObjects (0ms)
			CreateAndSetChildDomain (0ms)
		EndReloadAssembly (274ms)
			LoadAssemblies (75ms)
			RebuildTransferFunctionScriptingTraits (0ms)
			SetupTypeCache (55ms)
			ReleaseScriptCaches (0ms)
			RebuildScriptCaches (15ms)
			SetupLoadedEditorAssemblies (174ms)
				LogAssemblyErrors (0ms)
				InitializePlatformSupportModulesInManaged (7ms)
				SetLoadedEditorAssemblies (0ms)
				RefreshPlugins (63ms)
				BeforeProcessingInitializeOnLoad (1ms)
				ProcessInitializeOnLoadAttributes (77ms)
				ProcessInitializeOnLoadMethodAttributes (27ms)
				AfterProcessingInitializeOnLoad (0ms)
				EditorAssembliesLoaded (0ms)
			ExecutionOrderSort2 (0ms)
			AwakeInstancesAfterBackupRestoration (0ms)
Platform modules already initialized, skipping
Registering precompiled user dll's ...
Registered in 0.007452 seconds.
Begin MonoManager ReloadAssembly
Native extension for WindowsStandalone target not found
Refreshing native plugins compatible for Editor in 64.65 ms, found 3 plugins.
Preloading 0 native plugins for Editor in 0.00 ms.
Mono: successfully reloaded assembly
- Completed reload, in  0.838 seconds
Domain Reload Profiling:
	ReloadAssembly (838ms)
		BeginReloadAssembly (99ms)
			ExecutionOrderSort (0ms)
			DisableScriptedObjects (3ms)
			BackupInstance (0ms)
			ReleaseScriptingObjects (0ms)
			CreateAndSetChildDomain (12ms)
		EndReloadAssembly (666ms)
			LoadAssemblies (87ms)
			RebuildTransferFunctionScriptingTraits (0ms)
			SetupTypeCache (149ms)
			ReleaseScriptCaches (0ms)
			RebuildScriptCaches (29ms)
			SetupLoadedEditorAssemblies (405ms)
				LogAssemblyErrors (0ms)
				InitializePlatformSupportModulesInManaged (5ms)
				SetLoadedEditorAssemblies (0ms)
				RefreshPlugins (65ms)
				BeforeProcessingInitializeOnLoad (68ms)
				ProcessInitializeOnLoadAttributes (243ms)
				ProcessInitializeOnLoadMethodAttributes (11ms)
				AfterProcessingInitializeOnLoad (13ms)
				EditorAssembliesLoaded (0ms)
			ExecutionOrderSort2 (0ms)
			AwakeInstancesAfterBackupRestoration (3ms)
Platform modules already initialized, skipping
========================================================================
Worker process is ready to serve import requests
Launched and connected shader compiler UnityShaderCompiler.exe after 0.03 seconds
Refreshing native plugins compatible for Editor in 0.77 ms, found 3 plugins.
Preloading 0 native plugins for Editor in 0.00 ms.
Unloading 4073 Unused Serialized files (Serialized files now loaded: 0)
Unloading 60 unused Assets / (2.7 MB). Loaded Objects now: 4548.
Memory consumption went from 256.5 MB to 253.7 MB.
Total: 2.433500 ms (FindLiveObjects: 0.198500 ms CreateObjectMapping: 0.069100 ms MarkObjects: 1.803800 ms  DeleteObjects: 0.361600 ms)

AssetImportParameters requested are different than current active one (requested -> active):
  custom:video-decoder-ogg-theora: a1e56fd34408186e4bbccfd4996cb3dc -> 
  custom:container-muxer-webm: aa71ff27fc2769a1b78a27578f13a17b -> 
  custom:container-demuxer-webm: 4f35f7cbe854078d1ac9338744f61a02 -> 
  custom:video-encoder-webm-vp8: eb34c28f22e8b96e1ab97ce403110664 -> 
  custom:video-codec-MediaFoundation-h265: 746d11721c4dcdbdad8f713fa42b33f4 -> 
  custom:CustomObjectIndexerAttribute: bc11b3a6c3213fcdd17b65e7da85e133 -> 
  custom:audio-encoder-webm-vorbis: bf7c407c2cedff20999df2af8eb42d56 -> 
  custom:framework-win-MediaFoundation: 216162199b28c13a410421893ffa2e32 -> 
  custom:SearchIndexIgnoredProperties: e643bd26f0fe6173181afceb89e7c659 -> 
  custom:container-demuxer-ogg: 62fdf1f143b41e24485cea50d1cbac27 -> 
  custom:video-decoder-webm-vp8: 9c59270c3fd7afecdb556c50c9e8de78 -> 
  custom:audio-decoder-ogg-vorbis: bf7c407c2cedff20999df2af8eb42d56 -> 
========================================================================
Received Prepare
Registering precompiled user dll's ...
Registered in 0.008233 seconds.
Begin MonoManager ReloadAssembly
Native extension for WindowsStandalone target not found
Refreshing native plugins compatible for Editor in 0.78 ms, found 3 plugins.
Preloading 0 native plugins for Editor in 0.00 ms.
Mono: successfully reloaded assembly
- Completed reload, in  0.858 seconds
Domain Reload Profiling:
	ReloadAssembly (859ms)
		BeginReloadAssembly (149ms)
			ExecutionOrderSort (0ms)
			DisableScriptedObjects (3ms)
			BackupInstance (0ms)
			ReleaseScriptingObjects (0ms)
			CreateAndSetChildDomain (25ms)
		EndReloadAssembly (629ms)
			LoadAssemblies (120ms)
			RebuildTransferFunctionScriptingTraits (0ms)
			SetupTypeCache (165ms)
			ReleaseScriptCaches (1ms)
			RebuildScriptCaches (24ms)
			SetupLoadedEditorAssemblies (338ms)
				LogAssemblyErrors (0ms)
				InitializePlatformSupportModulesInManaged (6ms)
				SetLoadedEditorAssemblies (0ms)
				RefreshPlugins (1ms)
				BeforeProcessingInitializeOnLoad (65ms)
				ProcessInitializeOnLoadAttributes (235ms)
				ProcessInitializeOnLoadMethodAttributes (13ms)
				AfterProcessingInitializeOnLoad (18ms)
				EditorAssembliesLoaded (0ms)
			ExecutionOrderSort2 (0ms)
			AwakeInstancesAfterBackupRestoration (4ms)
Platform modules already initialized, skipping
Refreshing native plugins compatible for Editor in 0.81 ms, found 3 plugins.
Preloading 0 native plugins for Editor in 0.00 ms.
Unloading 3973 Unused Serialized files (Serialized files now loaded: 0)
Unloading 43 unused Assets / (2.7 MB). Loaded Objects now: 4551.
Memory consumption went from 246.3 MB to 243.6 MB.
Total: 2.573300 ms (FindLiveObjects: 0.244900 ms CreateObjectMapping: 0.073400 ms MarkObjects: 1.887800 ms  DeleteObjects: 0.366600 ms)

AssetImportParameters requested are different than current active one (requested -> active):
  custom:video-decoder-ogg-theora: a1e56fd34408186e4bbccfd4996cb3dc -> 
  custom:container-muxer-webm: aa71ff27fc2769a1b78a27578f13a17b -> 
  custom:container-demuxer-webm: 4f35f7cbe854078d1ac9338744f61a02 -> 
  custom:video-encoder-webm-vp8: eb34c28f22e8b96e1ab97ce403110664 -> 
  custom:video-codec-MediaFoundation-h265: 746d11721c4dcdbdad8f713fa42b33f4 -> 
  custom:CustomObjectIndexerAttribute: bc11b3a6c3213fcdd17b65e7da85e133 -> 
  custom:audio-encoder-webm-vorbis: bf7c407c2cedff20999df2af8eb42d56 -> 
  custom:framework-win-MediaFoundation: 216162199b28c13a410421893ffa2e32 -> 
  custom:SearchIndexIgnoredProperties: e643bd26f0fe6173181afceb89e7c659 -> 
  custom:container-demuxer-ogg: 62fdf1f143b41e24485cea50d1cbac27 -> 
  custom:video-decoder-webm-vp8: 9c59270c3fd7afecdb556c50c9e8de78 -> 
  custom:audio-decoder-ogg-vorbis: bf7c407c2cedff20999df2af8eb42d56 -> 
========================================================================
Received Prepare
Registering precompiled user dll's ...
Registered in 0.007615 seconds.
Begin MonoManager ReloadAssembly
Native extension for WindowsStandalone target not found
Refreshing native plugins compatible for Editor in 0.87 ms, found 3 plugins.
Preloading 0 native plugins for Editor in 0.00 ms.
Mono: successfully reloaded assembly
- Completed reload, in  0.864 seconds
Domain Reload Profiling:
	ReloadAssembly (864ms)
		BeginReloadAssembly (154ms)
			ExecutionOrderSort (0ms)
			DisableScriptedObjects (3ms)
			BackupInstance (0ms)
			ReleaseScriptingObjects (0ms)
			CreateAndSetChildDomain (25ms)
		EndReloadAssembly (634ms)
			LoadAssemblies (117ms)
			RebuildTransferFunctionScriptingTraits (0ms)
			SetupTypeCache (159ms)
			ReleaseScriptCaches (1ms)
			RebuildScriptCaches (25ms)
			SetupLoadedEditorAssemblies (345ms)
				LogAssemblyErrors (0ms)
				InitializePlatformSupportModulesInManaged (6ms)
				SetLoadedEditorAssemblies (0ms)
				RefreshPlugins (1ms)
				BeforeProcessingInitializeOnLoad (70ms)
				ProcessInitializeOnLoadAttributes (234ms)
				ProcessInitializeOnLoadMethodAttributes (14ms)
				AfterProcessingInitializeOnLoad (19ms)
				EditorAssembliesLoaded (0ms)
			ExecutionOrderSort2 (0ms)
			AwakeInstancesAfterBackupRestoration (4ms)
Platform modules already initialized, skipping
Refreshing native plugins compatible for Editor in 0.85 ms, found 3 plugins.
Preloading 0 native plugins for Editor in 0.00 ms.
Unloading 3973 Unused Serialized files (Serialized files now loaded: 0)
Unloading 43 unused Assets / (2.7 MB). Loaded Objects now: 4554.
Memory consumption went from 246.3 MB to 243.6 MB.
Total: 2.468200 ms (FindLiveObjects: 0.202100 ms CreateObjectMapping: 0.076800 ms MarkObjects: 1.813400 ms  DeleteObjects: 0.375500 ms)

AssetImportParameters requested are different than current active one (requested -> active):
  custom:video-decoder-ogg-theora: a1e56fd34408186e4bbccfd4996cb3dc -> 
  custom:container-muxer-webm: aa71ff27fc2769a1b78a27578f13a17b -> 
  custom:container-demuxer-webm: 4f35f7cbe854078d1ac9338744f61a02 -> 
  custom:video-encoder-webm-vp8: eb34c28f22e8b96e1ab97ce403110664 -> 
  custom:video-codec-MediaFoundation-h265: 746d11721c4dcdbdad8f713fa42b33f4 -> 
  custom:CustomObjectIndexerAttribute: bc11b3a6c3213fcdd17b65e7da85e133 -> 
  custom:audio-encoder-webm-vorbis: bf7c407c2cedff20999df2af8eb42d56 -> 
  custom:framework-win-MediaFoundation: 216162199b28c13a410421893ffa2e32 -> 
  custom:SearchIndexIgnoredProperties: e643bd26f0fe6173181afceb89e7c659 -> 
  custom:container-demuxer-ogg: 62fdf1f143b41e24485cea50d1cbac27 -> 
  custom:video-decoder-webm-vp8: 9c59270c3fd7afecdb556c50c9e8de78 -> 
  custom:audio-decoder-ogg-vorbis: bf7c407c2cedff20999df2af8eb42d56 -> 
========================================================================
Received Prepare
Registering precompiled user dll's ...
Registered in 0.010360 seconds.
Begin MonoManager ReloadAssembly
Native extension for WindowsStandalone target not found
Refreshing native plugins compatible for Editor in 0.88 ms, found 3 plugins.
Preloading 0 native plugins for Editor in 0.00 ms.
Mono: successfully reloaded assembly
- Completed reload, in  1.249 seconds
Domain Reload Profiling:
	ReloadAssembly (1250ms)
		BeginReloadAssembly (209ms)
			ExecutionOrderSort (0ms)
			DisableScriptedObjects (4ms)
			BackupInstance (0ms)
			ReleaseScriptingObjects (0ms)
			CreateAndSetChildDomain (30ms)
		EndReloadAssembly (912ms)
			LoadAssemblies (173ms)
			RebuildTransferFunctionScriptingTraits (0ms)
			SetupTypeCache (241ms)
			ReleaseScriptCaches (1ms)
			RebuildScriptCaches (34ms)
			SetupLoadedEditorAssemblies (484ms)
				LogAssemblyErrors (0ms)
				InitializePlatformSupportModulesInManaged (9ms)
				SetLoadedEditorAssemblies (0ms)
				RefreshPlugins (1ms)
				BeforeProcessingInitializeOnLoad (98ms)
				ProcessInitializeOnLoadAttributes (331ms)
				ProcessInitializeOnLoadMethodAttributes (19ms)
				AfterProcessingInitializeOnLoad (25ms)
				EditorAssembliesLoaded (0ms)
			ExecutionOrderSort2 (0ms)
			AwakeInstancesAfterBackupRestoration (5ms)
Platform modules already initialized, skipping
Refreshing native plugins compatible for Editor in 0.84 ms, found 3 plugins.
Preloading 0 native plugins for Editor in 0.00 ms.
Unloading 3974 Unused Serialized files (Serialized files now loaded: 0)
Unloading 43 unused Assets / (2.7 MB). Loaded Objects now: 4558.
Memory consumption went from 246.3 MB to 243.6 MB.
Total: 3.083300 ms (FindLiveObjects: 0.248500 ms CreateObjectMapping: 0.080700 ms MarkObjects: 2.346300 ms  DeleteObjects: 0.407100 ms)

AssetImportParameters requested are different than current active one (requested -> active):
  custom:video-decoder-ogg-theora: a1e56fd34408186e4bbccfd4996cb3dc -> 
  custom:container-muxer-webm: aa71ff27fc2769a1b78a27578f13a17b -> 
  custom:container-demuxer-webm: 4f35f7cbe854078d1ac9338744f61a02 -> 
  custom:video-encoder-webm-vp8: eb34c28f22e8b96e1ab97ce403110664 -> 
  custom:video-codec-MediaFoundation-h265: 746d11721c4dcdbdad8f713fa42b33f4 -> 
  custom:CustomObjectIndexerAttribute: bc11b3a6c3213fcdd17b65e7da85e133 -> 
  custom:audio-encoder-webm-vorbis: bf7c407c2cedff20999df2af8eb42d56 -> 
  custom:framework-win-MediaFoundation: 216162199b28c13a410421893ffa2e32 -> 
  custom:SearchIndexIgnoredProperties: e643bd26f0fe6173181afceb89e7c659 -> 
  custom:container-demuxer-ogg: 62fdf1f143b41e24485cea50d1cbac27 -> 
  custom:video-decoder-webm-vp8: 9c59270c3fd7afecdb556c50c9e8de78 -> 
  custom:audio-decoder-ogg-vorbis: bf7c407c2cedff20999df2af8eb42d56 -> 
========================================================================
Received Import Request.
  Time since last request: 389860.332343 seconds.
  path: Assets/PolygonWestern/Models/CollisionConvex/SM_Env_BonePile_Small_01_Convex.asset
  artifactKey: Guid(2df7986d53550ec4fa26b8fa3a2042e1) Importer(815301076,1909f56bfc062723c751e8b465ee728b)
Number of updated assets reloaded before import = 0
Start importing Assets/PolygonWestern/Models/CollisionConvex/SM_Env_BonePile_Small_01_Convex.asset using Guid(2df7986d53550ec4fa26b8fa3a2042e1) Importer(815301076,1909f56bfc062723c751e8b465ee728b)  -> (artifact id: '5e4ec9d11215fe56434a26bf51b9b156') in 0.080218 seconds 
Number of asset objects unloaded after import = 1
========================================================================
Received Import Request.
  Time since last request: 0.000012 seconds.
  path: Assets/PolygonWestern/Models/CollisionConvex/SM_Prop_Bottle_Broken_01_Convex.asset
  artifactKey: Guid(3b7b602330d56fa4a8c72587850bd783) Importer(815301076,1909f56bfc062723c751e8b465ee728b)
Number of updated assets reloaded before import = 0
Start importing Assets/PolygonWestern/Models/CollisionConvex/SM_Prop_Bottle_Broken_01_Convex.asset using Guid(3b7b602330d56fa4a8c72587850bd783) Importer(815301076,1909f56bfc062723c751e8b465ee728b)  -> (artifact id: 'b6183a5a01a8a25b0991f802d8508c3c') in 0.006520 seconds 
Number of asset objects unloaded after import = 1
========================================================================
Received Import Request.
  Time since last request: 0.000008 seconds.
  path: Assets/PolygonPirates/Models/SM_Item_Bottle_02.fbx
  artifactKey: Guid(fdc47fcb52dbf494b8716a0f73a333e8) Importer(815301076,1909f56bfc062723c751e8b465ee728b)
Number of updated assets reloaded before import = 0
Start importing Assets/PolygonPirates/Models/SM_Item_Bottle_02.fbx using Guid(fdc47fcb52dbf494b8716a0f73a333e8) Importer(815301076,1909f56bfc062723c751e8b465ee728b)  -> (artifact id: '6afcf89db49d876bfcbcbebd602fc4a0') in 0.022237 seconds 
Number of asset objects unloaded after import = 7
========================================================================
Received Import Request.
  Time since last request: 0.000009 seconds.
  path: Assets/PolygonPirates/Models/SM_Item_Bomb_01.fbx
  artifactKey: Guid(dc4d54bc189b4fa409691c96af8e7ac2) Importer(815301076,1909f56bfc062723c751e8b465ee728b)
Number of updated assets reloaded before import = 0
Start importing Assets/PolygonPirates/Models/SM_Item_Bomb_01.fbx using Guid(dc4d54bc189b4fa409691c96af8e7ac2) Importer(815301076,1909f56bfc062723c751e8b465ee728b)  -> (artifact id: 'a15cffa833cc146174462497060b6147') in 0.007417 seconds 
Number of asset objects unloaded after import = 7
========================================================================
Received Import Request.
  Time since last request: 0.000008 seconds.
  path: Assets/PolygonWestern/Models/CollisionConvex/SM_Prop_Bottle_Broken_04_Convex.asset
  artifactKey: Guid(84e665fb888036f4fbcd459591f7629b) Importer(815301076,1909f56bfc062723c751e8b465ee728b)
Number of updated assets reloaded before import = 0
Start importing Assets/PolygonWestern/Models/CollisionConvex/SM_Prop_Bottle_Broken_04_Convex.asset using Guid(84e665fb888036f4fbcd459591f7629b) Importer(815301076,1909f56bfc062723c751e8b465ee728b)  -> (artifact id: '9142970e667036b31478b019c0345ca9') in 0.006070 seconds 
Number of asset objects unloaded after import = 1
========================================================================
Received Import Request.
  Time since last request: 0.000007 seconds.
  path: Assets/PolygonWestern/Models/CollisionConvex/SM_Prop_Bottle_02_Convex.asset
  artifactKey: Guid(5cf99e464c8442b4aa54d6750264dfda) Importer(815301076,1909f56bfc062723c751e8b465ee728b)
Number of updated assets reloaded before import = 0
Start importing Assets/PolygonWestern/Models/CollisionConvex/SM_Prop_Bottle_02_Convex.asset using Guid(5cf99e464c8442b4aa54d6750264dfda) Importer(815301076,1909f56bfc062723c751e8b465ee728b)  -> (artifact id: 'e502dcb66019754515e4ca00175cdccb') in 0.005935 seconds 
Number of asset objects unloaded after import = 1
========================================================================
Received Import Request.
  Time since last request: 0.000006 seconds.
  path: Assets/PolygonPirates/Models/SM_Item_Bottle_Attachment_01.fbx
  artifactKey: Guid(b1fca0e45114c444886c00e1ba5a83ce) Importer(815301076,1909f56bfc062723c751e8b465ee728b)
Number of updated assets reloaded before import = 0
Start importing Assets/PolygonPirates/Models/SM_Item_Bottle_Attachment_01.fbx using Guid(b1fca0e45114c444886c00e1ba5a83ce) Importer(815301076,1909f56bfc062723c751e8b465ee728b)  -> (artifact id: '7ae6c263b14894ed6cb92f05d78276dc') in 0.007099 seconds 
Number of asset objects unloaded after import = 7
========================================================================
Received Import Request.
  Time since last request: 0.000007 seconds.
  path: Assets/PolygonWestern/Models/SM_Prop_Bottle_Broken_03.fbx
  artifactKey: Guid(5862caab162e4c64bad443a05c8caf6e) Importer(815301076,1909f56bfc062723c751e8b465ee728b)
Number of updated assets reloaded before import = 0
Start importing Assets/PolygonWestern/Models/SM_Prop_Bottle_Broken_03.fbx using Guid(5862caab162e4c64bad443a05c8caf6e) Importer(815301076,1909f56bfc062723c751e8b465ee728b)  -> (artifact id: '1a6621bb8435a437306e1730d9f8be6c') in 0.008329 seconds 
Number of asset objects unloaded after import = 7
========================================================================
Received Import Request.
  Time since last request: 0.000007 seconds.
  path: Assets/PolygonWestern/Models/SM_Prop_Bottle_07.fbx
  artifactKey: Guid(aaec7d7d11c440e4fbd6bd2c1c27d7df) Importer(815301076,1909f56bfc062723c751e8b465ee728b)
Number of updated assets reloaded before import = 0
Start importing Assets/PolygonWestern/Models/SM_Prop_Bottle_07.fbx using Guid(aaec7d7d11c440e4fbd6bd2c1c27d7df) Importer(815301076,1909f56bfc062723c751e8b465ee728b)  -> (artifact id: '3f1d2bbf2d8b46aab7da962e3d39bdb4') in 0.007496 seconds 
Number of asset objects unloaded after import = 7
========================================================================
Received Import Request.
  Time since last request: 0.000007 seconds.
  path: Assets/PolygonWestern/Models/SM_Prop_Bottle_Broken_01.fbx
  artifactKey: Guid(9cf456c274860084c8f685cd577c559f) Importer(815301076,1909f56bfc062723c751e8b465ee728b)
Number of updated assets reloaded before import = 0
Start importing Assets/PolygonWestern/Models/SM_Prop_Bottle_Broken_01.fbx using Guid(9cf456c274860084c8f685cd577c559f) Importer(815301076,1909f56bfc062723c751e8b465ee728b)  -> (artifact id: '22746fc44978328a7dcc6ee96560d153') in 0.007275 seconds 
Number of asset objects unloaded after import = 7
========================================================================
Received Import Request.
  Time since last request: 0.000007 seconds.
  path: Assets/PolygonWestern/Models/CollisionConvex/SM_Prop_Bottle_03_Convex.asset
  artifactKey: Guid(0fb3550af17cdde42baa4e1c6118e97b) Importer(815301076,1909f56bfc062723c751e8b465ee728b)
Number of updated assets reloaded before import = 0
Start importing Assets/PolygonWestern/Models/CollisionConvex/SM_Prop_Bottle_03_Convex.asset using Guid(0fb3550af17cdde42baa4e1c6118e97b) Importer(815301076,1909f56bfc062723c751e8b465ee728b)  -> (artifact id: 'bfcdda4801a3f3b9d7889f44250e7c71') in 0.006323 seconds 
Number of asset objects unloaded after import = 1
========================================================================
Received Import Request.
  Time since last request: 0.000007 seconds.
  path: Assets/PolygonWestern/Models/CollisionConvex/SM_Prop_Bottle_01_Convex.asset
  artifactKey: Guid(66d351dd226c98c49bbacc881c80e29a) Importer(815301076,1909f56bfc062723c751e8b465ee728b)
Number of updated assets reloaded before import = 0
Start importing Assets/PolygonWestern/Models/CollisionConvex/SM_Prop_Bottle_01_Convex.asset using Guid(66d351dd226c98c49bbacc881c80e29a) Importer(815301076,1909f56bfc062723c751e8b465ee728b)  -> (artifact id: 'ab60bbd8b4ad6efbf9f7bf044f58f5b2') in 0.006903 seconds 
Number of asset objects unloaded after import = 1
========================================================================
Received Import Request.
  Time since last request: 0.000009 seconds.
  path: Assets/PolygonPirates/Models/SM_Item_Bottle_03.fbx
  artifactKey: Guid(9c3d4e9fe98fc6545a207ee216907899) Importer(815301076,1909f56bfc062723c751e8b465ee728b)
Number of updated assets reloaded before import = 0
Start importing Assets/PolygonPirates/Models/SM_Item_Bottle_03.fbx using Guid(9c3d4e9fe98fc6545a207ee216907899) Importer(815301076,1909f56bfc062723c751e8b465ee728b)  -> (artifact id: 'c159e5fa13d1a9880469fdebe99a2926') in 0.007414 seconds 
Number of asset objects unloaded after import = 7
========================================================================
Received Import Request.
  Time since last request: 0.000015 seconds.
  path: Assets/PolygonWestern/Models/CollisionConvex/SM_Prop_Bottle_Broken_03_Convex.asset
  artifactKey: Guid(288e7d27a2255bd49943c43a239c50b9) Importer(815301076,1909f56bfc062723c751e8b465ee728b)
Number of updated assets reloaded before import = 0
Start importing Assets/PolygonWestern/Models/CollisionConvex/SM_Prop_Bottle_Broken_03_Convex.asset using Guid(288e7d27a2255bd49943c43a239c50b9) Importer(815301076,1909f56bfc062723c751e8b465ee728b)  -> (artifact id: '76ccfe9d2aac5ba998555701cba44d43') in 0.006248 seconds 
Number of asset objects unloaded after import = 1
========================================================================
Received Import Request.
  Time since last request: 0.000008 seconds.
  path: Assets/PolygonWestern/Models/SM_Prop_Bottle_01.fbx
  artifactKey: Guid(e2893e766f9f1e647ba5b2e5114323ea) Importer(815301076,1909f56bfc062723c751e8b465ee728b)
Number of updated assets reloaded before import = 0
Start importing Assets/PolygonWestern/Models/SM_Prop_Bottle_01.fbx using Guid(e2893e766f9f1e647ba5b2e5114323ea) Importer(815301076,1909f56bfc062723c751e8b465ee728b)  -> (artifact id: 'a433b3e5cc05ddafd41bb4051e3819c5') in 0.007614 seconds 
Number of asset objects unloaded after import = 7
========================================================================
Received Import Request.
  Time since last request: 0.000007 seconds.
  path: Assets/PolygonWestern/Models/SM_Prop_Bottle_03.fbx
  artifactKey: Guid(58b552eac1baa9c4d9025220ab0f53a1) Importer(815301076,1909f56bfc062723c751e8b465ee728b)
Number of updated assets reloaded before import = 0
Start importing Assets/PolygonWestern/Models/SM_Prop_Bottle_03.fbx using Guid(58b552eac1baa9c4d9025220ab0f53a1) Importer(815301076,1909f56bfc062723c751e8b465ee728b)  -> (artifact id: '2a985b45bf6cbbf125665c514164027a') in 0.007710 seconds 
Number of asset objects unloaded after import = 7
========================================================================
Received Import Request.
  Time since last request: 0.000007 seconds.
  path: Assets/PolygonWestern/Models/SM_Prop_Bottle_06.fbx
  artifactKey: Guid(c6817a6f08e8aa34b9cd41f86b0680a2) Importer(815301076,1909f56bfc062723c751e8b465ee728b)
Number of updated assets reloaded before import = 0
Start importing Assets/PolygonWestern/Models/SM_Prop_Bottle_06.fbx using Guid(c6817a6f08e8aa34b9cd41f86b0680a2) Importer(815301076,1909f56bfc062723c751e8b465ee728b)  -> (artifact id: '0622aefd7566d9518ed421d9432c2d5b') in 0.008785 seconds 
Number of asset objects unloaded after import = 7
========================================================================
Received Import Request.
  Time since last request: 0.310819 seconds.
  path: Assets/PolygonPirates/Models/ConvexCollisions/SM_Prop_BottleTorch_01_Convex.asset
  artifactKey: Guid(ad51134824d712949b2191242aac4e70) Importer(815301076,1909f56bfc062723c751e8b465ee728b)
Number of updated assets reloaded before import = 0
Start importing Assets/PolygonPirates/Models/ConvexCollisions/SM_Prop_BottleTorch_01_Convex.asset using Guid(ad51134824d712949b2191242aac4e70) Importer(815301076,1909f56bfc062723c751e8b465ee728b)  -> (artifact id: '389b685b3306c6ca4db394cfff1512db') in 0.007112 seconds 
Number of asset objects unloaded after import = 1
========================================================================
Received Import Request.
  Time since last request: 0.000008 seconds.
  path: Assets/PolygonNatureBiomes/PNB_Tropical_Jungle/Models/SM_Prop_Rum_Bottle_01.fbx
  artifactKey: Guid(000873155d504e145a87fcfc951b5e44) Importer(815301076,1909f56bfc062723c751e8b465ee728b)
Number of updated assets reloaded before import = 0
Start importing Assets/PolygonNatureBiomes/PNB_Tropical_Jungle/Models/SM_Prop_Rum_Bottle_01.fbx using Guid(000873155d504e145a87fcfc951b5e44) Importer(815301076,1909f56bfc062723c751e8b465ee728b)  -> (artifact id: '09984f241eb6334692d0222d31be016a') in 0.009729 seconds 
Number of asset objects unloaded after import = 7
========================================================================
Received Import Request.
  Time since last request: 38.188208 seconds.
  path: Assets/PolygonNatureBiomes/PNB_Tropical_Jungle/Models/SM_Bld_Shack_Pirate_01.fbx
  artifactKey: Guid(5234402a50377a447acf0cf91807fef9) Importer(815301076,1909f56bfc062723c751e8b465ee728b)
Number of updated assets reloaded before import = 0
Start importing Assets/PolygonNatureBiomes/PNB_Tropical_Jungle/Models/SM_Bld_Shack_Pirate_01.fbx using Guid(5234402a50377a447acf0cf91807fef9) Importer(815301076,1909f56bfc062723c751e8b465ee728b)  -> (artifact id: 'b34a43d66a8daebe5fce9c8c57d6ea27') in 0.010597 seconds 
Number of asset objects unloaded after import = 7
========================================================================
Received Import Request.
  Time since last request: 0.000011 seconds.
  path: Assets/PolygonPirates/Models/CollisionCustom/SM_Bld_Shanty_Preset_03_Collision.fbx
  artifactKey: Guid(25742c4b5568032438695129cc91172f) Importer(815301076,1909f56bfc062723c751e8b465ee728b)
Number of updated assets reloaded before import = 0
Start importing Assets/PolygonPirates/Models/CollisionCustom/SM_Bld_Shanty_Preset_03_Collision.fbx using Guid(25742c4b5568032438695129cc91172f) Importer(815301076,1909f56bfc062723c751e8b465ee728b)  -> (artifact id: '8448f40a9ab46ced6d82b966e71832eb') in 0.007750 seconds 
Number of asset objects unloaded after import = 7
========================================================================
Received Import Request.
  Time since last request: 0.000010 seconds.
  path: Assets/PolygonPirates/Prefabs/Buildings/SM_Bld_Shop_03.prefab
  artifactKey: Guid(1a00cbdd4b8c3c8479ea20b990149e99) Importer(815301076,1909f56bfc062723c751e8b465ee728b)
Number of updated assets reloaded before import = 0
Start importing Assets/PolygonPirates/Prefabs/Buildings/SM_Bld_Shop_03.prefab using Guid(1a00cbdd4b8c3c8479ea20b990149e99) Importer(815301076,1909f56bfc062723c751e8b465ee728b)  -> (artifact id: '358e8f9fa625c56e5a794af641d33412') in 0.018924 seconds 
Number of asset objects unloaded after import = 12
========================================================================
Received Import Request.
  Time since last request: 0.000009 seconds.
  path: Assets/PolygonPirates/Prefabs/Buildings/SM_Bld_Shanty_Base_Stilts_01.prefab
  artifactKey: Guid(a79ed3af542451f469cb0c1865348829) Importer(815301076,1909f56bfc062723c751e8b465ee728b)
Number of updated assets reloaded before import = 0
Start importing Assets/PolygonPirates/Prefabs/Buildings/SM_Bld_Shanty_Base_Stilts_01.prefab using Guid(a79ed3af542451f469cb0c1865348829) Importer(815301076,1909f56bfc062723c751e8b465ee728b)  -> (artifact id: '3e1ef6c4aaa647104a5c44dfa7c210af') in 0.010193 seconds 
Number of asset objects unloaded after import = 12
========================================================================
Received Import Request.
  Time since last request: 0.000008 seconds.
  path: Assets/PolygonPirates/Prefabs/Buildings/SM_Bld_Shanty_Deck_01.prefab
  artifactKey: Guid(578f9d3214d5d44418cc636e3cabe5fa) Importer(815301076,1909f56bfc062723c751e8b465ee728b)
Number of updated assets reloaded before import = 0
Start importing Assets/PolygonPirates/Prefabs/Buildings/SM_Bld_Shanty_Deck_01.prefab using Guid(578f9d3214d5d44418cc636e3cabe5fa) Importer(815301076,1909f56bfc062723c751e8b465ee728b)  -> (artifact id: 'c3a2f1bcc48da710f52822bf1472ef34') in 0.010017 seconds 
Number of asset objects unloaded after import = 24
========================================================================
Received Import Request.
  Time since last request: 0.000008 seconds.
  path: Assets/PolygonPirates/Models/SM_Bld_Shanty_Preset_01.fbx
  artifactKey: Guid(c6c014d2050267b44b5f1f53274ec549) Importer(815301076,1909f56bfc062723c751e8b465ee728b)
Number of updated assets reloaded before import = 0
Start importing Assets/PolygonPirates/Models/SM_Bld_Shanty_Preset_01.fbx using Guid(c6c014d2050267b44b5f1f53274ec549) Importer(815301076,1909f56bfc062723c751e8b465ee728b)  -> (artifact id: '4ebe17f69bd7d804e0b3b57a85dec205') in 0.009647 seconds 
Number of asset objects unloaded after import = 7
========================================================================
Received Import Request.
  Time since last request: 0.000008 seconds.
  path: Assets/PolygonPirates/Models/SM_Bld_Shop_03.fbx
  artifactKey: Guid(e09af1aa95b0d204591774e4f54dae8b) Importer(815301076,1909f56bfc062723c751e8b465ee728b)
Number of updated assets reloaded before import = 0
Start importing Assets/PolygonPirates/Models/SM_Bld_Shop_03.fbx using Guid(e09af1aa95b0d204591774e4f54dae8b) Importer(815301076,1909f56bfc062723c751e8b465ee728b)  -> (artifact id: '60228d8fedf025da1c54f7ce5c9f7fa9') in 0.008961 seconds 
Number of asset objects unloaded after import = 7
========================================================================
Received Import Request.
  Time since last request: 0.000008 seconds.
  path: Assets/PolygonPirates/Models/SM_Bld_Shanty_Room_02.fbx
  artifactKey: Guid(989be93370bdd4f4ca30d59ed610833a) Importer(815301076,1909f56bfc062723c751e8b465ee728b)
Number of updated assets reloaded before import = 0
Start importing Assets/PolygonPirates/Models/SM_Bld_Shanty_Room_02.fbx using Guid(989be93370bdd4f4ca30d59ed610833a) Importer(815301076,1909f56bfc062723c751e8b465ee728b)  -> (artifact id: 'ad2fe247015058326c01f7ca763a37cc') in 0.008190 seconds 
Number of asset objects unloaded after import = 7
========================================================================
Received Import Request.
  Time since last request: 0.000008 seconds.
  path: Assets/PolygonPirates/Models/SM_Bld_Shanty_Room_03.fbx
  artifactKey: Guid(8e5c85a892ef3324587fae297bc38f50) Importer(815301076,1909f56bfc062723c751e8b465ee728b)
Number of updated assets reloaded before import = 0
Start importing Assets/PolygonPirates/Models/SM_Bld_Shanty_Room_03.fbx using Guid(8e5c85a892ef3324587fae297bc38f50) Importer(815301076,1909f56bfc062723c751e8b465ee728b)  -> (artifact id: 'ea3f34173fa0b3ca6115bdb3ec03a884') in 0.009226 seconds 
Number of asset objects unloaded after import = 7
========================================================================
Received Import Request.
  Time since last request: 0.000010 seconds.
  path: Assets/PolygonPirates/Models/SM_Bld_Shanty_SideAttachment_02.fbx
  artifactKey: Guid(37957d11d1a22d94aa23e35a2a6bab55) Importer(815301076,1909f56bfc062723c751e8b465ee728b)
Number of updated assets reloaded before import = 0
Start importing Assets/PolygonPirates/Models/SM_Bld_Shanty_SideAttachment_02.fbx using Guid(37957d11d1a22d94aa23e35a2a6bab55) Importer(815301076,1909f56bfc062723c751e8b465ee728b)  -> (artifact id: 'd5655119f6354778cf7249daeb087adb') in 0.010119 seconds 
Number of asset objects unloaded after import = 7
========================================================================
Received Import Request.
  Time since last request: 0.000008 seconds.
  path: Assets/PolygonNatureBiomes/PNB_Tropical_Jungle/Models/SM_Env_Bush_01.fbx
  artifactKey: Guid(092735527e5e96c40aaf623925d4e234) Importer(815301076,1909f56bfc062723c751e8b465ee728b)
Number of updated assets reloaded before import = 0
Start importing Assets/PolygonNatureBiomes/PNB_Tropical_Jungle/Models/SM_Env_Bush_01.fbx using Guid(092735527e5e96c40aaf623925d4e234) Importer(815301076,1909f56bfc062723c751e8b465ee728b)  -> (artifact id: 'a2c5c9f945c39ed0b9548d86e5f841db') in 0.017984 seconds 
Number of asset objects unloaded after import = 15
========================================================================
Received Import Request.
  Time since last request: 0.000011 seconds.
  path: Assets/PolygonPirates/Prefabs/Buildings/SM_Bld_Shanty_Base_Stilts_02.prefab
  artifactKey: Guid(31d4aed1e3fa69f48916a476ab5cebdf) Importer(815301076,1909f56bfc062723c751e8b465ee728b)
Number of updated assets reloaded before import = 0
Start importing Assets/PolygonPirates/Prefabs/Buildings/SM_Bld_Shanty_Base_Stilts_02.prefab using Guid(31d4aed1e3fa69f48916a476ab5cebdf) Importer(815301076,1909f56bfc062723c751e8b465ee728b)  -> (artifact id: '79a976fb57ff2cb39e92bb1ad185b874') in 0.010067 seconds 
Number of asset objects unloaded after import = 12
========================================================================
Received Import Request.
  Time since last request: 0.000016 seconds.
  path: Assets/PolygonPirates/Models/SM_Bld_Shanty_Preset_03.fbx
  artifactKey: Guid(ca26ebbb4474a554aabfa89088f3e95f) Importer(815301076,1909f56bfc062723c751e8b465ee728b)
Number of updated assets reloaded before import = 0
Start importing Assets/PolygonPirates/Models/SM_Bld_Shanty_Preset_03.fbx using Guid(ca26ebbb4474a554aabfa89088f3e95f) Importer(815301076,1909f56bfc062723c751e8b465ee728b)  -> (artifact id: 'f6e5bebcfb60e5dd7e598620fb97f350') in 0.010320 seconds 
Number of asset objects unloaded after import = 7
========================================================================
Received Import Request.
  Time since last request: 0.000008 seconds.
  path: Assets/PolygonPirates/Models/CollisionCustom/SM_Bld_Shop_01_Collision.fbx
  artifactKey: Guid(ee39caa630cee904b94933a14b460473) Importer(815301076,1909f56bfc062723c751e8b465ee728b)
Number of updated assets reloaded before import = 0
Start importing Assets/PolygonPirates/Models/CollisionCustom/SM_Bld_Shop_01_Collision.fbx using Guid(ee39caa630cee904b94933a14b460473) Importer(815301076,1909f56bfc062723c751e8b465ee728b)  -> (artifact id: 'c64d7f489e55b6d1c57a618ee39acc42') in 0.009172 seconds 
Number of asset objects unloaded after import = 7
========================================================================
Received Import Request.
  Time since last request: 0.000008 seconds.
  path: Assets/PolygonPirates/Models/SM_Bld_Shanty_Roof_05.fbx
  artifactKey: Guid(402c06b62e597b2409088043cbf6c332) Importer(815301076,1909f56bfc062723c751e8b465ee728b)
Number of updated assets reloaded before import = 0
Start importing Assets/PolygonPirates/Models/SM_Bld_Shanty_Roof_05.fbx using Guid(402c06b62e597b2409088043cbf6c332) Importer(815301076,1909f56bfc062723c751e8b465ee728b)  -> (artifact id: '5417eac368b3bc70c7364a9c8e56edaf') in 0.007556 seconds 
Number of asset objects unloaded after import = 7
========================================================================
Received Import Request.
  Time since last request: 0.000008 seconds.
  path: Assets/PolygonPirates/Prefabs/Buildings/SM_Bld_Shanty_SideAttachment_03.prefab
  artifactKey: Guid(faa096b36820fe544a84357b7433010e) Importer(815301076,1909f56bfc062723c751e8b465ee728b)
Number of updated assets reloaded before import = 0
Start importing Assets/PolygonPirates/Prefabs/Buildings/SM_Bld_Shanty_SideAttachment_03.prefab using Guid(faa096b36820fe544a84357b7433010e) Importer(815301076,1909f56bfc062723c751e8b465ee728b)  -> (artifact id: '98c5f40680c83a3b67c0fba63ac1c282') in 0.010057 seconds 
Number of asset objects unloaded after import = 12
========================================================================
Received Import Request.
  Time since last request: 0.000009 seconds.
  path: Assets/PolygonPirates/Prefabs/Buildings/SM_Bld_Shop_02.prefab
  artifactKey: Guid(078c02eb1da343241a68cd6f86dec914) Importer(815301076,1909f56bfc062723c751e8b465ee728b)
Number of updated assets reloaded before import = 0
Start importing Assets/PolygonPirates/Prefabs/Buildings/SM_Bld_Shop_02.prefab using Guid(078c02eb1da343241a68cd6f86dec914) Importer(815301076,1909f56bfc062723c751e8b465ee728b)  -> (artifact id: '15f03ff7f5decf9a373c7d88e0160372') in 0.010114 seconds 
Number of asset objects unloaded after import = 12
========================================================================
Received Import Request.
  Time since last request: 0.000007 seconds.
  path: Assets/PolygonNatureBiomes/PNB_Tropical_Jungle/Prefabs/SM_Env_Bush_01.prefab
  artifactKey: Guid(fdf510ef3a7f1f846aee1bf336de10c6) Importer(815301076,1909f56bfc062723c751e8b465ee728b)
Number of updated assets reloaded before import = 0
Start importing Assets/PolygonNatureBiomes/PNB_Tropical_Jungle/Prefabs/SM_Env_Bush_01.prefab using Guid(fdf510ef3a7f1f846aee1bf336de10c6) Importer(815301076,1909f56bfc062723c751e8b465ee728b)  -> (artifact id: 'af9b55b4f10f141d957bba12ef2dc47a') in 0.011504 seconds 
Number of asset objects unloaded after import = 21
========================================================================
Received Import Request.
  Time since last request: 0.000008 seconds.
  path: Assets/PolygonPirates/Models/SM_Bld_Shanty_SideAttachment_04.fbx
  artifactKey: Guid(dfbf95bbdc5143e43b326838118a98bb) Importer(815301076,1909f56bfc062723c751e8b465ee728b)
Number of updated assets reloaded before import = 0
Start importing Assets/PolygonPirates/Models/SM_Bld_Shanty_SideAttachment_04.fbx using Guid(dfbf95bbdc5143e43b326838118a98bb) Importer(815301076,1909f56bfc062723c751e8b465ee728b)  -> (artifact id: '208d5048bf2cb05a81cdea5540a8fb31') in 0.008491 seconds 
Number of asset objects unloaded after import = 7
========================================================================
Received Import Request.
  Time since last request: 0.000009 seconds.
  path: Assets/PolygonPirates/Models/SM_Bld_Shanty_SideAttachment_03.fbx
  artifactKey: Guid(92bdc2fb0d9ed1c428cfd93797b9f272) Importer(815301076,1909f56bfc062723c751e8b465ee728b)
Number of updated assets reloaded before import = 0
Start importing Assets/PolygonPirates/Models/SM_Bld_Shanty_SideAttachment_03.fbx using Guid(92bdc2fb0d9ed1c428cfd93797b9f272) Importer(815301076,1909f56bfc062723c751e8b465ee728b)  -> (artifact id: 'e3b6602f5a769d284f5ce27c3cc5af8a') in 0.007685 seconds 
Number of asset objects unloaded after import = 7
========================================================================
Received Import Request.
  Time since last request: 0.000009 seconds.
  path: Assets/PolygonPirates/Models/CollisionCustom/SM_Bld_Shanty_Preset_06_Collision.fbx
  artifactKey: Guid(d1779be56f3d4b942b6188888f581da7) Importer(815301076,1909f56bfc062723c751e8b465ee728b)
Number of updated assets reloaded before import = 0
Start importing Assets/PolygonPirates/Models/CollisionCustom/SM_Bld_Shanty_Preset_06_Collision.fbx using Guid(d1779be56f3d4b942b6188888f581da7) Importer(815301076,1909f56bfc062723c751e8b465ee728b)  -> (artifact id: '6e6b1c352233c2d0f87e8d07beb6b15c') in 0.008852 seconds 
Number of asset objects unloaded after import = 7
========================================================================
Received Import Request.
  Time since last request: 0.000007 seconds.
  path: Assets/PolygonPirates/Models/SM_Bld_Shanty_Base_Stilts_02.fbx
  artifactKey: Guid(bf474b28a5ced6b47bbc5a391eb7fc83) Importer(815301076,1909f56bfc062723c751e8b465ee728b)
Number of updated assets reloaded before import = 0
Start importing Assets/PolygonPirates/Models/SM_Bld_Shanty_Base_Stilts_02.fbx using Guid(bf474b28a5ced6b47bbc5a391eb7fc83) Importer(815301076,1909f56bfc062723c751e8b465ee728b)  -> (artifact id: '45c8e80fecf2249a038ba0f94f5fb568') in 0.008327 seconds 
Number of asset objects unloaded after import = 7
========================================================================
Received Import Request.
  Time since last request: 0.000008 seconds.
  path: Assets/PolygonPirates/Models/SM_Bld_Shanty_Preset_Bar_01.fbx
  artifactKey: Guid(b45f14f435512114b9de49cb4a3e8394) Importer(815301076,1909f56bfc062723c751e8b465ee728b)
Number of updated assets reloaded before import = 0
Start importing Assets/PolygonPirates/Models/SM_Bld_Shanty_Preset_Bar_01.fbx using Guid(b45f14f435512114b9de49cb4a3e8394) Importer(815301076,1909f56bfc062723c751e8b465ee728b)  -> (artifact id: 'c30d5522ff13efb20a0e0150998b6041') in 0.009874 seconds 
Number of asset objects unloaded after import = 7
========================================================================
Received Import Request.
  Time since last request: 0.000008 seconds.
  path: Assets/PolygonWestern/Prefabs/Buildings/SM_Bld_Shed_01.prefab
  artifactKey: Guid(76d3c1ce6daa38344a432667e1371635) Importer(815301076,1909f56bfc062723c751e8b465ee728b)
Number of updated assets reloaded before import = 0
Start importing Assets/PolygonWestern/Prefabs/Buildings/SM_Bld_Shed_01.prefab using Guid(76d3c1ce6daa38344a432667e1371635) Importer(815301076,1909f56bfc062723c751e8b465ee728b)  -> (artifact id: '39418c9242a8a77269140956e83621a1') in 0.018895 seconds 
Number of asset objects unloaded after import = 12
========================================================================
Received Import Request.
  Time since last request: 0.000008 seconds.
  path: Assets/PolygonPirates/Prefabs/Buildings/SM_Bld_Shanty_Preset_Bar_01.prefab
  artifactKey: Guid(aac9c1a836afea640963b9afeffd9f6f) Importer(815301076,1909f56bfc062723c751e8b465ee728b)
Number of updated assets reloaded before import = 0
Start importing Assets/PolygonPirates/Prefabs/Buildings/SM_Bld_Shanty_Preset_Bar_01.prefab using Guid(aac9c1a836afea640963b9afeffd9f6f) Importer(815301076,1909f56bfc062723c751e8b465ee728b)  -> (artifact id: 'cff038502c46a9cefca0c67246b1e57d') in 0.009391 seconds 
Number of asset objects unloaded after import = 12
========================================================================
Received Import Request.
  Time since last request: 0.000008 seconds.
  path: Assets/PolygonNatureBiomes/PNB_Tropical_Jungle/Prefabs/SM_Env_Bush_02.prefab
  artifactKey: Guid(64a65502f1260b24f9a734f08281c929) Importer(815301076,1909f56bfc062723c751e8b465ee728b)
Number of updated assets reloaded before import = 0
Start importing Assets/PolygonNatureBiomes/PNB_Tropical_Jungle/Prefabs/SM_Env_Bush_02.prefab using Guid(64a65502f1260b24f9a734f08281c929) Importer(815301076,1909f56bfc062723c751e8b465ee728b)  -> (artifact id: '01e7a75c1b4043bf89193b03e1e42215') in 0.011260 seconds 
Number of asset objects unloaded after import = 28
========================================================================
Received Import Request.
  Time since last request: 0.000009 seconds.
  path: Assets/PolygonPirates/Models/CollisionCustom/SM_Bld_Shanty_Preset_07_Collision.fbx
  artifactKey: Guid(5783ee3778d62e04389ca4d373ed5393) Importer(815301076,1909f56bfc062723c751e8b465ee728b)
Number of updated assets reloaded before import = 0
Start importing Assets/PolygonPirates/Models/CollisionCustom/SM_Bld_Shanty_Preset_07_Collision.fbx using Guid(5783ee3778d62e04389ca4d373ed5393) Importer(815301076,1909f56bfc062723c751e8b465ee728b)  -> (artifact id: '0a8b4779bd24790cfe0475af6f7522d1') in 0.008576 seconds 
Number of asset objects unloaded after import = 7
========================================================================
Received Import Request.
  Time since last request: 0.000008 seconds.
  path: Assets/PolygonPirates/Models/SM_Bld_Shanty_Stairs_01.fbx
  artifactKey: Guid(4708626ea157d3a41ad0083ae08287ea) Importer(815301076,1909f56bfc062723c751e8b465ee728b)
Number of updated assets reloaded before import = 0
Start importing Assets/PolygonPirates/Models/SM_Bld_Shanty_Stairs_01.fbx using Guid(4708626ea157d3a41ad0083ae08287ea) Importer(815301076,1909f56bfc062723c751e8b465ee728b)  -> (artifact id: '6c2ad7ee45a905dc24a5faed64155294') in 0.007665 seconds 
Number of asset objects unloaded after import = 7
========================================================================
Received Import Request.
  Time since last request: 0.289343 seconds.
  path: Assets/PolygonPirates/Prefabs/Props/SM_Prop_Crane_Shark_01.prefab
  artifactKey: Guid(365e4a2b68585bb48838ef11aafd9024) Importer(815301076,1909f56bfc062723c751e8b465ee728b)
Number of updated assets reloaded before import = 0
Start importing Assets/PolygonPirates/Prefabs/Props/SM_Prop_Crane_Shark_01.prefab using Guid(365e4a2b68585bb48838ef11aafd9024) Importer(815301076,1909f56bfc062723c751e8b465ee728b)  -> (artifact id: 'ec2895ab061c7b949c9f1056c8a2e356') in 0.010677 seconds 
Number of asset objects unloaded after import = 16
========================================================================
Received Import Request.
  Time since last request: 0.000008 seconds.
  path: Assets/PolygonPirates/Prefabs/Props/SM_Prop_Shanty_BuildingAttachment_03.prefab
  artifactKey: Guid(48cfcbd6ecc7dbf43aaeefd0691d4d58) Importer(815301076,1909f56bfc062723c751e8b465ee728b)
Number of updated assets reloaded before import = 0
Start importing Assets/PolygonPirates/Prefabs/Props/SM_Prop_Shanty_BuildingAttachment_03.prefab using Guid(48cfcbd6ecc7dbf43aaeefd0691d4d58) Importer(815301076,1909f56bfc062723c751e8b465ee728b)  -> (artifact id: '43a6a7ca48a4ac767e689a5657b9d4d8') in 0.009855 seconds 
Number of asset objects unloaded after import = 12
========================================================================
Received Import Request.
  Time since last request: 0.000008 seconds.
  path: Assets/PolygonPirates/Prefabs/Props/SM_Prop_Shanty_BuildingAttachment_02.prefab
  artifactKey: Guid(bbe455b5c16691c4f92f6b6e33799183) Importer(815301076,1909f56bfc062723c751e8b465ee728b)
Number of updated assets reloaded before import = 0
Start importing Assets/PolygonPirates/Prefabs/Props/SM_Prop_Shanty_BuildingAttachment_02.prefab using Guid(bbe455b5c16691c4f92f6b6e33799183) Importer(815301076,1909f56bfc062723c751e8b465ee728b)  -> (artifact id: '357137d786f2011ff66f33536e6ebc73') in 0.009879 seconds 
Number of asset objects unloaded after import = 12
========================================================================
Received Import Request.
  Time since last request: 0.000008 seconds.
  path: Assets/PolygonPirates/Models/SM_Prop_Shanty_BuildingAttachment_02.fbx
  artifactKey: Guid(e6b9958892775bf40b92e1a7de475dbc) Importer(815301076,1909f56bfc062723c751e8b465ee728b)
Number of updated assets reloaded before import = 0
Start importing Assets/PolygonPirates/Models/SM_Prop_Shanty_BuildingAttachment_02.fbx using Guid(e6b9958892775bf40b92e1a7de475dbc) Importer(815301076,1909f56bfc062723c751e8b465ee728b)  -> (artifact id: '5453a0fb0ced168aa7df3ceee536679f') in 0.008814 seconds 
Number of asset objects unloaded after import = 7
========================================================================
Received Import Request.
  Time since last request: 4.198218 seconds.
  path: Assets/PolygonWestern/Models/SM_Bld_Large_01.fbx
  artifactKey: Guid(fa579352358ad7a41b98d636af80f0ee) Importer(815301076,1909f56bfc062723c751e8b465ee728b)
Number of updated assets reloaded before import = 0
Start importing Assets/PolygonWestern/Models/SM_Bld_Large_01.fbx using Guid(fa579352358ad7a41b98d636af80f0ee) Importer(815301076,1909f56bfc062723c751e8b465ee728b)  -> (artifact id: '2340de810bedca83436f98bc61fccad5') in 0.014971 seconds 
Number of asset objects unloaded after import = 17
========================================================================
Received Import Request.
  Time since last request: 0.000007 seconds.
  path: Assets/PolygonWestern/Prefabs/Buildings/SM_Bld_Sign_10.prefab
  artifactKey: Guid(2801bef99f088994e8cfbf3539a0812a) Importer(815301076,1909f56bfc062723c751e8b465ee728b)
Number of updated assets reloaded before import = 0
Start importing Assets/PolygonWestern/Prefabs/Buildings/SM_Bld_Sign_10.prefab using Guid(2801bef99f088994e8cfbf3539a0812a) Importer(815301076,1909f56bfc062723c751e8b465ee728b)  -> (artifact id: 'ee3c3370e7a1de149ccb3e8b9ff2845b') in 0.007626 seconds 
Number of asset objects unloaded after import = 10
========================================================================
Received Import Request.
  Time since last request: 0.000009 seconds.
  path: Assets/PolygonWestern/Models/SM_Bld_Sign_16.fbx
  artifactKey: Guid(5651f54ee67da9f4eb280b5b6de24e62) Importer(815301076,1909f56bfc062723c751e8b465ee728b)
Number of updated assets reloaded before import = 0
Start importing Assets/PolygonWestern/Models/SM_Bld_Sign_16.fbx using Guid(5651f54ee67da9f4eb280b5b6de24e62) Importer(815301076,1909f56bfc062723c751e8b465ee728b)  -> (artifact id: 'b9d1ea10f984c5dc6033038adf0ba972') in 0.008093 seconds 
Number of asset objects unloaded after import = 7
========================================================================
Received Import Request.
  Time since last request: 0.000010 seconds.
  path: Assets/PolygonWestern/Models/SM_Bld_Sign_12.fbx
  artifactKey: Guid(94a5ff6a8316dbf498df2dd97e5c4745) Importer(815301076,1909f56bfc062723c751e8b465ee728b)
Number of updated assets reloaded before import = 0
Start importing Assets/PolygonWestern/Models/SM_Bld_Sign_12.fbx using Guid(94a5ff6a8316dbf498df2dd97e5c4745) Importer(815301076,1909f56bfc062723c751e8b465ee728b)  -> (artifact id: '9a37d13772a8f734a9c1a352676aecfc') in 0.008986 seconds 
Number of asset objects unloaded after import = 7
========================================================================
Received Import Request.
  Time since last request: 0.000010 seconds.
  path: Assets/PolygonWestern/Models/SM_Bld_Sign_02.fbx
  artifactKey: Guid(f7f3e34164890ca42ba5e5a1dfae9137) Importer(815301076,1909f56bfc062723c751e8b465ee728b)
Number of updated assets reloaded before import = 0
Start importing Assets/PolygonWestern/Models/SM_Bld_Sign_02.fbx using Guid(f7f3e34164890ca42ba5e5a1dfae9137) Importer(815301076,1909f56bfc062723c751e8b465ee728b)  -> (artifact id: '7e71cf2fb0d2352b3bd48ce55c914044') in 0.007437 seconds 
Number of asset objects unloaded after import = 7
========================================================================
Received Import Request.
  Time since last request: 0.000011 seconds.
  path: Assets/PolygonWestern/Prefabs/Buildings/SM_Bld_Sign_09.prefab
  artifactKey: Guid(29c5232bcbcf1c2498dc6b54c6487753) Importer(815301076,1909f56bfc062723c751e8b465ee728b)
Number of updated assets reloaded before import = 0
Start importing Assets/PolygonWestern/Prefabs/Buildings/SM_Bld_Sign_09.prefab using Guid(29c5232bcbcf1c2498dc6b54c6487753) Importer(815301076,1909f56bfc062723c751e8b465ee728b)  -> (artifact id: '6f21cbaecb8b97e8fedc8f287d2fad80') in 0.008018 seconds 
Number of asset objects unloaded after import = 10
========================================================================
Received Import Request.
  Time since last request: 0.000008 seconds.
  path: Assets/PolygonWestern/Models/Colliders/SM_Bld_Single_Deck_02_Collision.fbx
  artifactKey: Guid(63b9e7b64a10d604dac7d2b76ee70479) Importer(815301076,1909f56bfc062723c751e8b465ee728b)
Number of updated assets reloaded before import = 0
Start importing Assets/PolygonWestern/Models/Colliders/SM_Bld_Single_Deck_02_Collision.fbx using Guid(63b9e7b64a10d604dac7d2b76ee70479) Importer(815301076,1909f56bfc062723c751e8b465ee728b)  -> (artifact id: '8d55e237108881df5903f142132fe89d') in 0.010878 seconds 
Number of asset objects unloaded after import = 7
========================================================================
Received Import Request.
  Time since last request: 0.000008 seconds.
  path: Assets/PolygonWestern/Prefabs/Buildings/SM_Bld_Sign_07.prefab
  artifactKey: Guid(83a3f332d4b3e0245b9283e277e4ddec) Importer(815301076,1909f56bfc062723c751e8b465ee728b)
Number of updated assets reloaded before import = 0
Start importing Assets/PolygonWestern/Prefabs/Buildings/SM_Bld_Sign_07.prefab using Guid(83a3f332d4b3e0245b9283e277e4ddec) Importer(815301076,1909f56bfc062723c751e8b465ee728b)  -> (artifact id: '9fc1cecda6c559702be5a6f358defe07') in 0.007406 seconds 
Number of asset objects unloaded after import = 10
========================================================================
Received Import Request.
  Time since last request: 0.000007 seconds.
  path: Assets/PolygonWestern/Models/SM_Bld_Sign_05.fbx
  artifactKey: Guid(29fa4d940c6f05447a7283f08d45694e) Importer(815301076,1909f56bfc062723c751e8b465ee728b)
Number of updated assets reloaded before import = 0
Start importing Assets/PolygonWestern/Models/SM_Bld_Sign_05.fbx using Guid(29fa4d940c6f05447a7283f08d45694e) Importer(815301076,1909f56bfc062723c751e8b465ee728b)  -> (artifact id: '4140adc647956533f72fc242ac80ce38') in 0.007944 seconds 
Number of asset objects unloaded after import = 7
========================================================================
Received Import Request.
  Time since last request: 0.000007 seconds.
  path: Assets/PolygonWestern/Models/Colliders/SM_Bld_Single_01_Collision.fbx
  artifactKey: Guid(276db549cda53a145ba8e49069147946) Importer(815301076,1909f56bfc062723c751e8b465ee728b)
Number of updated assets reloaded before import = 0
Start importing Assets/PolygonWestern/Models/Colliders/SM_Bld_Single_01_Collision.fbx using Guid(276db549cda53a145ba8e49069147946) Importer(815301076,1909f56bfc062723c751e8b465ee728b)  -> (artifact id: '7275ccbcba7f0cd32b636d2b879ad24b') in 0.009521 seconds 
Number of asset objects unloaded after import = 7
========================================================================
Received Import Request.
  Time since last request: 0.000008 seconds.
  path: Assets/PolygonWestern/Prefabs/Buildings/SM_Bld_Sign_04.prefab
  artifactKey: Guid(e848f1b9771e3b644bab6eb5168dded2) Importer(815301076,1909f56bfc062723c751e8b465ee728b)
Number of updated assets reloaded before import = 0
Start importing Assets/PolygonWestern/Prefabs/Buildings/SM_Bld_Sign_04.prefab using Guid(e848f1b9771e3b644bab6eb5168dded2) Importer(815301076,1909f56bfc062723c751e8b465ee728b)  -> (artifact id: 'ede734186824c8ab895308e4d0810471') in 0.007339 seconds 
Number of asset objects unloaded after import = 10
========================================================================
Received Import Request.
  Time since last request: 0.000009 seconds.
  path: Assets/PolygonWestern/Prefabs/Buildings/SM_Bld_Sign_05.prefab
  artifactKey: Guid(37e41372ced6c2c4b96a7767ef4f194d) Importer(815301076,1909f56bfc062723c751e8b465ee728b)
Number of updated assets reloaded before import = 0
Start importing Assets/PolygonWestern/Prefabs/Buildings/SM_Bld_Sign_05.prefab using Guid(37e41372ced6c2c4b96a7767ef4f194d) Importer(815301076,1909f56bfc062723c751e8b465ee728b)  -> (artifact id: '5f727cdb954f99ccf943144b5be40f82') in 0.007509 seconds 
Number of asset objects unloaded after import = 10
========================================================================
Received Import Request.
  Time since last request: 0.000008 seconds.
  path: Assets/PolygonPirates/Models/SM_Bld_Mansion_Roof_Single_01.fbx
  artifactKey: Guid(fb7156805165c774bb74c2acb83955ba) Importer(815301076,1909f56bfc062723c751e8b465ee728b)
Number of updated assets reloaded before import = 0
Start importing Assets/PolygonPirates/Models/SM_Bld_Mansion_Roof_Single_01.fbx using Guid(fb7156805165c774bb74c2acb83955ba) Importer(815301076,1909f56bfc062723c751e8b465ee728b)  -> (artifact id: '6f1ceb6cb8e5b0543d31763c13d5c4c0') in 0.009526 seconds 
Number of asset objects unloaded after import = 7
========================================================================
Received Import Request.
  Time since last request: 0.000007 seconds.
  path: Assets/PolygonWestern/Prefabs/Buildings/SM_Bld_Sign_15.prefab
  artifactKey: Guid(19524129886f148458d9ab8ee87f0fac) Importer(815301076,1909f56bfc062723c751e8b465ee728b)
Number of updated assets reloaded before import = 0
Start importing Assets/PolygonWestern/Prefabs/Buildings/SM_Bld_Sign_15.prefab using Guid(19524129886f148458d9ab8ee87f0fac) Importer(815301076,1909f56bfc062723c751e8b465ee728b)  -> (artifact id: '1605ccc21d1f5c13a787d8bef45f1e98') in 0.007764 seconds 
Number of asset objects unloaded after import = 10
========================================================================
Received Import Request.
  Time since last request: 0.000007 seconds.
  path: Assets/PolygonWestern/Models/SM_Bld_Sign_18.fbx
  artifactKey: Guid(e2eb7000714607b4d8d3662adab68e48) Importer(815301076,1909f56bfc062723c751e8b465ee728b)
Number of updated assets reloaded before import = 0
Start importing Assets/PolygonWestern/Models/SM_Bld_Sign_18.fbx using Guid(e2eb7000714607b4d8d3662adab68e48) Importer(815301076,1909f56bfc062723c751e8b465ee728b)  -> (artifact id: '504e08ef0f81022ffecca7e580bc5415') in 0.007354 seconds 
Number of asset objects unloaded after import = 7
========================================================================
Received Import Request.
  Time since last request: 0.000007 seconds.
  path: Assets/PolygonWestern/Models/SM_Bld_Single_Deck_01.fbx
  artifactKey: Guid(037e1116f9272434e885bfbe6ba3f192) Importer(815301076,1909f56bfc062723c751e8b465ee728b)
Number of updated assets reloaded before import = 0
Start importing Assets/PolygonWestern/Models/SM_Bld_Single_Deck_01.fbx using Guid(037e1116f9272434e885bfbe6ba3f192) Importer(815301076,1909f56bfc062723c751e8b465ee728b)  -> (artifact id: '6422fe921c6cbbf1a4d95de33f94bea4') in 0.007754 seconds 
Number of asset objects unloaded after import = 7
========================================================================
Received Import Request.
  Time since last request: 0.000007 seconds.
  path: Assets/PolygonWestern/Models/Colliders/SM_Bld_Single_Deck_01_Collision.fbx
  artifactKey: Guid(ad0cfe7b3d9105c438da575ec86a34b0) Importer(815301076,1909f56bfc062723c751e8b465ee728b)
Number of updated assets reloaded before import = 0
Start importing Assets/PolygonWestern/Models/Colliders/SM_Bld_Single_Deck_01_Collision.fbx using Guid(ad0cfe7b3d9105c438da575ec86a34b0) Importer(815301076,1909f56bfc062723c751e8b465ee728b)  -> (artifact id: '35d1f4d2029cf4d460830f263614091f') in 0.008314 seconds 
Number of asset objects unloaded after import = 7
========================================================================
Received Import Request.
  Time since last request: 0.000009 seconds.
  path: Assets/PolygonWestern/Models/SM_Bld_Single_Deck_02.fbx
  artifactKey: Guid(e871bc4aff62c7b4baefb5569ae99186) Importer(815301076,1909f56bfc062723c751e8b465ee728b)
Number of updated assets reloaded before import = 0
Start importing Assets/PolygonWestern/Models/SM_Bld_Single_Deck_02.fbx using Guid(e871bc4aff62c7b4baefb5569ae99186) Importer(815301076,1909f56bfc062723c751e8b465ee728b)  -> (artifact id: '45a28e1362ebea4cadf055f1abec7c2c') in 0.008163 seconds 
Number of asset objects unloaded after import = 7
========================================================================
Received Import Request.
  Time since last request: 0.000014 seconds.
  path: Assets/PolygonWestern/Prefabs/Buildings/SM_Bld_Single_Balcony_01.prefab
  artifactKey: Guid(528dda3b894d15b468c2f71de15d489f) Importer(815301076,1909f56bfc062723c751e8b465ee728b)
Number of updated assets reloaded before import = 0
Start importing Assets/PolygonWestern/Prefabs/Buildings/SM_Bld_Single_Balcony_01.prefab using Guid(528dda3b894d15b468c2f71de15d489f) Importer(815301076,1909f56bfc062723c751e8b465ee728b)  -> (artifact id: 'd15c5a879ad0e64259fbf7d7557fdbd3') in 0.009397 seconds 
Number of asset objects unloaded after import = 12
========================================================================
Received Import Request.
  Time since last request: 0.000008 seconds.
  path: Assets/PolygonWestern/Prefabs/Buildings/SM_Bld_Sign_06.prefab
  artifactKey: Guid(6906fa66a439967419fa3d08cc4495dd) Importer(815301076,1909f56bfc062723c751e8b465ee728b)
Number of updated assets reloaded before import = 0
Start importing Assets/PolygonWestern/Prefabs/Buildings/SM_Bld_Sign_06.prefab using Guid(6906fa66a439967419fa3d08cc4495dd) Importer(815301076,1909f56bfc062723c751e8b465ee728b)  -> (artifact id: '082f377f45687aadf0599e95a9025acc') in 0.007824 seconds 
Number of asset objects unloaded after import = 10
========================================================================
Received Import Request.
  Time since last request: 0.000007 seconds.
  path: Assets/PolygonWestern/Models/SM_Bld_Sign_07.fbx
  artifactKey: Guid(bfd7df5ea9fd17d4aae216aaba645bea) Importer(815301076,1909f56bfc062723c751e8b465ee728b)
Number of updated assets reloaded before import = 0
Start importing Assets/PolygonWestern/Models/SM_Bld_Sign_07.fbx using Guid(bfd7df5ea9fd17d4aae216aaba645bea) Importer(815301076,1909f56bfc062723c751e8b465ee728b)  -> (artifact id: '5f0f57659d6224c081cf0aa2dd0909d3') in 0.008938 seconds 
Number of asset objects unloaded after import = 7
========================================================================
Received Import Request.
  Time since last request: 0.000010 seconds.
  path: Assets/PolygonWestern/Models/SM_Bld_Sign_11.fbx
  artifactKey: Guid(cc73575e75015d544a5ee7a6a9d75917) Importer(815301076,1909f56bfc062723c751e8b465ee728b)
Number of updated assets reloaded before import = 0
Start importing Assets/PolygonWestern/Models/SM_Bld_Sign_11.fbx using Guid(cc73575e75015d544a5ee7a6a9d75917) Importer(815301076,1909f56bfc062723c751e8b465ee728b)  -> (artifact id: 'ed6d9f049d7ba672e27ba580807d0c11') in 0.007920 seconds 
Number of asset objects unloaded after import = 7
========================================================================
Received Import Request.
  Time since last request: 0.000008 seconds.
  path: Assets/PolygonWestern/Models/SM_Bld_Sign_10.fbx
  artifactKey: Guid(db410bca5752577469d1853bbd46996b) Importer(815301076,1909f56bfc062723c751e8b465ee728b)
Number of updated assets reloaded before import = 0
Start importing Assets/PolygonWestern/Models/SM_Bld_Sign_10.fbx using Guid(db410bca5752577469d1853bbd46996b) Importer(815301076,1909f56bfc062723c751e8b465ee728b)  -> (artifact id: '54e543a61b8b1c02e734c5fce0c4de8d') in 0.006415 seconds 
Number of asset objects unloaded after import = 7
========================================================================
Received Import Request.
  Time since last request: 0.221448 seconds.
  path: Assets/PolygonPirates/Prefabs/Items/SM_Item_Spyglass_01.prefab
  artifactKey: Guid(bc4e7899a3ac03046a3077e0e6fee6e3) Importer(815301076,1909f56bfc062723c751e8b465ee728b)
Number of updated assets reloaded before import = 0
Start importing Assets/PolygonPirates/Prefabs/Items/SM_Item_Spyglass_01.prefab using Guid(bc4e7899a3ac03046a3077e0e6fee6e3) Importer(815301076,1909f56bfc062723c751e8b465ee728b)  -> (artifact id: 'b2bff8feca0b17763748b264971a7867') in 0.017945 seconds 
Number of asset objects unloaded after import = 12
Editor requested this worker to shutdown with reason: Scaling down because of idle timeout
AssetImportWorker is now disconnected from the server
Process exiting
Exiting without the bug reporter. Application will terminate with return code 0