Using pre-set license
Built from '2021.3/staging' branch; Version is '2021.3.32f1 (3b9dae9532f5) revision 3906990'; Using compiler version '192829333'; Build Type 'Release'
OS: 'Windows 11  (10.0.26200) 64bit Core' Language: 'cs' Physical Memory: 16219 MB
BatchMode: 1, IsHumanControllingUs: 0, StartBugReporterOnCrash: 0, Is64bit: 1, IsPro: 1

COMMAND LINE ARGUMENTS:
C:\Program Files\Unity\Hub\Editor\2021.3.32f1\Editor\Unity.exe
-adb2
-batchMode
-noUpm
-name
AssetImportWorker11
-projectPath
C:/Users/simon/OneDrive/Dokumenty/GitHub/The-Last-Bounty/Wanted-Dead or alive
-logFile
Logs/AssetImportWorker11.log
-srvPort
51921
Successfully changed project path to: C:/Users/simon/OneDrive/Dokumenty/GitHub/The-Last-Bounty/Wanted-Dead or alive
C:/Users/simon/OneDrive/Dokumenty/GitHub/The-Last-Bounty/Wanted-Dead or alive
[UnityMemory] Configuration Parameters - Can be set up in boot.config
    "memorysetup-bucket-allocator-granularity=16"
    "memorysetup-bucket-allocator-bucket-count=8"
    "memorysetup-bucket-allocator-block-size=33554432"
    "memorysetup-bucket-allocator-block-count=8"
    "memorysetup-main-allocator-block-size=16777216"
    "memorysetup-thread-allocator-block-size=16777216"
    "memorysetup-gfx-main-allocator-block-size=16777216"
    "memorysetup-gfx-thread-allocator-block-size=16777216"
    "memorysetup-cache-allocator-block-size=4194304"
    "memorysetup-typetree-allocator-block-size=2097152"
    "memorysetup-profiler-bucket-allocator-granularity=16"
    "memorysetup-profiler-bucket-allocator-bucket-count=8"
    "memorysetup-profiler-bucket-allocator-block-size=33554432"
    "memorysetup-profiler-bucket-allocator-block-count=8"
    "memorysetup-profiler-allocator-block-size=16777216"
    "memorysetup-profiler-editor-allocator-block-size=1048576"
    "memorysetup-temp-allocator-size-main=16777216"
    "memorysetup-job-temp-allocator-block-size=2097152"
    "memorysetup-job-temp-allocator-block-size-background=1048576"
    "memorysetup-job-temp-allocator-reduction-small-platforms=262144"
    "memorysetup-temp-allocator-size-background-worker=32768"
    "memorysetup-temp-allocator-size-job-worker=262144"
    "memorysetup-temp-allocator-size-preload-manager=33554432"
    "memorysetup-temp-allocator-size-nav-mesh-worker=65536"
    "memorysetup-temp-allocator-size-audio-worker=65536"
    "memorysetup-temp-allocator-size-cloud-worker=32768"
    "memorysetup-temp-allocator-size-gi-baking-worker=262144"
    "memorysetup-temp-allocator-size-gfx=262144"
Player connection [33272] Host "[IP] 192.168.56.1 [Port] 0 [Flags] 2 [Guid] 489207787 [EditorId] 489207787 [Version] 1048832 [Id] WindowsEditor(7,SimonRuza) [Debug] 1 [PackageName] WindowsEditor [ProjectName] Editor" joined multi-casting on [225.0.0.222:54997]...

Player connection [33272] Host "[IP] 192.168.56.1 [Port] 0 [Flags] 2 [Guid] 489207787 [EditorId] 489207787 [Version] 1048832 [Id] WindowsEditor(7,SimonRuza) [Debug] 1 [PackageName] WindowsEditor [ProjectName] Editor" joined alternative multi-casting on [225.0.0.222:34997]...

[Physics::Module] Initialized MultithreadedJobDispatcher with {0} workers.
Refreshing native plugins compatible for Editor in 135.70 ms, found 3 plugins.
Preloading 0 native plugins for Editor in 0.00 ms.
Initialize engine version: 2021.3.32f1 (3b9dae9532f5)
[Subsystems] Discovering subsystems at path C:/Program Files/Unity/Hub/Editor/2021.3.32f1/Editor/Data/Resources/UnitySubsystems
[Subsystems] Discovering subsystems at path C:/Users/simon/OneDrive/Dokumenty/GitHub/The-Last-Bounty/Wanted-Dead or alive/Assets
GfxDevice: creating device client; threaded=0; jobified=0
Direct3D:
    Version:  Direct3D 11.0 [level 11.1]
    Renderer: NVIDIA GeForce RTX 3060 Laptop GPU (ID=0x2560)
    Vendor:   NVIDIA
    VRAM:     5994 MB
    Driver:   32.0.15.9571
Initialize mono
Mono path[0] = 'C:/Program Files/Unity/Hub/Editor/2021.3.32f1/Editor/Data/Managed'
Mono path[1] = 'C:/Program Files/Unity/Hub/Editor/2021.3.32f1/Editor/Data/MonoBleedingEdge/lib/mono/unityjit-win32'
Mono config path = 'C:/Program Files/Unity/Hub/Editor/2021.3.32f1/Editor/Data/MonoBleedingEdge/etc'
Using monoOptions --debugger-agent=transport=dt_socket,embedding=1,server=y,suspend=n,address=127.0.0.1:56264
Begin MonoManager ReloadAssembly
Registering precompiled unity dll's ...
Register platform support module: C:/Program Files/Unity/Hub/Editor/2021.3.32f1/Editor/Data/PlaybackEngines/WindowsStandaloneSupport/UnityEditor.WindowsStandalone.Extensions.dll
Registered in 0.006899 seconds.
Native extension for WindowsStandalone target not found
Refreshing native plugins compatible for Editor in 141.19 ms, found 3 plugins.
Preloading 0 native plugins for Editor in 0.00 ms.
Mono: successfully reloaded assembly
- Completed reload, in  0.816 seconds
Domain Reload Profiling:
	ReloadAssembly (816ms)
		BeginReloadAssembly (137ms)
			ExecutionOrderSort (0ms)
			DisableScriptedObjects (0ms)
			BackupInstance (0ms)
			ReleaseScriptingObjects (0ms)
			CreateAndSetChildDomain (1ms)
		EndReloadAssembly (555ms)
			LoadAssemblies (131ms)
			RebuildTransferFunctionScriptingTraits (0ms)
			SetupTypeCache (105ms)
			ReleaseScriptCaches (0ms)
			RebuildScriptCaches (41ms)
			SetupLoadedEditorAssemblies (363ms)
				LogAssemblyErrors (0ms)
				InitializePlatformSupportModulesInManaged (8ms)
				SetLoadedEditorAssemblies (0ms)
				RefreshPlugins (141ms)
				BeforeProcessingInitializeOnLoad (1ms)
				ProcessInitializeOnLoadAttributes (152ms)
				ProcessInitializeOnLoadMethodAttributes (60ms)
				AfterProcessingInitializeOnLoad (0ms)
				EditorAssembliesLoaded (0ms)
			ExecutionOrderSort2 (0ms)
			AwakeInstancesAfterBackupRestoration (0ms)
Platform modules already initialized, skipping
Registering precompiled user dll's ...
Registered in 0.006895 seconds.
Begin MonoManager ReloadAssembly
Native extension for WindowsStandalone target not found
Refreshing native plugins compatible for Editor in 126.94 ms, found 3 plugins.
Preloading 0 native plugins for Editor in 0.00 ms.
Mono: successfully reloaded assembly
- Completed reload, in  1.526 seconds
Domain Reload Profiling:
	ReloadAssembly (1528ms)
		BeginReloadAssembly (148ms)
			ExecutionOrderSort (0ms)
			DisableScriptedObjects (5ms)
			BackupInstance (0ms)
			ReleaseScriptingObjects (0ms)
			CreateAndSetChildDomain (20ms)
		EndReloadAssembly (1276ms)
			LoadAssemblies (124ms)
			RebuildTransferFunctionScriptingTraits (0ms)
			SetupTypeCache (266ms)
			ReleaseScriptCaches (1ms)
			RebuildScriptCaches (59ms)
			SetupLoadedEditorAssemblies (822ms)
				LogAssemblyErrors (0ms)
				InitializePlatformSupportModulesInManaged (6ms)
				SetLoadedEditorAssemblies (0ms)
				RefreshPlugins (127ms)
				BeforeProcessingInitializeOnLoad (106ms)
				ProcessInitializeOnLoadAttributes (549ms)
				ProcessInitializeOnLoadMethodAttributes (21ms)
				AfterProcessingInitializeOnLoad (13ms)
				EditorAssembliesLoaded (0ms)
			ExecutionOrderSort2 (0ms)
			AwakeInstancesAfterBackupRestoration (8ms)
Platform modules already initialized, skipping
========================================================================
Worker process is ready to serve import requests
Launched and connected shader compiler UnityShaderCompiler.exe after 0.06 seconds
Refreshing native plugins compatible for Editor in 0.98 ms, found 3 plugins.
Preloading 0 native plugins for Editor in 0.00 ms.
Unloading 4076 Unused Serialized files (Serialized files now loaded: 0)
Unloading 60 unused Assets / (2.7 MB). Loaded Objects now: 4541.
Memory consumption went from 184.2 MB to 181.4 MB.
Total: 3.938200 ms (FindLiveObjects: 0.325000 ms CreateObjectMapping: 0.123100 ms MarkObjects: 3.143900 ms  DeleteObjects: 0.345300 ms)

AssetImportParameters requested are different than current active one (requested -> active):
  custom:video-decoder-ogg-theora: a1e56fd34408186e4bbccfd4996cb3dc -> 
  custom:container-muxer-webm: aa71ff27fc2769a1b78a27578f13a17b -> 
  custom:container-demuxer-webm: 4f35f7cbe854078d1ac9338744f61a02 -> 
  custom:video-encoder-webm-vp8: eb34c28f22e8b96e1ab97ce403110664 -> 
  custom:video-codec-MediaFoundation-h265: 746d11721c4dcdbdad8f713fa42b33f4 -> 
  custom:CustomObjectIndexerAttribute: bc11b3a6c3213fcdd17b65e7da85e133 -> 
  custom:audio-encoder-webm-vorbis: bf7c407c2cedff20999df2af8eb42d56 -> 
  custom:framework-win-MediaFoundation: 216162199b28c13a410421893ffa2e32 -> 
  custom:SearchIndexIgnoredProperties: e643bd26f0fe6173181afceb89e7c659 -> 
  custom:container-demuxer-ogg: 62fdf1f143b41e24485cea50d1cbac27 -> 
  custom:video-decoder-webm-vp8: 9c59270c3fd7afecdb556c50c9e8de78 -> 
  custom:audio-decoder-ogg-vorbis: bf7c407c2cedff20999df2af8eb42d56 -> 
========================================================================
Received Import Request.
  Time since last request: 86179.892206 seconds.
  path: Assets/Collection Dice set for role-playing games/Demo
  artifactKey: Guid(d4a539ba9e18b414db705addb53e6b42) Importer(815301076,1909f56bfc062723c751e8b465ee728b)
Number of updated assets reloaded before import = 0
Start importing Assets/Collection Dice set for role-playing games/Demo using Guid(d4a539ba9e18b414db705addb53e6b42) Importer(815301076,1909f56bfc062723c751e8b465ee728b)  -> (artifact id: '004c9e6c4b05162a2ffbe4f1a3c81714') in 0.011908 seconds 
Number of asset objects unloaded after import = 0
========================================================================
Received Import Request.
  Time since last request: 1.368617 seconds.
  path: Assets/Collection Dice set for role-playing games/Demo/Demo.unity
  artifactKey: Guid(883dcfb23fa3e7342b3e766eba89758c) Importer(815301076,1909f56bfc062723c751e8b465ee728b)
Number of updated assets reloaded before import = 0
Start importing Assets/Collection Dice set for role-playing games/Demo/Demo.unity using Guid(883dcfb23fa3e7342b3e766eba89758c) Importer(815301076,1909f56bfc062723c751e8b465ee728b)  -> (artifact id: '059f4f9926aad890fa012811e2dbf178') in 0.002155 seconds 
Number of asset objects unloaded after import = 0
========================================================================
Received Import Request.
  Time since last request: 15.776952 seconds.
  path: Assets/Collection Dice set for role-playing games/Prefabs
  artifactKey: Guid(08f916f965545b44794dacb010f37101) Importer(815301076,1909f56bfc062723c751e8b465ee728b)
Number of updated assets reloaded before import = 0
Start importing Assets/Collection Dice set for role-playing games/Prefabs using Guid(08f916f965545b44794dacb010f37101) Importer(815301076,1909f56bfc062723c751e8b465ee728b)  -> (artifact id: '8a028a216740c9c6af411de80e7d2376') in 0.002507 seconds 
Number of asset objects unloaded after import = 0
========================================================================
Received Import Request.
  Time since last request: 0.125367 seconds.
  path: Assets/Collection Dice set for role-playing games/Prefabs/Dice_d4.prefab
  artifactKey: Guid(ecebc87658eb28348a15e027ac7e537a) Importer(815301076,1909f56bfc062723c751e8b465ee728b)
Number of updated assets reloaded before import = 0
Start importing Assets/Collection Dice set for role-playing games/Prefabs/Dice_d4.prefab using Guid(ecebc87658eb28348a15e027ac7e537a) Importer(815301076,1909f56bfc062723c751e8b465ee728b)  -> (artifact id: 'bf776ca932bf1dd4c2cc00d66563ab55') in 0.204060 seconds 
Number of asset objects unloaded after import = 15
========================================================================
Received Import Request.
  Time since last request: 477.736341 seconds.
  path: Assets/Scenes/SampleScene.unity
  artifactKey: Guid(9fc0d4010bbf28b4594072e72b8655ab) Importer(815301076,1909f56bfc062723c751e8b465ee728b)
Number of updated assets reloaded before import = 0
Start importing Assets/Scenes/SampleScene.unity using Guid(9fc0d4010bbf28b4594072e72b8655ab) Importer(815301076,1909f56bfc062723c751e8b465ee728b)  -> (artifact id: 'b8d448a2e09a9b3751c6a82a6fa7076f') in 0.004959 seconds 
Number of asset objects unloaded after import = 0
========================================================================
Received Prepare
Registering precompiled user dll's ...
Registered in 0.012031 seconds.
Begin MonoManager ReloadAssembly
Native extension for WindowsStandalone target not found
Refreshing native plugins compatible for Editor in 1.17 ms, found 3 plugins.
Preloading 0 native plugins for Editor in 0.00 ms.
Mono: successfully reloaded assembly
- Completed reload, in  1.510 seconds
Domain Reload Profiling:
	ReloadAssembly (1511ms)
		BeginReloadAssembly (224ms)
			ExecutionOrderSort (0ms)
			DisableScriptedObjects (6ms)
			BackupInstance (0ms)
			ReleaseScriptingObjects (0ms)
			CreateAndSetChildDomain (54ms)
		EndReloadAssembly (1170ms)
			LoadAssemblies (147ms)
			RebuildTransferFunctionScriptingTraits (0ms)
			SetupTypeCache (345ms)
			ReleaseScriptCaches (2ms)
			RebuildScriptCaches (64ms)
			SetupLoadedEditorAssemblies (597ms)
				LogAssemblyErrors (0ms)
				InitializePlatformSupportModulesInManaged (6ms)
				SetLoadedEditorAssemblies (1ms)
				RefreshPlugins (1ms)
				BeforeProcessingInitializeOnLoad (84ms)
				ProcessInitializeOnLoadAttributes (463ms)
				ProcessInitializeOnLoadMethodAttributes (28ms)
				AfterProcessingInitializeOnLoad (13ms)
				EditorAssembliesLoaded (0ms)
			ExecutionOrderSort2 (0ms)
			AwakeInstancesAfterBackupRestoration (10ms)
Platform modules already initialized, skipping
Refreshing native plugins compatible for Editor in 1.62 ms, found 3 plugins.
Preloading 0 native plugins for Editor in 0.00 ms.
Unloading 3976 Unused Serialized files (Serialized files now loaded: 0)
Unloading 43 unused Assets / (2.7 MB). Loaded Objects now: 4553.
Memory consumption went from 178.6 MB to 175.9 MB.
Total: 3.944600 ms (FindLiveObjects: 0.381700 ms CreateObjectMapping: 0.170800 ms MarkObjects: 2.935300 ms  DeleteObjects: 0.455100 ms)

AssetImportParameters requested are different than current active one (requested -> active):
  custom:video-decoder-ogg-theora: a1e56fd34408186e4bbccfd4996cb3dc -> 
  custom:container-muxer-webm: aa71ff27fc2769a1b78a27578f13a17b -> 
  custom:container-demuxer-webm: 4f35f7cbe854078d1ac9338744f61a02 -> 
  custom:video-encoder-webm-vp8: eb34c28f22e8b96e1ab97ce403110664 -> 
  custom:video-codec-MediaFoundation-h265: 746d11721c4dcdbdad8f713fa42b33f4 -> 
  custom:CustomObjectIndexerAttribute: bc11b3a6c3213fcdd17b65e7da85e133 -> 
  custom:audio-encoder-webm-vorbis: bf7c407c2cedff20999df2af8eb42d56 -> 
  custom:framework-win-MediaFoundation: 216162199b28c13a410421893ffa2e32 -> 
  custom:SearchIndexIgnoredProperties: e643bd26f0fe6173181afceb89e7c659 -> 
  custom:container-demuxer-ogg: 62fdf1f143b41e24485cea50d1cbac27 -> 
  custom:video-decoder-webm-vp8: 9c59270c3fd7afecdb556c50c9e8de78 -> 
  custom:audio-decoder-ogg-vorbis: bf7c407c2cedff20999df2af8eb42d56 -> 
========================================================================
Received Prepare
Registering precompiled user dll's ...
Registered in 0.005549 seconds.
Begin MonoManager ReloadAssembly
Native extension for WindowsStandalone target not found
Refreshing native plugins compatible for Editor in 1.51 ms, found 3 plugins.
Preloading 0 native plugins for Editor in 0.00 ms.
Mono: successfully reloaded assembly
- Completed reload, in  1.225 seconds
Domain Reload Profiling:
	ReloadAssembly (1226ms)
		BeginReloadAssembly (173ms)
			ExecutionOrderSort (0ms)
			DisableScriptedObjects (8ms)
			BackupInstance (0ms)
			ReleaseScriptingObjects (0ms)
			CreateAndSetChildDomain (44ms)
		EndReloadAssembly (949ms)
			LoadAssemblies (107ms)
			RebuildTransferFunctionScriptingTraits (0ms)
			SetupTypeCache (308ms)
			ReleaseScriptCaches (2ms)
			RebuildScriptCaches (36ms)
			SetupLoadedEditorAssemblies (482ms)
				LogAssemblyErrors (0ms)
				InitializePlatformSupportModulesInManaged (6ms)
				SetLoadedEditorAssemblies (1ms)
				RefreshPlugins (2ms)
				BeforeProcessingInitializeOnLoad (60ms)
				ProcessInitializeOnLoadAttributes (381ms)
				ProcessInitializeOnLoadMethodAttributes (23ms)
				AfterProcessingInitializeOnLoad (9ms)
				EditorAssembliesLoaded (0ms)
			ExecutionOrderSort2 (0ms)
			AwakeInstancesAfterBackupRestoration (8ms)
Platform modules already initialized, skipping
Refreshing native plugins compatible for Editor in 1.34 ms, found 3 plugins.
Preloading 0 native plugins for Editor in 0.00 ms.
Unloading 3976 Unused Serialized files (Serialized files now loaded: 0)
Unloading 43 unused Assets / (2.7 MB). Loaded Objects now: 4556.
Memory consumption went from 178.6 MB to 175.9 MB.
Total: 3.794400 ms (FindLiveObjects: 0.477700 ms CreateObjectMapping: 0.265900 ms MarkObjects: 2.584400 ms  DeleteObjects: 0.464600 ms)

AssetImportParameters requested are different than current active one (requested -> active):
  custom:video-decoder-ogg-theora: a1e56fd34408186e4bbccfd4996cb3dc -> 
  custom:container-muxer-webm: aa71ff27fc2769a1b78a27578f13a17b -> 
  custom:container-demuxer-webm: 4f35f7cbe854078d1ac9338744f61a02 -> 
  custom:video-encoder-webm-vp8: eb34c28f22e8b96e1ab97ce403110664 -> 
  custom:video-codec-MediaFoundation-h265: 746d11721c4dcdbdad8f713fa42b33f4 -> 
  custom:CustomObjectIndexerAttribute: bc11b3a6c3213fcdd17b65e7da85e133 -> 
  custom:audio-encoder-webm-vorbis: bf7c407c2cedff20999df2af8eb42d56 -> 
  custom:framework-win-MediaFoundation: 216162199b28c13a410421893ffa2e32 -> 
  custom:SearchIndexIgnoredProperties: e643bd26f0fe6173181afceb89e7c659 -> 
  custom:container-demuxer-ogg: 62fdf1f143b41e24485cea50d1cbac27 -> 
  custom:video-decoder-webm-vp8: 9c59270c3fd7afecdb556c50c9e8de78 -> 
  custom:audio-decoder-ogg-vorbis: bf7c407c2cedff20999df2af8eb42d56 -> 
========================================================================
Received Prepare
Registering precompiled user dll's ...
Registered in 0.007898 seconds.
Begin MonoManager ReloadAssembly
Native extension for WindowsStandalone target not found
Refreshing native plugins compatible for Editor in 1.03 ms, found 3 plugins.
Preloading 0 native plugins for Editor in 0.00 ms.
Mono: successfully reloaded assembly
- Completed reload, in  1.453 seconds
Domain Reload Profiling:
	ReloadAssembly (1453ms)
		BeginReloadAssembly (176ms)
			ExecutionOrderSort (0ms)
			DisableScriptedObjects (5ms)
			BackupInstance (0ms)
			ReleaseScriptingObjects (0ms)
			CreateAndSetChildDomain (40ms)
		EndReloadAssembly (1170ms)
			LoadAssemblies (121ms)
			RebuildTransferFunctionScriptingTraits (0ms)
			SetupTypeCache (289ms)
			ReleaseScriptCaches (2ms)
			RebuildScriptCaches (41ms)
			SetupLoadedEditorAssemblies (701ms)
				LogAssemblyErrors (0ms)
				InitializePlatformSupportModulesInManaged (6ms)
				SetLoadedEditorAssemblies (0ms)
				RefreshPlugins (1ms)
				BeforeProcessingInitializeOnLoad (69ms)
				ProcessInitializeOnLoadAttributes (585ms)
				ProcessInitializeOnLoadMethodAttributes (29ms)
				AfterProcessingInitializeOnLoad (11ms)
				EditorAssembliesLoaded (0ms)
			ExecutionOrderSort2 (0ms)
			AwakeInstancesAfterBackupRestoration (7ms)
Platform modules already initialized, skipping
Refreshing native plugins compatible for Editor in 1.25 ms, found 3 plugins.
Preloading 0 native plugins for Editor in 0.00 ms.
Unloading 3976 Unused Serialized files (Serialized files now loaded: 0)
Unloading 43 unused Assets / (2.7 MB). Loaded Objects now: 4559.
Memory consumption went from 178.6 MB to 175.9 MB.
Total: 3.310400 ms (FindLiveObjects: 0.384500 ms CreateObjectMapping: 0.197800 ms MarkObjects: 2.268900 ms  DeleteObjects: 0.458100 ms)

AssetImportParameters requested are different than current active one (requested -> active):
  custom:video-decoder-ogg-theora: a1e56fd34408186e4bbccfd4996cb3dc -> 
  custom:container-muxer-webm: aa71ff27fc2769a1b78a27578f13a17b -> 
  custom:container-demuxer-webm: 4f35f7cbe854078d1ac9338744f61a02 -> 
  custom:video-encoder-webm-vp8: eb34c28f22e8b96e1ab97ce403110664 -> 
  custom:video-codec-MediaFoundation-h265: 746d11721c4dcdbdad8f713fa42b33f4 -> 
  custom:CustomObjectIndexerAttribute: bc11b3a6c3213fcdd17b65e7da85e133 -> 
  custom:audio-encoder-webm-vorbis: bf7c407c2cedff20999df2af8eb42d56 -> 
  custom:framework-win-MediaFoundation: 216162199b28c13a410421893ffa2e32 -> 
  custom:SearchIndexIgnoredProperties: e643bd26f0fe6173181afceb89e7c659 -> 
  custom:container-demuxer-ogg: 62fdf1f143b41e24485cea50d1cbac27 -> 
  custom:video-decoder-webm-vp8: 9c59270c3fd7afecdb556c50c9e8de78 -> 
  custom:audio-decoder-ogg-vorbis: bf7c407c2cedff20999df2af8eb42d56 -> 
========================================================================
Received Import Request.
  Time since last request: 2061.108997 seconds.
  path: Assets/Collection Dice set for role-playing games/Dice_d10/Textures/2k/Plastic Glossy Pure write/Dice_10_Albedo.png
  artifactKey: Guid(74eee7055e2759843a1daff79ad668a4) Importer(815301076,1909f56bfc062723c751e8b465ee728b)
Number of updated assets reloaded before import = 0
Start importing Assets/Collection Dice set for role-playing games/Dice_d10/Textures/2k/Plastic Glossy Pure write/Dice_10_Albedo.png using Guid(74eee7055e2759843a1daff79ad668a4) Importer(815301076,1909f56bfc062723c751e8b465ee728b)  -> (artifact id: 'ba4f318b69c01f2c3f44f7fe17b0e3bf') in 0.161347 seconds 
Number of asset objects unloaded after import = 2
========================================================================
Received Import Request.
  Time since last request: 0.000048 seconds.
  path: Assets/Collection Dice set for role-playing games/Dice_d10/Textures/2k/Plastic Rough Scratched blue/Dice_10_Height.png
  artifactKey: Guid(172d8b3cd3e43ec4aa6fe75264fe35cb) Importer(815301076,1909f56bfc062723c751e8b465ee728b)
Number of updated assets reloaded before import = 0
Start importing Assets/Collection Dice set for role-playing games/Dice_d10/Textures/2k/Plastic Rough Scratched blue/Dice_10_Height.png using Guid(172d8b3cd3e43ec4aa6fe75264fe35cb) Importer(815301076,1909f56bfc062723c751e8b465ee728b)  -> (artifact id: 'f4cc005007295e1af2ab8fbc6bf283e9') in 0.022278 seconds 
Number of asset objects unloaded after import = 2
========================================================================
Received Import Request.
  Time since last request: 0.000039 seconds.
  path: Assets/Collection Dice set for role-playing games/Dice_d10/Textures/2k/Plastic Glossy Pure red/Dice_10_Metallic.png
  artifactKey: Guid(1c9f492ba7a377f4f83ffc920f19d632) Importer(815301076,1909f56bfc062723c751e8b465ee728b)
Number of updated assets reloaded before import = 0
Start importing Assets/Collection Dice set for role-playing games/Dice_d10/Textures/2k/Plastic Glossy Pure red/Dice_10_Metallic.png using Guid(1c9f492ba7a377f4f83ffc920f19d632) Importer(815301076,1909f56bfc062723c751e8b465ee728b)  -> (artifact id: 'e843d1b8af32e1b9b19e8b6cb6c95e96') in 0.036263 seconds 
Number of asset objects unloaded after import = 2
========================================================================
Received Import Request.
  Time since last request: 0.000027 seconds.
  path: Assets/Collection Dice set for role-playing games/Dice_d10/Textures/512/Plastic Rough Scratched blue/Dice_10_Normal.png
  artifactKey: Guid(301c6c11aef3ae84a9bebf49cfe69bdb) Importer(815301076,1909f56bfc062723c751e8b465ee728b)
Number of updated assets reloaded before import = 0
Start importing Assets/Collection Dice set for role-playing games/Dice_d10/Textures/512/Plastic Rough Scratched blue/Dice_10_Normal.png using Guid(301c6c11aef3ae84a9bebf49cfe69bdb) Importer(815301076,1909f56bfc062723c751e8b465ee728b)  -> (artifact id: '24da19970d4675a0f7143ae72179d9ae') in 0.015834 seconds 
Number of asset objects unloaded after import = 2
========================================================================
Received Import Request.
  Time since last request: 0.000064 seconds.
  path: Assets/Collection Dice set for role-playing games/Dice_d10/Textures/2k/Plastic Rough Scratched blue/Dice_10_Albedo.png
  artifactKey: Guid(87970bb646583cc4291721549d680997) Importer(815301076,1909f56bfc062723c751e8b465ee728b)
Number of updated assets reloaded before import = 0
Start importing Assets/Collection Dice set for role-playing games/Dice_d10/Textures/2k/Plastic Rough Scratched blue/Dice_10_Albedo.png using Guid(87970bb646583cc4291721549d680997) Importer(815301076,1909f56bfc062723c751e8b465ee728b)  -> (artifact id: '596f9ed0d0a90274830918f6b372ed8e') in 0.017328 seconds 
Number of asset objects unloaded after import = 2
========================================================================
Received Import Request.
  Time since last request: 0.000020 seconds.
  path: Assets/Collection Dice set for role-playing games/Dice_d10/Textures/2k/Plastic Rough Scratched red/Dice_10_Metallic.png
  artifactKey: Guid(0ca75b6daea955b438e97b4fb4711cf7) Importer(815301076,1909f56bfc062723c751e8b465ee728b)
Number of updated assets reloaded before import = 0
Start importing Assets/Collection Dice set for role-playing games/Dice_d10/Textures/2k/Plastic Rough Scratched red/Dice_10_Metallic.png using Guid(0ca75b6daea955b438e97b4fb4711cf7) Importer(815301076,1909f56bfc062723c751e8b465ee728b)  -> (artifact id: 'c54ea6373591457a312ab5bbe1324f0d') in 0.021459 seconds 
Number of asset objects unloaded after import = 2
========================================================================
Received Import Request.
  Time since last request: 0.000029 seconds.
  path: Assets/Collection Dice set for role-playing games/Dice_d10/Textures/512/Plastic Glossy Pure red/Dice_10_Height.png
  artifactKey: Guid(9920614ff7545a64bb0293a5b6f183f4) Importer(815301076,1909f56bfc062723c751e8b465ee728b)
Number of updated assets reloaded before import = 0
Start importing Assets/Collection Dice set for role-playing games/Dice_d10/Textures/512/Plastic Glossy Pure red/Dice_10_Height.png using Guid(9920614ff7545a64bb0293a5b6f183f4) Importer(815301076,1909f56bfc062723c751e8b465ee728b)  -> (artifact id: '72bdc124db0086b0b66ae3c6eacc0552') in 0.015959 seconds 
Number of asset objects unloaded after import = 2
========================================================================
Received Import Request.
  Time since last request: 0.000026 seconds.
  path: Assets/Collection Dice set for role-playing games/Dice_d10/Textures/2k/Plastic Glossy Pure write/Dice_10_Normal.png
  artifactKey: Guid(46d6cc894fe7e884f9414bef664989fd) Importer(815301076,1909f56bfc062723c751e8b465ee728b)
Number of updated assets reloaded before import = 0
Start importing Assets/Collection Dice set for role-playing games/Dice_d10/Textures/2k/Plastic Glossy Pure write/Dice_10_Normal.png using Guid(46d6cc894fe7e884f9414bef664989fd) Importer(815301076,1909f56bfc062723c751e8b465ee728b)  -> (artifact id: '2eb47c03ddecbc4c413185c6c8995ce5') in 0.031966 seconds 
Number of asset objects unloaded after import = 2
========================================================================
Received Import Request.
  Time since last request: 0.000024 seconds.
  path: Assets/Collection Dice set for role-playing games/Dice_d10/Textures/512/Plastic Rough Scratched blue/Dice_10_Albedo.png
  artifactKey: Guid(19114b42220c9ce448a082d17ac5fdd5) Importer(815301076,1909f56bfc062723c751e8b465ee728b)
Number of updated assets reloaded before import = 0
Start importing Assets/Collection Dice set for role-playing games/Dice_d10/Textures/512/Plastic Rough Scratched blue/Dice_10_Albedo.png using Guid(19114b42220c9ce448a082d17ac5fdd5) Importer(815301076,1909f56bfc062723c751e8b465ee728b)  -> (artifact id: '3736be15166745c9413b4e7aa4b4a21c') in 0.016930 seconds 
Number of asset objects unloaded after import = 2
========================================================================
Received Import Request.
  Time since last request: 0.000020 seconds.
  path: Assets/Collection Dice set for role-playing games/Dice_d10/Textures/2k/Plastic Glossy Pure blue/Dice_10_Albedo.png
  artifactKey: Guid(1398d0440812de1479a99b9361777807) Importer(815301076,1909f56bfc062723c751e8b465ee728b)
Number of updated assets reloaded before import = 0
Start importing Assets/Collection Dice set for role-playing games/Dice_d10/Textures/2k/Plastic Glossy Pure blue/Dice_10_Albedo.png using Guid(1398d0440812de1479a99b9361777807) Importer(815301076,1909f56bfc062723c751e8b465ee728b)  -> (artifact id: '07d29b9d5577df1a8a08e3aed72544c2') in 0.017318 seconds 
Number of asset objects unloaded after import = 2
========================================================================
Received Import Request.
  Time since last request: 0.000026 seconds.
  path: Assets/Collection Dice set for role-playing games/Dice_d10/Textures/2k/Plastic Rough Scratched red/Dice_10_Height.png
  artifactKey: Guid(9a1fd5e573e5a804ca74afb5d05f946b) Importer(815301076,1909f56bfc062723c751e8b465ee728b)
Number of updated assets reloaded before import = 0
Start importing Assets/Collection Dice set for role-playing games/Dice_d10/Textures/2k/Plastic Rough Scratched red/Dice_10_Height.png using Guid(9a1fd5e573e5a804ca74afb5d05f946b) Importer(815301076,1909f56bfc062723c751e8b465ee728b)  -> (artifact id: '3addbda3294b9d6635883f848754866c') in 0.017205 seconds 
Number of asset objects unloaded after import = 2
========================================================================
Received Import Request.
  Time since last request: 0.000035 seconds.
  path: Assets/Collection Dice set for role-playing games/Dice_d10/Textures/512/Plastic Rough Scratched red/Dice_10_Height.png
  artifactKey: Guid(e094505e3e4b8a34c8e5980e134f8292) Importer(815301076,1909f56bfc062723c751e8b465ee728b)
Number of updated assets reloaded before import = 0
Start importing Assets/Collection Dice set for role-playing games/Dice_d10/Textures/512/Plastic Rough Scratched red/Dice_10_Height.png using Guid(e094505e3e4b8a34c8e5980e134f8292) Importer(815301076,1909f56bfc062723c751e8b465ee728b)  -> (artifact id: '2d1fb5544ca50aa0022b1c4def37c33e') in 0.013803 seconds 
Number of asset objects unloaded after import = 2
========================================================================
Received Import Request.
  Time since last request: 0.000028 seconds.
  path: Assets/Collection Dice set for role-playing games/Dice_d10/Textures/512/Plastic Glossy Pure blue/Dice_10_AO.png
  artifactKey: Guid(06c333985395b63408286cdfddc2cca8) Importer(815301076,1909f56bfc062723c751e8b465ee728b)
Number of updated assets reloaded before import = 0
Start importing Assets/Collection Dice set for role-playing games/Dice_d10/Textures/512/Plastic Glossy Pure blue/Dice_10_AO.png using Guid(06c333985395b63408286cdfddc2cca8) Importer(815301076,1909f56bfc062723c751e8b465ee728b)  -> (artifact id: '19b3784131f1ae1f454237becbccc9b4') in 0.013415 seconds 
Number of asset objects unloaded after import = 2
========================================================================
Received Import Request.
  Time since last request: 0.000025 seconds.
  path: Assets/Collection Dice set for role-playing games/Dice_d10/Textures/512/Plastic Glossy Pure write/Dice_10_Metallic.png
  artifactKey: Guid(eb14c8995880b87458f73e5785d6835c) Importer(815301076,1909f56bfc062723c751e8b465ee728b)
Number of updated assets reloaded before import = 0
Start importing Assets/Collection Dice set for role-playing games/Dice_d10/Textures/512/Plastic Glossy Pure write/Dice_10_Metallic.png using Guid(eb14c8995880b87458f73e5785d6835c) Importer(815301076,1909f56bfc062723c751e8b465ee728b)  -> (artifact id: 'bd01051df5ab7555db862ecf371a1058') in 0.015162 seconds 
Number of asset objects unloaded after import = 2
========================================================================
Received Import Request.
  Time since last request: 0.000026 seconds.
  path: Assets/Collection Dice set for role-playing games/Dice_d10/Textures/2k/Plastic Glossy Pure blue/Dice_10_Height.png
  artifactKey: Guid(1d03ac0b069d79b4a9422a2bfae6ae50) Importer(815301076,1909f56bfc062723c751e8b465ee728b)
Number of updated assets reloaded before import = 0
Start importing Assets/Collection Dice set for role-playing games/Dice_d10/Textures/2k/Plastic Glossy Pure blue/Dice_10_Height.png using Guid(1d03ac0b069d79b4a9422a2bfae6ae50) Importer(815301076,1909f56bfc062723c751e8b465ee728b)  -> (artifact id: '7a703445212aa7876cbd0b473a7e48b5') in 0.015433 seconds 
Number of asset objects unloaded after import = 2
========================================================================
Received Import Request.
  Time since last request: 0.000023 seconds.
  path: Assets/Collection Dice set for role-playing games/Dice_d10/Textures/512/Plastic Rough Scratched red/Dice_10_Albedo.png
  artifactKey: Guid(6080baaf116ed6840bc0ec1b7c067e15) Importer(815301076,1909f56bfc062723c751e8b465ee728b)
Number of updated assets reloaded before import = 0
Start importing Assets/Collection Dice set for role-playing games/Dice_d10/Textures/512/Plastic Rough Scratched red/Dice_10_Albedo.png using Guid(6080baaf116ed6840bc0ec1b7c067e15) Importer(815301076,1909f56bfc062723c751e8b465ee728b)  -> (artifact id: '7778f4f8739ef6679384b0d4abab81c9') in 0.016155 seconds 
Number of asset objects unloaded after import = 2
========================================================================
Received Import Request.
  Time since last request: 0.000023 seconds.
  path: Assets/Collection Dice set for role-playing games/Dice_d10/Textures/2k/Plastic Rough Scratched blue/Dice_10_Normal.png
  artifactKey: Guid(f13e86003aed6154dabc4d4d00f9402b) Importer(815301076,1909f56bfc062723c751e8b465ee728b)
Number of updated assets reloaded before import = 0
Start importing Assets/Collection Dice set for role-playing games/Dice_d10/Textures/2k/Plastic Rough Scratched blue/Dice_10_Normal.png using Guid(f13e86003aed6154dabc4d4d00f9402b) Importer(815301076,1909f56bfc062723c751e8b465ee728b)  -> (artifact id: '4f39f19a72349f1d221f7760c3ec3034') in 0.016956 seconds 
Number of asset objects unloaded after import = 2
========================================================================
Received Import Request.
  Time since last request: 0.000024 seconds.
  path: Assets/Collection Dice set for role-playing games/Dice_d10/Textures/512/Plastic Glossy Pure write/Dice_10_Normal.png
  artifactKey: Guid(51109128a2647f4438294dab08af6120) Importer(815301076,1909f56bfc062723c751e8b465ee728b)
Number of updated assets reloaded before import = 0
Start importing Assets/Collection Dice set for role-playing games/Dice_d10/Textures/512/Plastic Glossy Pure write/Dice_10_Normal.png using Guid(51109128a2647f4438294dab08af6120) Importer(815301076,1909f56bfc062723c751e8b465ee728b)  -> (artifact id: '53133b27347504c36ff9b713d58a4cbf') in 0.013437 seconds 
Number of asset objects unloaded after import = 2
========================================================================
Received Import Request.
  Time since last request: 0.000024 seconds.
  path: Assets/Collection Dice set for role-playing games/Dice_d10/Textures/2k/Plastic Rough Scratched red/Dice_10_Albedo.png
  artifactKey: Guid(5cb16613436b97144b2d8b082e7d7ae9) Importer(815301076,1909f56bfc062723c751e8b465ee728b)
Number of updated assets reloaded before import = 0
Start importing Assets/Collection Dice set for role-playing games/Dice_d10/Textures/2k/Plastic Rough Scratched red/Dice_10_Albedo.png using Guid(5cb16613436b97144b2d8b082e7d7ae9) Importer(815301076,1909f56bfc062723c751e8b465ee728b)  -> (artifact id: '4df116023dd3b151f4da7e75a22c5fbe') in 0.021441 seconds 
Number of asset objects unloaded after import = 2
========================================================================
Received Import Request.
  Time since last request: 0.000027 seconds.
  path: Assets/Collection Dice set for role-playing games/Dice_d10/Textures/512/Plastic Glossy Pure red/Dice_10_Metallic.png
  artifactKey: Guid(3b369945a3dca8c429944047f0d72bef) Importer(815301076,1909f56bfc062723c751e8b465ee728b)
Number of updated assets reloaded before import = 0
Start importing Assets/Collection Dice set for role-playing games/Dice_d10/Textures/512/Plastic Glossy Pure red/Dice_10_Metallic.png using Guid(3b369945a3dca8c429944047f0d72bef) Importer(815301076,1909f56bfc062723c751e8b465ee728b)  -> (artifact id: '0a009b883cd1b0804a011c3444cd9c83') in 0.016842 seconds 
Number of asset objects unloaded after import = 2
========================================================================
Received Import Request.
  Time since last request: 0.000028 seconds.
  path: Assets/Collection Dice set for role-playing games/Dice_d10/Textures/512/Plastic Rough Scratched blue/Dice_10_AO.png
  artifactKey: Guid(efbb523a809ee2f438778a3c3acad0bd) Importer(815301076,1909f56bfc062723c751e8b465ee728b)
Number of updated assets reloaded before import = 0
Start importing Assets/Collection Dice set for role-playing games/Dice_d10/Textures/512/Plastic Rough Scratched blue/Dice_10_AO.png using Guid(efbb523a809ee2f438778a3c3acad0bd) Importer(815301076,1909f56bfc062723c751e8b465ee728b)  -> (artifact id: 'df3aa62d09f26acebdfa6e72182bfaee') in 0.014296 seconds 
Number of asset objects unloaded after import = 2
========================================================================
Received Import Request.
  Time since last request: 0.000026 seconds.
  path: Assets/Collection Dice set for role-playing games/Dice_d10/Textures/512/Plastic Glossy Pure blue/Dice_10_Metallic.png
  artifactKey: Guid(b0c23de65c8466c44869a22d469699ef) Importer(815301076,1909f56bfc062723c751e8b465ee728b)
Number of updated assets reloaded before import = 0
Start importing Assets/Collection Dice set for role-playing games/Dice_d10/Textures/512/Plastic Glossy Pure blue/Dice_10_Metallic.png using Guid(b0c23de65c8466c44869a22d469699ef) Importer(815301076,1909f56bfc062723c751e8b465ee728b)  -> (artifact id: '6b31aab92a2a9e746a1c81236869014c') in 0.015973 seconds 
Number of asset objects unloaded after import = 2
========================================================================
Received Import Request.
  Time since last request: 0.000031 seconds.
  path: Assets/Collection Dice set for role-playing games/Dice_d10/Textures/512/Plastic Glossy Pure red/Dice_10_AO.png
  artifactKey: Guid(0a714204d045b0c4aba5dba229c6117e) Importer(815301076,1909f56bfc062723c751e8b465ee728b)
Number of updated assets reloaded before import = 0
Start importing Assets/Collection Dice set for role-playing games/Dice_d10/Textures/512/Plastic Glossy Pure red/Dice_10_AO.png using Guid(0a714204d045b0c4aba5dba229c6117e) Importer(815301076,1909f56bfc062723c751e8b465ee728b)  -> (artifact id: 'acd5940fd1b2876c7d5afee7bbaa4580') in 0.013377 seconds 
Number of asset objects unloaded after import = 2
========================================================================
Received Import Request.
  Time since last request: 0.000035 seconds.
  path: Assets/Collection Dice set for role-playing games/Dice_d10/Textures/512/Plastic Glossy Pure blue/Dice_10_Height.png
  artifactKey: Guid(ca93581faceedc1428a7995630725ff5) Importer(815301076,1909f56bfc062723c751e8b465ee728b)
Number of updated assets reloaded before import = 0
Start importing Assets/Collection Dice set for role-playing games/Dice_d10/Textures/512/Plastic Glossy Pure blue/Dice_10_Height.png using Guid(ca93581faceedc1428a7995630725ff5) Importer(815301076,1909f56bfc062723c751e8b465ee728b)  -> (artifact id: '72e92da20d140debe2969b5b51598fec') in 0.015979 seconds 
Number of asset objects unloaded after import = 2
========================================================================
Received Import Request.
  Time since last request: 0.000037 seconds.
  path: Assets/Collection Dice set for role-playing games/Dice_d10/Textures/2k/Plastic Glossy Pure red/Dice_10_Albedo.png
  artifactKey: Guid(00013aa6cebfbf943bbd7fb4cca9e4aa) Importer(815301076,1909f56bfc062723c751e8b465ee728b)
Number of updated assets reloaded before import = 0
Start importing Assets/Collection Dice set for role-playing games/Dice_d10/Textures/2k/Plastic Glossy Pure red/Dice_10_Albedo.png using Guid(00013aa6cebfbf943bbd7fb4cca9e4aa) Importer(815301076,1909f56bfc062723c751e8b465ee728b)  -> (artifact id: '7c7c31282fcd77370fb3f36c88beb05e') in 0.018923 seconds 
Number of asset objects unloaded after import = 2
========================================================================
Received Import Request.
  Time since last request: 31.474385 seconds.
  path: Assets/Collection Dice set for role-playing games/Prefabs/Dice_d6.prefab
  artifactKey: Guid(cc2e145304a0b1e44aa1567da9218354) Importer(815301076,1909f56bfc062723c751e8b465ee728b)
Number of updated assets reloaded before import = 0
Start importing Assets/Collection Dice set for role-playing games/Prefabs/Dice_d6.prefab using Guid(cc2e145304a0b1e44aa1567da9218354) Importer(815301076,1909f56bfc062723c751e8b465ee728b)  -> (artifact id: '9688fef220715230629cbdff94b7548e') in 0.132886 seconds 
Number of asset objects unloaded after import = 16
========================================================================
Received Import Request.
  Time since last request: 5.090534 seconds.
  path: Assets/Collection Dice set for role-playing games/Prefabs/Dice_d6.prefab
  artifactKey: Guid(cc2e145304a0b1e44aa1567da9218354) Importer(815301076,1909f56bfc062723c751e8b465ee728b)
Number of updated assets reloaded before import = 0
Start importing Assets/Collection Dice set for role-playing games/Prefabs/Dice_d6.prefab using Guid(cc2e145304a0b1e44aa1567da9218354) Importer(815301076,1909f56bfc062723c751e8b465ee728b)  -> (artifact id: '62c011089b9bc6f5928e4659cfbdc8d6') in 0.034389 seconds 
Number of asset objects unloaded after import = 18
========================================================================
Received Import Request.
  Time since last request: 16.343453 seconds.
  path: Assets/Collection Dice set for role-playing games/Prefabs/Dice_d6.prefab
  artifactKey: Guid(cc2e145304a0b1e44aa1567da9218354) Importer(815301076,1909f56bfc062723c751e8b465ee728b)
Number of updated assets reloaded before import = 0
Start importing Assets/Collection Dice set for role-playing games/Prefabs/Dice_d6.prefab using Guid(cc2e145304a0b1e44aa1567da9218354) Importer(815301076,1909f56bfc062723c751e8b465ee728b)  -> (artifact id: '6dc9f5572cfab942abb75aa81068d37a') in 0.020557 seconds 
Number of asset objects unloaded after import = 18
========================================================================
Received Import Request.
  Time since last request: 4.001396 seconds.
  path: Assets/Collection Dice set for role-playing games/Prefabs/Dice_d6.prefab
  artifactKey: Guid(cc2e145304a0b1e44aa1567da9218354) Importer(815301076,1909f56bfc062723c751e8b465ee728b)
Number of updated assets reloaded before import = 0
Start importing Assets/Collection Dice set for role-playing games/Prefabs/Dice_d6.prefab using Guid(cc2e145304a0b1e44aa1567da9218354) Importer(815301076,1909f56bfc062723c751e8b465ee728b)  -> (artifact id: '8961691dbc9d4f31e525378702748bfb') in 0.217008 seconds 
Number of asset objects unloaded after import = 18
========================================================================
Received Import Request.
  Time since last request: 22.418409 seconds.
  path: Assets/Collection Dice set for role-playing games/Prefabs/Dice_d6.prefab
  artifactKey: Guid(cc2e145304a0b1e44aa1567da9218354) Importer(815301076,1909f56bfc062723c751e8b465ee728b)
Number of updated assets reloaded before import = 0
Start importing Assets/Collection Dice set for role-playing games/Prefabs/Dice_d6.prefab using Guid(cc2e145304a0b1e44aa1567da9218354) Importer(815301076,1909f56bfc062723c751e8b465ee728b)  -> (artifact id: 'cdc3009870895c0e6ab20bab67107b88') in 0.024812 seconds 
Number of asset objects unloaded after import = 20
========================================================================
Received Import Request.
  Time since last request: 5.413897 seconds.
  path: Assets/Collection Dice set for role-playing games/Prefabs/Dice_d6.prefab
  artifactKey: Guid(cc2e145304a0b1e44aa1567da9218354) Importer(815301076,1909f56bfc062723c751e8b465ee728b)
Number of updated assets reloaded before import = 0
Start importing Assets/Collection Dice set for role-playing games/Prefabs/Dice_d6.prefab using Guid(cc2e145304a0b1e44aa1567da9218354) Importer(815301076,1909f56bfc062723c751e8b465ee728b)  -> (artifact id: '301d3fef79717c3d55fb7f303558ee9f') in 0.022854 seconds 
Number of asset objects unloaded after import = 20
========================================================================
Received Import Request.
  Time since last request: 5.222159 seconds.
  path: Assets/Collection Dice set for role-playing games/Prefabs/Dice_d6.prefab
  artifactKey: Guid(cc2e145304a0b1e44aa1567da9218354) Importer(815301076,1909f56bfc062723c751e8b465ee728b)
Number of updated assets reloaded before import = 0
Start importing Assets/Collection Dice set for role-playing games/Prefabs/Dice_d6.prefab using Guid(cc2e145304a0b1e44aa1567da9218354) Importer(815301076,1909f56bfc062723c751e8b465ee728b)  -> (artifact id: '0abf49a6f1d6e33377d342de0c43a8c9') in 0.050195 seconds 
Number of asset objects unloaded after import = 20
========================================================================
Received Import Request.
  Time since last request: 4.380163 seconds.
  path: Assets/Collection Dice set for role-playing games/Prefabs/Dice_d6.prefab
  artifactKey: Guid(cc2e145304a0b1e44aa1567da9218354) Importer(815301076,1909f56bfc062723c751e8b465ee728b)
Number of updated assets reloaded before import = 0
Start importing Assets/Collection Dice set for role-playing games/Prefabs/Dice_d6.prefab using Guid(cc2e145304a0b1e44aa1567da9218354) Importer(815301076,1909f56bfc062723c751e8b465ee728b)  -> (artifact id: '97b14239a73bcdab1385ad6da359380d') in 0.020990 seconds 
Number of asset objects unloaded after import = 20
========================================================================
Received Import Request.
  Time since last request: 10.894808 seconds.
  path: Assets/Collection Dice set for role-playing games/Prefabs/Dice_d6.prefab
  artifactKey: Guid(cc2e145304a0b1e44aa1567da9218354) Importer(815301076,1909f56bfc062723c751e8b465ee728b)
Number of updated assets reloaded before import = 0
Start importing Assets/Collection Dice set for role-playing games/Prefabs/Dice_d6.prefab using Guid(cc2e145304a0b1e44aa1567da9218354) Importer(815301076,1909f56bfc062723c751e8b465ee728b)  -> (artifact id: '363f4bdb6940aae6a97a8695915ff61f') in 0.026777 seconds 
Number of asset objects unloaded after import = 20
========================================================================
Received Import Request.
  Time since last request: 5.212010 seconds.
  path: Assets/Collection Dice set for role-playing games/Prefabs/Dice_d6.prefab
  artifactKey: Guid(cc2e145304a0b1e44aa1567da9218354) Importer(815301076,1909f56bfc062723c751e8b465ee728b)
Number of updated assets reloaded before import = 0
Start importing Assets/Collection Dice set for role-playing games/Prefabs/Dice_d6.prefab using Guid(cc2e145304a0b1e44aa1567da9218354) Importer(815301076,1909f56bfc062723c751e8b465ee728b)  -> (artifact id: '9441136d75466ae3e7cc6384020ab2fb') in 0.022824 seconds 
Number of asset objects unloaded after import = 22
========================================================================
Received Import Request.
  Time since last request: 7.243125 seconds.
  path: Assets/Collection Dice set for role-playing games/Prefabs/Dice_d6.prefab
  artifactKey: Guid(cc2e145304a0b1e44aa1567da9218354) Importer(815301076,1909f56bfc062723c751e8b465ee728b)
Number of updated assets reloaded before import = 0
Start importing Assets/Collection Dice set for role-playing games/Prefabs/Dice_d6.prefab using Guid(cc2e145304a0b1e44aa1567da9218354) Importer(815301076,1909f56bfc062723c751e8b465ee728b)  -> (artifact id: 'f8a653194a117755b47d8c1ae08a2e41') in 0.049890 seconds 
Number of asset objects unloaded after import = 22
========================================================================
Received Import Request.
  Time since last request: 3.802862 seconds.
  path: Assets/Collection Dice set for role-playing games/Prefabs/Dice_d6.prefab
  artifactKey: Guid(cc2e145304a0b1e44aa1567da9218354) Importer(815301076,1909f56bfc062723c751e8b465ee728b)
Number of updated assets reloaded before import = 0
Start importing Assets/Collection Dice set for role-playing games/Prefabs/Dice_d6.prefab using Guid(cc2e145304a0b1e44aa1567da9218354) Importer(815301076,1909f56bfc062723c751e8b465ee728b)  -> (artifact id: 'e98644f73beb5ffec2bbab89a5e78ce8') in 0.019696 seconds 
Number of asset objects unloaded after import = 22
========================================================================
Received Import Request.
  Time since last request: 0.383737 seconds.
  path: Assets/Collection Dice set for role-playing games/Prefabs/Dice_d6.prefab
  artifactKey: Guid(cc2e145304a0b1e44aa1567da9218354) Importer(815301076,1909f56bfc062723c751e8b465ee728b)
Number of updated assets reloaded before import = 0
Start importing Assets/Collection Dice set for role-playing games/Prefabs/Dice_d6.prefab using Guid(cc2e145304a0b1e44aa1567da9218354) Importer(815301076,1909f56bfc062723c751e8b465ee728b)  -> (artifact id: 'fff57fb63f6d445ce88382f57508b35a') in 0.025044 seconds 
Number of asset objects unloaded after import = 24
========================================================================
Received Import Request.
  Time since last request: 10.460323 seconds.
  path: Assets/Collection Dice set for role-playing games/Prefabs/Dice_d6.prefab
  artifactKey: Guid(cc2e145304a0b1e44aa1567da9218354) Importer(815301076,1909f56bfc062723c751e8b465ee728b)
Number of updated assets reloaded before import = 0
Start importing Assets/Collection Dice set for role-playing games/Prefabs/Dice_d6.prefab using Guid(cc2e145304a0b1e44aa1567da9218354) Importer(815301076,1909f56bfc062723c751e8b465ee728b)  -> (artifact id: 'b96664d1bc0018abbfd671d3957e049e') in 0.020209 seconds 
Number of asset objects unloaded after import = 24
========================================================================
Received Import Request.
  Time since last request: 0.612960 seconds.
  path: Assets/Collection Dice set for role-playing games/Prefabs/Dice_d6.prefab
  artifactKey: Guid(cc2e145304a0b1e44aa1567da9218354) Importer(815301076,1909f56bfc062723c751e8b465ee728b)
Number of updated assets reloaded before import = 0
Start importing Assets/Collection Dice set for role-playing games/Prefabs/Dice_d6.prefab using Guid(cc2e145304a0b1e44aa1567da9218354) Importer(815301076,1909f56bfc062723c751e8b465ee728b)  -> (artifact id: '2b1095aac96d893a41c06c9d5373eaba') in 0.029487 seconds 
Number of asset objects unloaded after import = 26
========================================================================
Received Import Request.
  Time since last request: 5.369309 seconds.
  path: Assets/Collection Dice set for role-playing games/Prefabs/Dice_d6.prefab
  artifactKey: Guid(cc2e145304a0b1e44aa1567da9218354) Importer(815301076,1909f56bfc062723c751e8b465ee728b)
Number of updated assets reloaded before import = 0
Start importing Assets/Collection Dice set for role-playing games/Prefabs/Dice_d6.prefab using Guid(cc2e145304a0b1e44aa1567da9218354) Importer(815301076,1909f56bfc062723c751e8b465ee728b)  -> (artifact id: 'bd16b852a21000aae1c69c9193e2541f') in 0.051783 seconds 
Number of asset objects unloaded after import = 26
========================================================================
Received Import Request.
  Time since last request: 2.777780 seconds.
  path: Assets/Collection Dice set for role-playing games/Prefabs/Dice_d6.prefab
  artifactKey: Guid(cc2e145304a0b1e44aa1567da9218354) Importer(815301076,1909f56bfc062723c751e8b465ee728b)
Number of updated assets reloaded before import = 0
Start importing Assets/Collection Dice set for role-playing games/Prefabs/Dice_d6.prefab using Guid(cc2e145304a0b1e44aa1567da9218354) Importer(815301076,1909f56bfc062723c751e8b465ee728b)  -> (artifact id: '63bde189e69e012a4c2fc2bc8d9c3f18') in 0.020925 seconds 
Number of asset objects unloaded after import = 26
========================================================================
Received Import Request.
  Time since last request: 1.802133 seconds.
  path: Assets/Collection Dice set for role-playing games/Prefabs/Dice_d6.prefab
  artifactKey: Guid(cc2e145304a0b1e44aa1567da9218354) Importer(815301076,1909f56bfc062723c751e8b465ee728b)
Number of updated assets reloaded before import = 0
Start importing Assets/Collection Dice set for role-playing games/Prefabs/Dice_d6.prefab using Guid(cc2e145304a0b1e44aa1567da9218354) Importer(815301076,1909f56bfc062723c751e8b465ee728b)  -> (artifact id: 'edc12a3201732231d1382fe2db546750') in 0.023783 seconds 
Number of asset objects unloaded after import = 28
========================================================================
Received Import Request.
  Time since last request: 8.229280 seconds.
  path: Assets/Collection Dice set for role-playing games/Prefabs/Dice_d6.prefab
  artifactKey: Guid(cc2e145304a0b1e44aa1567da9218354) Importer(815301076,1909f56bfc062723c751e8b465ee728b)
Number of updated assets reloaded before import = 0
Start importing Assets/Collection Dice set for role-playing games/Prefabs/Dice_d6.prefab using Guid(cc2e145304a0b1e44aa1567da9218354) Importer(815301076,1909f56bfc062723c751e8b465ee728b)  -> (artifact id: 'd84dd0966fbcfc3829fbbd8d11e40933') in 0.060508 seconds 
Number of asset objects unloaded after import = 28
========================================================================
Received Import Request.
  Time since last request: 3.376566 seconds.
  path: Assets/Collection Dice set for role-playing games/Prefabs/Dice_d6.prefab
  artifactKey: Guid(cc2e145304a0b1e44aa1567da9218354) Importer(815301076,1909f56bfc062723c751e8b465ee728b)
Number of updated assets reloaded before import = 0
Start importing Assets/Collection Dice set for role-playing games/Prefabs/Dice_d6.prefab using Guid(cc2e145304a0b1e44aa1567da9218354) Importer(815301076,1909f56bfc062723c751e8b465ee728b)  -> (artifact id: 'c1317d9f5b9d1051a06024add2b0a0d0') in 0.021776 seconds 
Number of asset objects unloaded after import = 28
========================================================================
Received Import Request.
  Time since last request: 112.276459 seconds.
  path: Assets/Minigames
  artifactKey: Guid(42c4b6029beff604597d3b485c5aff75) Importer(815301076,1909f56bfc062723c751e8b465ee728b)
Number of updated assets reloaded before import = 0
Start importing Assets/Minigames using Guid(42c4b6029beff604597d3b485c5aff75) Importer(815301076,1909f56bfc062723c751e8b465ee728b)  -> (artifact id: '64262d0b2d29e129e7b49da72fbdd916') in 0.002143 seconds 
Number of asset objects unloaded after import = 0
========================================================================
Received Import Request.
  Time since last request: 4.852285 seconds.
  path: Assets/Minigames/Dice
  artifactKey: Guid(971834fb377890d4090e23343f5d93ca) Importer(815301076,1909f56bfc062723c751e8b465ee728b)
Number of updated assets reloaded before import = 0
Start importing Assets/Minigames/Dice using Guid(971834fb377890d4090e23343f5d93ca) Importer(815301076,1909f56bfc062723c751e8b465ee728b)  -> (artifact id: 'a80570bbfb6fc27d9174076e215670f4') in 0.002453 seconds 
Number of asset objects unloaded after import = 0
========================================================================
Received Import Request.
  Time since last request: 10.090957 seconds.
  path: Assets/Minigames/Dice/Dice.cs
  artifactKey: Guid(1ded2bf7dfa153f488560d1a656fa140) Importer(815301076,1909f56bfc062723c751e8b465ee728b)
Number of updated assets reloaded before import = 0
Start importing Assets/Minigames/Dice/Dice.cs using Guid(1ded2bf7dfa153f488560d1a656fa140) Importer(815301076,1909f56bfc062723c751e8b465ee728b)  -> (artifact id: '1694e8154db62983b8c213236704397f') in 0.005513 seconds 
Number of asset objects unloaded after import = 0
========================================================================
Received Prepare
Registering precompiled user dll's ...
Registered in 0.006247 seconds.
Begin MonoManager ReloadAssembly
Native extension for WindowsStandalone target not found
Refreshing native plugins compatible for Editor in 0.92 ms, found 3 plugins.
Preloading 0 native plugins for Editor in 0.00 ms.
Mono: successfully reloaded assembly
- Completed reload, in  1.143 seconds
Domain Reload Profiling:
	ReloadAssembly (1144ms)
		BeginReloadAssembly (269ms)
			ExecutionOrderSort (0ms)
			DisableScriptedObjects (8ms)
			BackupInstance (0ms)
			ReleaseScriptingObjects (0ms)
			CreateAndSetChildDomain (95ms)
		EndReloadAssembly (791ms)
			LoadAssemblies (145ms)
			RebuildTransferFunctionScriptingTraits (0ms)
			SetupTypeCache (245ms)
			ReleaseScriptCaches (2ms)
			RebuildScriptCaches (40ms)
			SetupLoadedEditorAssemblies (394ms)
				LogAssemblyErrors (0ms)
				InitializePlatformSupportModulesInManaged (5ms)
				SetLoadedEditorAssemblies (0ms)
				RefreshPlugins (1ms)
				BeforeProcessingInitializeOnLoad (56ms)
				ProcessInitializeOnLoadAttributes (307ms)
				ProcessInitializeOnLoadMethodAttributes (17ms)
				AfterProcessingInitializeOnLoad (8ms)
				EditorAssembliesLoaded (0ms)
			ExecutionOrderSort2 (0ms)
			AwakeInstancesAfterBackupRestoration (5ms)
Platform modules already initialized, skipping
Refreshing native plugins compatible for Editor in 0.94 ms, found 3 plugins.
Preloading 0 native plugins for Editor in 0.00 ms.
Unloading 3977 Unused Serialized files (Serialized files now loaded: 0)
Unloading 43 unused Assets / (2.7 MB). Loaded Objects now: 4566.
Memory consumption went from 178.7 MB to 176.1 MB.
Total: 3.938800 ms (FindLiveObjects: 0.351900 ms CreateObjectMapping: 0.126500 ms MarkObjects: 2.960300 ms  DeleteObjects: 0.498800 ms)

AssetImportParameters requested are different than current active one (requested -> active):
  custom:video-decoder-ogg-theora: a1e56fd34408186e4bbccfd4996cb3dc -> 
  custom:container-muxer-webm: aa71ff27fc2769a1b78a27578f13a17b -> 
  custom:container-demuxer-webm: 4f35f7cbe854078d1ac9338744f61a02 -> 
  custom:video-encoder-webm-vp8: eb34c28f22e8b96e1ab97ce403110664 -> 
  custom:video-codec-MediaFoundation-h265: 746d11721c4dcdbdad8f713fa42b33f4 -> 
  custom:CustomObjectIndexerAttribute: bc11b3a6c3213fcdd17b65e7da85e133 -> 
  custom:audio-encoder-webm-vorbis: bf7c407c2cedff20999df2af8eb42d56 -> 
  custom:framework-win-MediaFoundation: 216162199b28c13a410421893ffa2e32 -> 
  custom:SearchIndexIgnoredProperties: e643bd26f0fe6173181afceb89e7c659 -> 
  custom:container-demuxer-ogg: 62fdf1f143b41e24485cea50d1cbac27 -> 
  custom:video-decoder-webm-vp8: 9c59270c3fd7afecdb556c50c9e8de78 -> 
  custom:audio-decoder-ogg-vorbis: bf7c407c2cedff20999df2af8eb42d56 -> 
========================================================================
Received Import Request.
  Time since last request: 94.282640 seconds.
  path: Assets/Minigames/Dice/dice.physicMaterial
  artifactKey: Guid(52e6bd5bd5d92ac4ab837e71869fa818) Importer(815301076,1909f56bfc062723c751e8b465ee728b)
Number of updated assets reloaded before import = 0
Start importing Assets/Minigames/Dice/dice.physicMaterial using Guid(52e6bd5bd5d92ac4ab837e71869fa818) Importer(815301076,1909f56bfc062723c751e8b465ee728b)  -> (artifact id: 'b31ae6e92be66626cd0563a63855fab9') in 0.055317 seconds 
Number of asset objects unloaded after import = 1
========================================================================
Received Import Request.
  Time since last request: 61.955261 seconds.
  path: Assets/nTools/PrefabPainter/GUI/AddIcon.png
  artifactKey: Guid(bb6c3fd9405f7430caa680db8c58f3b2) Importer(815301076,1909f56bfc062723c751e8b465ee728b)
Number of updated assets reloaded before import = 0
Start importing Assets/nTools/PrefabPainter/GUI/AddIcon.png using Guid(bb6c3fd9405f7430caa680db8c58f3b2) Importer(815301076,1909f56bfc062723c751e8b465ee728b)  -> (artifact id: '5be6846afd01dd274fb1e5a7c3aa6941') in 0.038416 seconds 
Number of asset objects unloaded after import = 2
========================================================================
Received Import Request.
  Time since last request: 0.000018 seconds.
  path: Assets/PolygonNatureBiomes/PNB_Tropical_Jungle/FX/FX_Materials/Circle_Additive_FX.mat
  artifactKey: Guid(78b5afa38b125aa48b2b278cb59038ec) Importer(815301076,1909f56bfc062723c751e8b465ee728b)
Number of updated assets reloaded before import = 0
Start importing Assets/PolygonNatureBiomes/PNB_Tropical_Jungle/FX/FX_Materials/Circle_Additive_FX.mat using Guid(78b5afa38b125aa48b2b278cb59038ec) Importer(815301076,1909f56bfc062723c751e8b465ee728b)  -> (artifact id: 'e61765788d3a61451fe175fe7386528a') in 0.081438 seconds 
Number of asset objects unloaded after import = 2
========================================================================
Received Import Request.
  Time since last request: 0.000028 seconds.
  path: Assets/Quest/DialogOption.prefab
  artifactKey: Guid(7b11790e4c0245d46bf40659b69129b2) Importer(815301076,1909f56bfc062723c751e8b465ee728b)
Number of updated assets reloaded before import = 0
Start importing Assets/Quest/DialogOption.prefab using Guid(7b11790e4c0245d46bf40659b69129b2) Importer(815301076,1909f56bfc062723c751e8b465ee728b)  -> (artifact id: '370bcee46a44263ed7f19c143f6c078b') in 0.057335 seconds 
Number of asset objects unloaded after import = 23
========================================================================
Received Import Request.
  Time since last request: 1.855095 seconds.
  path: Assets/Collection Dice set for role-playing games/Dice_d10/Textures/2k/Plastic Glossy Pure red/Dice_10_Normal.png
  artifactKey: Guid(46b995a7b9752d94893f667c1b76d155) Importer(815301076,1909f56bfc062723c751e8b465ee728b)
Number of updated assets reloaded before import = 0
Start importing Assets/Collection Dice set for role-playing games/Dice_d10/Textures/2k/Plastic Glossy Pure red/Dice_10_Normal.png using Guid(46b995a7b9752d94893f667c1b76d155) Importer(815301076,1909f56bfc062723c751e8b465ee728b)  -> (artifact id: '16cc27fe802e4f017dacd6f4290a8d62') in 0.026035 seconds 
Number of asset objects unloaded after import = 2
========================================================================
Received Import Request.
  Time since last request: 0.000035 seconds.
  path: Assets/Collection Dice set for role-playing games/Dice_d10/Textures/2k/Plastic Glossy Pure write/Dice_10_Roughness.png
  artifactKey: Guid(83b4e3e648a73fc488a0a0b6528d27a1) Importer(815301076,1909f56bfc062723c751e8b465ee728b)
Number of updated assets reloaded before import = 0
Start importing Assets/Collection Dice set for role-playing games/Dice_d10/Textures/2k/Plastic Glossy Pure write/Dice_10_Roughness.png using Guid(83b4e3e648a73fc488a0a0b6528d27a1) Importer(815301076,1909f56bfc062723c751e8b465ee728b)  -> (artifact id: '02843b44702671db3c060340e5747770') in 0.019708 seconds 
Number of asset objects unloaded after import = 2
========================================================================
Received Import Request.
  Time since last request: 0.000019 seconds.
  path: Assets/Collection Dice set for role-playing games/Dice_d10/Textures/2k/Plastic Rough Scratched red/Dice_10_Roughness.png
  artifactKey: Guid(acce70ab0bfa2344696ffecb7908c472) Importer(815301076,1909f56bfc062723c751e8b465ee728b)
Number of updated assets reloaded before import = 0
Start importing Assets/Collection Dice set for role-playing games/Dice_d10/Textures/2k/Plastic Rough Scratched red/Dice_10_Roughness.png using Guid(acce70ab0bfa2344696ffecb7908c472) Importer(815301076,1909f56bfc062723c751e8b465ee728b)  -> (artifact id: '27bcecb6333ae70d5572cb1f499574ec') in 0.019042 seconds 
Number of asset objects unloaded after import = 2
========================================================================
Received Import Request.
  Time since last request: 0.000023 seconds.
  path: Assets/Collection Dice set for role-playing games/Dice_d10/Textures/512/Plastic Glossy Pure blue/Dice_10_Roughness.png
  artifactKey: Guid(796708ba267833c408a5a2e26bdda82f) Importer(815301076,1909f56bfc062723c751e8b465ee728b)
Number of updated assets reloaded before import = 0
Start importing Assets/Collection Dice set for role-playing games/Dice_d10/Textures/512/Plastic Glossy Pure blue/Dice_10_Roughness.png using Guid(796708ba267833c408a5a2e26bdda82f) Importer(815301076,1909f56bfc062723c751e8b465ee728b)  -> (artifact id: '929865368f0a0a5ecf1d7f88407eaa08') in 0.015488 seconds 
Number of asset objects unloaded after import = 2
========================================================================
Received Import Request.
  Time since last request: 0.000016 seconds.
  path: Assets/Collection Dice set for role-playing games/Dice_d10/Textures/2k/Plastic Glossy Pure red/Dice_10_Roughness.png
  artifactKey: Guid(01d0b5299d5fe6643a02df0b9ec2b8f0) Importer(815301076,1909f56bfc062723c751e8b465ee728b)
Number of updated assets reloaded before import = 0
Start importing Assets/Collection Dice set for role-playing games/Dice_d10/Textures/2k/Plastic Glossy Pure red/Dice_10_Roughness.png using Guid(01d0b5299d5fe6643a02df0b9ec2b8f0) Importer(815301076,1909f56bfc062723c751e8b465ee728b)  -> (artifact id: '2aa887fb75f89f824abff5447cdac1c9') in 0.013987 seconds 
Number of asset objects unloaded after import = 2
========================================================================
Received Import Request.
  Time since last request: 1.886508 seconds.
  path: Assets/Collection Dice set for role-playing games/Prefabs/Dice_d6.prefab
  artifactKey: Guid(cc2e145304a0b1e44aa1567da9218354) Importer(815301076,1909f56bfc062723c751e8b465ee728b)
Number of updated assets reloaded before import = 0
Start importing Assets/Collection Dice set for role-playing games/Prefabs/Dice_d6.prefab using Guid(cc2e145304a0b1e44aa1567da9218354) Importer(815301076,1909f56bfc062723c751e8b465ee728b)  -> (artifact id: '25cce4d5b08d0cbb646a072cf99a4b02') in 0.032227 seconds 
Number of asset objects unloaded after import = 29
========================================================================
Received Import Request.
  Time since last request: 28.826915 seconds.
  path: Assets/Minigames/Dice/dice.physicMaterial
  artifactKey: Guid(52e6bd5bd5d92ac4ab837e71869fa818) Importer(815301076,1909f56bfc062723c751e8b465ee728b)
Number of updated assets reloaded before import = 0
Start importing Assets/Minigames/Dice/dice.physicMaterial using Guid(52e6bd5bd5d92ac4ab837e71869fa818) Importer(815301076,1909f56bfc062723c751e8b465ee728b)  -> (artifact id: 'fcc314fcd8ba2bdda045e39b90a617ee') in 0.002402 seconds 
Number of asset objects unloaded after import = 1
