Using pre-set license
Built from '2021.3/staging' branch; Version is '2021.3.32f1 (3b9dae9532f5) revision 3906990'; Using compiler version '192829333'; Build Type 'Release'
OS: 'Windows 11  (10.0.26200) 64bit Core' Language: 'cs' Physical Memory: 16219 MB
BatchMode: 1, IsHumanControllingUs: 0, StartBugReporterOnCrash: 0, Is64bit: 1, IsPro: 1

COMMAND LINE ARGUMENTS:
C:\Program Files\Unity\Hub\Editor\2021.3.32f1\Editor\Unity.exe
-adb2
-batchMode
-noUpm
-name
AssetImportWorker1
-projectPath
C:/Users/simon/OneDrive/Dokumenty/GitHub/The-Last-Bounty/Wanted-Dead or alive
-logFile
Logs/AssetImportWorker1.log
-srvPort
53717
Successfully changed project path to: C:/Users/simon/OneDrive/Dokumenty/GitHub/The-Last-Bounty/Wanted-Dead or alive
C:/Users/simon/OneDrive/Dokumenty/GitHub/The-Last-Bounty/Wanted-Dead or alive
[UnityMemory] Configuration Parameters - Can be set up in boot.config
    "memorysetup-bucket-allocator-granularity=16"
    "memorysetup-bucket-allocator-bucket-count=8"
    "memorysetup-bucket-allocator-block-size=33554432"
    "memorysetup-bucket-allocator-block-count=8"
    "memorysetup-main-allocator-block-size=16777216"
    "memorysetup-thread-allocator-block-size=16777216"
    "memorysetup-gfx-main-allocator-block-size=16777216"
    "memorysetup-gfx-thread-allocator-block-size=16777216"
    "memorysetup-cache-allocator-block-size=4194304"
    "memorysetup-typetree-allocator-block-size=2097152"
    "memorysetup-profiler-bucket-allocator-granularity=16"
    "memorysetup-profiler-bucket-allocator-bucket-count=8"
    "memorysetup-profiler-bucket-allocator-block-size=33554432"
    "memorysetup-profiler-bucket-allocator-block-count=8"
    "memorysetup-profiler-allocator-block-size=16777216"
    "memorysetup-profiler-editor-allocator-block-size=1048576"
    "memorysetup-temp-allocator-size-main=16777216"
    "memorysetup-job-temp-allocator-block-size=2097152"
    "memorysetup-job-temp-allocator-block-size-background=1048576"
    "memorysetup-job-temp-allocator-reduction-small-platforms=262144"
    "memorysetup-temp-allocator-size-background-worker=32768"
    "memorysetup-temp-allocator-size-job-worker=262144"
    "memorysetup-temp-allocator-size-preload-manager=33554432"
    "memorysetup-temp-allocator-size-nav-mesh-worker=65536"
    "memorysetup-temp-allocator-size-audio-worker=65536"
    "memorysetup-temp-allocator-size-cloud-worker=32768"
    "memorysetup-temp-allocator-size-gi-baking-worker=262144"
    "memorysetup-temp-allocator-size-gfx=262144"
Player connection [21144] Host "[IP] 192.168.56.1 [Port] 0 [Flags] 2 [Guid] 584831305 [EditorId] 584831305 [Version] 1048832 [Id] WindowsEditor(7,SimonRuza) [Debug] 1 [PackageName] WindowsEditor [ProjectName] Editor" joined multi-casting on [225.0.0.222:54997]...

Player connection [21144] Host "[IP] 192.168.56.1 [Port] 0 [Flags] 2 [Guid] 584831305 [EditorId] 584831305 [Version] 1048832 [Id] WindowsEditor(7,SimonRuza) [Debug] 1 [PackageName] WindowsEditor [ProjectName] Editor" joined alternative multi-casting on [225.0.0.222:34997]...

[Physics::Module] Initialized MultithreadedJobDispatcher with {0} workers.
Refreshing native plugins compatible for Editor in 98.84 ms, found 3 plugins.
Preloading 0 native plugins for Editor in 0.00 ms.
Initialize engine version: 2021.3.32f1 (3b9dae9532f5)
[Subsystems] Discovering subsystems at path C:/Program Files/Unity/Hub/Editor/2021.3.32f1/Editor/Data/Resources/UnitySubsystems
[Subsystems] Discovering subsystems at path C:/Users/simon/OneDrive/Dokumenty/GitHub/The-Last-Bounty/Wanted-Dead or alive/Assets
GfxDevice: creating device client; threaded=0; jobified=0
Direct3D:
    Version:  Direct3D 11.0 [level 11.1]
    Renderer: NVIDIA GeForce RTX 3060 Laptop GPU (ID=0x2560)
    Vendor:   NVIDIA
    VRAM:     5994 MB
    Driver:   32.0.15.9571
Initialize mono
Mono path[0] = 'C:/Program Files/Unity/Hub/Editor/2021.3.32f1/Editor/Data/Managed'
Mono path[1] = 'C:/Program Files/Unity/Hub/Editor/2021.3.32f1/Editor/Data/MonoBleedingEdge/lib/mono/unityjit-win32'
Mono config path = 'C:/Program Files/Unity/Hub/Editor/2021.3.32f1/Editor/Data/MonoBleedingEdge/etc'
Using monoOptions --debugger-agent=transport=dt_socket,embedding=1,server=y,suspend=n,address=127.0.0.1:56504
Begin MonoManager ReloadAssembly
Registering precompiled unity dll's ...
Register platform support module: C:/Program Files/Unity/Hub/Editor/2021.3.32f1/Editor/Data/PlaybackEngines/WindowsStandaloneSupport/UnityEditor.WindowsStandalone.Extensions.dll
Registered in 0.006264 seconds.
Native extension for WindowsStandalone target not found
Refreshing native plugins compatible for Editor in 103.29 ms, found 3 plugins.
Preloading 0 native plugins for Editor in 0.00 ms.
Mono: successfully reloaded assembly
- Completed reload, in  0.717 seconds
Domain Reload Profiling:
	ReloadAssembly (718ms)
		BeginReloadAssembly (136ms)
			ExecutionOrderSort (0ms)
			DisableScriptedObjects (0ms)
			BackupInstance (0ms)
			ReleaseScriptingObjects (0ms)
			CreateAndSetChildDomain (1ms)
		EndReloadAssembly (472ms)
			LoadAssemblies (122ms)
			RebuildTransferFunctionScriptingTraits (0ms)
			SetupTypeCache (102ms)
			ReleaseScriptCaches (0ms)
			RebuildScriptCaches (26ms)
			SetupLoadedEditorAssemblies (302ms)
				LogAssemblyErrors (0ms)
				InitializePlatformSupportModulesInManaged (8ms)
				SetLoadedEditorAssemblies (0ms)
				RefreshPlugins (103ms)
				BeforeProcessingInitializeOnLoad (1ms)
				ProcessInitializeOnLoadAttributes (137ms)
				ProcessInitializeOnLoadMethodAttributes (53ms)
				AfterProcessingInitializeOnLoad (0ms)
				EditorAssembliesLoaded (0ms)
			ExecutionOrderSort2 (0ms)
			AwakeInstancesAfterBackupRestoration (0ms)
Platform modules already initialized, skipping
Registering precompiled user dll's ...
Registered in 0.007114 seconds.
Begin MonoManager ReloadAssembly
Native extension for WindowsStandalone target not found
Refreshing native plugins compatible for Editor in 121.26 ms, found 3 plugins.
Preloading 0 native plugins for Editor in 0.00 ms.
Mono: successfully reloaded assembly
- Completed reload, in  1.382 seconds
Domain Reload Profiling:
	ReloadAssembly (1383ms)
		BeginReloadAssembly (130ms)
			ExecutionOrderSort (0ms)
			DisableScriptedObjects (5ms)
			BackupInstance (0ms)
			ReleaseScriptingObjects (0ms)
			CreateAndSetChildDomain (19ms)
		EndReloadAssembly (1138ms)
			LoadAssemblies (115ms)
			RebuildTransferFunctionScriptingTraits (0ms)
			SetupTypeCache (267ms)
			ReleaseScriptCaches (1ms)
			RebuildScriptCaches (72ms)
			SetupLoadedEditorAssemblies (661ms)
				LogAssemblyErrors (0ms)
				InitializePlatformSupportModulesInManaged (7ms)
				SetLoadedEditorAssemblies (0ms)
				RefreshPlugins (121ms)
				BeforeProcessingInitializeOnLoad (103ms)
				ProcessInitializeOnLoadAttributes (404ms)
				ProcessInitializeOnLoadMethodAttributes (17ms)
				AfterProcessingInitializeOnLoad (8ms)
				EditorAssembliesLoaded (0ms)
			ExecutionOrderSort2 (0ms)
			AwakeInstancesAfterBackupRestoration (9ms)
Platform modules already initialized, skipping
========================================================================
Worker process is ready to serve import requests
Launched and connected shader compiler UnityShaderCompiler.exe after 0.05 seconds
Refreshing native plugins compatible for Editor in 1.44 ms, found 3 plugins.
Preloading 0 native plugins for Editor in 0.00 ms.
Unloading 4072 Unused Serialized files (Serialized files now loaded: 0)
Unloading 60 unused Assets / (2.7 MB). Loaded Objects now: 4538.
Memory consumption went from 183.9 MB to 181.1 MB.
Total: 5.314700 ms (FindLiveObjects: 0.646100 ms CreateObjectMapping: 0.345300 ms MarkObjects: 3.568700 ms  DeleteObjects: 0.752800 ms)

AssetImportParameters requested are different than current active one (requested -> active):
  custom:video-decoder-ogg-theora: a1e56fd34408186e4bbccfd4996cb3dc -> 
  custom:container-muxer-webm: aa71ff27fc2769a1b78a27578f13a17b -> 
  custom:container-demuxer-webm: 4f35f7cbe854078d1ac9338744f61a02 -> 
  custom:video-encoder-webm-vp8: eb34c28f22e8b96e1ab97ce403110664 -> 
  custom:video-codec-MediaFoundation-h265: 746d11721c4dcdbdad8f713fa42b33f4 -> 
  custom:CustomObjectIndexerAttribute: bc11b3a6c3213fcdd17b65e7da85e133 -> 
  custom:audio-encoder-webm-vorbis: bf7c407c2cedff20999df2af8eb42d56 -> 
  custom:framework-win-MediaFoundation: 216162199b28c13a410421893ffa2e32 -> 
  custom:SearchIndexIgnoredProperties: e643bd26f0fe6173181afceb89e7c659 -> 
  custom:container-demuxer-ogg: 62fdf1f143b41e24485cea50d1cbac27 -> 
  custom:video-decoder-webm-vp8: 9c59270c3fd7afecdb556c50c9e8de78 -> 
  custom:audio-decoder-ogg-vorbis: bf7c407c2cedff20999df2af8eb42d56 -> 
========================================================================
Received Import Request.
  Time since last request: 1280.739585 seconds.
  path: Assets/PolygonWestern/Prefabs/Environments/SM_Env_Rocks_02.prefab
  artifactKey: Guid(610309a373c4b7f46b12627b75a32511) Importer(815301076,1909f56bfc062723c751e8b465ee728b)
Number of updated assets reloaded before import = 0
Start importing Assets/PolygonWestern/Prefabs/Environments/SM_Env_Rocks_02.prefab using Guid(610309a373c4b7f46b12627b75a32511) Importer(815301076,1909f56bfc062723c751e8b465ee728b)  -> (artifact id: '1cbbc42d7cf65edcd739694bda1dcfd9') in 0.266855 seconds 
Number of asset objects unloaded after import = 10
========================================================================
Received Import Request.
  Time since last request: 0.000063 seconds.
  path: Assets/PolygonNatureBiomes/PNB_Tropical_Jungle/Prefabs/SM_Env_Rock_Spike_01.prefab
  artifactKey: Guid(6db9d38d12e48ad4688827120cd9262d) Importer(815301076,1909f56bfc062723c751e8b465ee728b)
Number of updated assets reloaded before import = 0
Start importing Assets/PolygonNatureBiomes/PNB_Tropical_Jungle/Prefabs/SM_Env_Rock_Spike_01.prefab using Guid(6db9d38d12e48ad4688827120cd9262d) Importer(815301076,1909f56bfc062723c751e8b465ee728b)  -> (artifact id: 'a32cff5ae4628ba2132f053b42d9bbd9') in 0.079199 seconds 
Number of asset objects unloaded after import = 17
========================================================================
Received Import Request.
  Time since last request: 0.000043 seconds.
  path: Assets/PolygonNatureBiomes/PNB_Tropical_Jungle/Prefabs/SM_Env_Rock_Spikes_02.prefab
  artifactKey: Guid(b4da6d6d52ce807488ef323a341c7c85) Importer(815301076,1909f56bfc062723c751e8b465ee728b)
Number of updated assets reloaded before import = 0
Start importing Assets/PolygonNatureBiomes/PNB_Tropical_Jungle/Prefabs/SM_Env_Rock_Spikes_02.prefab using Guid(b4da6d6d52ce807488ef323a341c7c85) Importer(815301076,1909f56bfc062723c751e8b465ee728b)  -> (artifact id: '65bf9767a9f98c9d4f798afe1ea6f647') in 0.069638 seconds 
Number of asset objects unloaded after import = 17
========================================================================
Received Import Request.
  Time since last request: 0.000031 seconds.
  path: Assets/PolygonWestern/Prefabs/Environments/SM_Env_Rocks_01.prefab
  artifactKey: Guid(6d95802c08720fa44bd83b8dc684671d) Importer(815301076,1909f56bfc062723c751e8b465ee728b)
Number of updated assets reloaded before import = 0
Start importing Assets/PolygonWestern/Prefabs/Environments/SM_Env_Rocks_01.prefab using Guid(6d95802c08720fa44bd83b8dc684671d) Importer(815301076,1909f56bfc062723c751e8b465ee728b)  -> (artifact id: 'b3b56eb3599d4044c89e5b211df4d0d2') in 0.053952 seconds 
Number of asset objects unloaded after import = 10
========================================================================
Received Import Request.
  Time since last request: 0.000036 seconds.
  path: Assets/PolygonNatureBiomes/PNB_Tropical_Jungle/Prefabs/SM_Env_Rock_Spike_02.prefab
  artifactKey: Guid(cc0a68735873a9e43bf27c10ea8546dd) Importer(815301076,1909f56bfc062723c751e8b465ee728b)
Number of updated assets reloaded before import = 0
Start importing Assets/PolygonNatureBiomes/PNB_Tropical_Jungle/Prefabs/SM_Env_Rock_Spike_02.prefab using Guid(cc0a68735873a9e43bf27c10ea8546dd) Importer(815301076,1909f56bfc062723c751e8b465ee728b)  -> (artifact id: '2f1c0eb49336eb5afbf975df20ecbc8c') in 0.025370 seconds 
Number of asset objects unloaded after import = 17
========================================================================
Received Import Request.
  Time since last request: 5.426320 seconds.
  path: Assets/PolygonPirates/Prefabs/Environments/SM_Env_Tree_Canopy_03.prefab
  artifactKey: Guid(c299059ada8bdd84caa1932d26a54eae) Importer(815301076,1909f56bfc062723c751e8b465ee728b)
Number of updated assets reloaded before import = 0
Start importing Assets/PolygonPirates/Prefabs/Environments/SM_Env_Tree_Canopy_03.prefab using Guid(c299059ada8bdd84caa1932d26a54eae) Importer(815301076,1909f56bfc062723c751e8b465ee728b)  -> (artifact id: 'a533fe1258ad6066ea4f6140458db0f8') in 0.025051 seconds 
Number of asset objects unloaded after import = 10
========================================================================
Received Import Request.
  Time since last request: 0.000027 seconds.
  path: Assets/PolygonNatureBiomes/PNB_Tropical_Jungle/Prefabs/SM_Env_Tree_Pohutukawa_04.prefab
  artifactKey: Guid(08b24fb13261ca34890d8b7e0cd1703f) Importer(815301076,1909f56bfc062723c751e8b465ee728b)
Number of updated assets reloaded before import = 0
Start importing Assets/PolygonNatureBiomes/PNB_Tropical_Jungle/Prefabs/SM_Env_Tree_Pohutukawa_04.prefab using Guid(08b24fb13261ca34890d8b7e0cd1703f) Importer(815301076,1909f56bfc062723c751e8b465ee728b)  -> (artifact id: '1374dd7d9d069d85d396f53697067c0f') in 0.106356 seconds 
Number of asset objects unloaded after import = 32
========================================================================
Received Import Request.
  Time since last request: 0.000032 seconds.
  path: Assets/PolygonWestern/Prefabs/Environments/SM_Env_TreeDead_03.prefab
  artifactKey: Guid(7872fa5d1c5d9104b95158ff7e52074c) Importer(815301076,1909f56bfc062723c751e8b465ee728b)
Number of updated assets reloaded before import = 0
Start importing Assets/PolygonWestern/Prefabs/Environments/SM_Env_TreeDead_03.prefab using Guid(7872fa5d1c5d9104b95158ff7e52074c) Importer(815301076,1909f56bfc062723c751e8b465ee728b)  -> (artifact id: '2246149f6f5dea55679747cf0499a2c6') in 0.018204 seconds 
Number of asset objects unloaded after import = 11
========================================================================
Received Import Request.
  Time since last request: 0.000029 seconds.
  path: Assets/PolygonNatureBiomes/PNB_Tropical_Jungle/Prefabs/SM_Env_Tree_Palm_01.prefab
  artifactKey: Guid(a58fca9546f1ba04e954c4619c3f22f0) Importer(815301076,1909f56bfc062723c751e8b465ee728b)
Number of updated assets reloaded before import = 0
Start importing Assets/PolygonNatureBiomes/PNB_Tropical_Jungle/Prefabs/SM_Env_Tree_Palm_01.prefab using Guid(a58fca9546f1ba04e954c4619c3f22f0) Importer(815301076,1909f56bfc062723c751e8b465ee728b)  -> (artifact id: '3ccd9088524a7ceb42751fe5b62b8f24') in 0.057570 seconds 
Number of asset objects unloaded after import = 42
========================================================================
Received Import Request.
  Time since last request: 0.000028 seconds.
  path: Assets/PolygonPirates/Prefabs/Environments/SM_Env_Tree_Vines_01.prefab
  artifactKey: Guid(509ce055e3e7b2e458b05260bdf87f7e) Importer(815301076,1909f56bfc062723c751e8b465ee728b)
Number of updated assets reloaded before import = 0
Start importing Assets/PolygonPirates/Prefabs/Environments/SM_Env_Tree_Vines_01.prefab using Guid(509ce055e3e7b2e458b05260bdf87f7e) Importer(815301076,1909f56bfc062723c751e8b465ee728b)  -> (artifact id: '0f065ebaf6bde6aa2d7b989c3212a6f9') in 0.011851 seconds 
Number of asset objects unloaded after import = 10
========================================================================
Received Import Request.
  Time since last request: 0.000029 seconds.
  path: Assets/PolygonPirates/Prefabs/Environments/SM_Env_Tree_Dead_01.prefab
  artifactKey: Guid(7bdfc15b94969874783c8029d8b918d8) Importer(815301076,1909f56bfc062723c751e8b465ee728b)
Number of updated assets reloaded before import = 0
Start importing Assets/PolygonPirates/Prefabs/Environments/SM_Env_Tree_Dead_01.prefab using Guid(7bdfc15b94969874783c8029d8b918d8) Importer(815301076,1909f56bfc062723c751e8b465ee728b)  -> (artifact id: '9604dd9b72753ae16be13aed4b49f014') in 0.012522 seconds 
Number of asset objects unloaded after import = 14
========================================================================
Received Import Request.
  Time since last request: 0.000036 seconds.
  path: Assets/PolygonNatureBiomes/PNB_Tropical_Jungle/Prefabs/SM_Env_Tree_Forest_03.prefab
  artifactKey: Guid(229af2b6b995f2c40a59cf0af2e3c82b) Importer(815301076,1909f56bfc062723c751e8b465ee728b)
Number of updated assets reloaded before import = 0
Start importing Assets/PolygonNatureBiomes/PNB_Tropical_Jungle/Prefabs/SM_Env_Tree_Forest_03.prefab using Guid(229af2b6b995f2c40a59cf0af2e3c82b) Importer(815301076,1909f56bfc062723c751e8b465ee728b)  -> (artifact id: 'c66df191810126af308c8ccafcb1a01e') in 0.052425 seconds 
Number of asset objects unloaded after import = 49
========================================================================
Received Import Request.
  Time since last request: 0.000030 seconds.
  path: Assets/PolygonNatureBiomes/PNB_Tropical_Jungle/Prefabs/SM_Env_Tree_Palm_02.prefab
  artifactKey: Guid(8524a36fffb567143aadc06379331a5c) Importer(815301076,1909f56bfc062723c751e8b465ee728b)
Number of updated assets reloaded before import = 0
Start importing Assets/PolygonNatureBiomes/PNB_Tropical_Jungle/Prefabs/SM_Env_Tree_Palm_02.prefab using Guid(8524a36fffb567143aadc06379331a5c) Importer(815301076,1909f56bfc062723c751e8b465ee728b)  -> (artifact id: 'fec819ea4b8c0b5949b4a95f60c0bb3f') in 0.048318 seconds 
Number of asset objects unloaded after import = 42
========================================================================
Received Import Request.
  Time since last request: 0.591119 seconds.
  path: Assets/PolygonPirates/Prefabs/Environments/SM_Env_PalmTree_01.prefab
  artifactKey: Guid(56d42b6a8fcff5341b37bd8899d53b10) Importer(815301076,1909f56bfc062723c751e8b465ee728b)
Number of updated assets reloaded before import = 0
Start importing Assets/PolygonPirates/Prefabs/Environments/SM_Env_PalmTree_01.prefab using Guid(56d42b6a8fcff5341b37bd8899d53b10) Importer(815301076,1909f56bfc062723c751e8b465ee728b)  -> (artifact id: 'ad13e4a338810fa8f8847397cab1a726') in 0.011173 seconds 
Number of asset objects unloaded after import = 12
========================================================================
Received Import Request.
  Time since last request: 0.000022 seconds.
  path: Assets/PolygonPirates/Prefabs/Environments/SM_Env_PalmTree_Tall_02.prefab
  artifactKey: Guid(8176d927b34bcb748b33cf131c6f0600) Importer(815301076,1909f56bfc062723c751e8b465ee728b)
Number of updated assets reloaded before import = 0
Start importing Assets/PolygonPirates/Prefabs/Environments/SM_Env_PalmTree_Tall_02.prefab using Guid(8176d927b34bcb748b33cf131c6f0600) Importer(815301076,1909f56bfc062723c751e8b465ee728b)  -> (artifact id: '1886ca9276ea644c53c31ae4c090b461') in 0.013345 seconds 
Number of asset objects unloaded after import = 12
========================================================================
Received Import Request.
  Time since last request: 0.000028 seconds.
  path: Assets/PolygonPirates/Prefabs/Environments/SM_Env_Tree_Base_02.prefab
  artifactKey: Guid(dea130fa14f34fe4d9c01cc7f1e7f142) Importer(815301076,1909f56bfc062723c751e8b465ee728b)
Number of updated assets reloaded before import = 0
Start importing Assets/PolygonPirates/Prefabs/Environments/SM_Env_Tree_Base_02.prefab using Guid(dea130fa14f34fe4d9c01cc7f1e7f142) Importer(815301076,1909f56bfc062723c751e8b465ee728b)  -> (artifact id: '61db6160a46ca0aa555b1848b96f7bb9') in 0.018580 seconds 
Number of asset objects unloaded after import = 14
========================================================================
Received Import Request.
  Time since last request: 0.000039 seconds.
  path: Assets/PolygonNatureBiomes/PNB_Tropical_Jungle/Prefabs/SM_Env_Tree_Banana_02.prefab
  artifactKey: Guid(90236d3d5e34c2343ac685b1d4c77e3b) Importer(815301076,1909f56bfc062723c751e8b465ee728b)
Number of updated assets reloaded before import = 0
Start importing Assets/PolygonNatureBiomes/PNB_Tropical_Jungle/Prefabs/SM_Env_Tree_Banana_02.prefab using Guid(90236d3d5e34c2343ac685b1d4c77e3b) Importer(815301076,1909f56bfc062723c751e8b465ee728b)  -> (artifact id: '988bf8b8b09fcd87b2ea8153518124c5') in 0.045794 seconds 
Number of asset objects unloaded after import = 35
Editor requested this worker to shutdown with reason: Scaling down because of idle timeout
AssetImportWorker is now disconnected from the server
Process exiting
Exiting without the bug reporter. Application will terminate with return code 0