Using pre-set license
Built from '2021.3/staging' branch; Version is '2021.3.32f1 (3b9dae9532f5) revision 3906990'; Using compiler version '192829333'; Build Type 'Release'
OS: 'Windows 11  (10.0.26200) 64bit Core' Language: 'cs' Physical Memory: 16219 MB
BatchMode: 1, IsHumanControllingUs: 0, StartBugReporterOnCrash: 0, Is64bit: 1, IsPro: 1

COMMAND LINE ARGUMENTS:
C:\Program Files\Unity\Hub\Editor\2021.3.32f1\Editor\Unity.exe
-adb2
-batchMode
-noUpm
-name
AssetImportWorker6
-projectPath
C:/Users/simon/OneDrive/Dokumenty/GitHub/The-Last-Bounty/Wanted-Dead or alive
-logFile
Logs/AssetImportWorker6.log
-srvPort
53717
Successfully changed project path to: C:/Users/simon/OneDrive/Dokumenty/GitHub/The-Last-Bounty/Wanted-Dead or alive
C:/Users/simon/OneDrive/Dokumenty/GitHub/The-Last-Bounty/Wanted-Dead or alive
[UnityMemory] Configuration Parameters - Can be set up in boot.config
    "memorysetup-bucket-allocator-granularity=16"
    "memorysetup-bucket-allocator-bucket-count=8"
    "memorysetup-bucket-allocator-block-size=33554432"
    "memorysetup-bucket-allocator-block-count=8"
    "memorysetup-main-allocator-block-size=16777216"
    "memorysetup-thread-allocator-block-size=16777216"
    "memorysetup-gfx-main-allocator-block-size=16777216"
    "memorysetup-gfx-thread-allocator-block-size=16777216"
    "memorysetup-cache-allocator-block-size=4194304"
    "memorysetup-typetree-allocator-block-size=2097152"
    "memorysetup-profiler-bucket-allocator-granularity=16"
    "memorysetup-profiler-bucket-allocator-bucket-count=8"
    "memorysetup-profiler-bucket-allocator-block-size=33554432"
    "memorysetup-profiler-bucket-allocator-block-count=8"
    "memorysetup-profiler-allocator-block-size=16777216"
    "memorysetup-profiler-editor-allocator-block-size=1048576"
    "memorysetup-temp-allocator-size-main=16777216"
    "memorysetup-job-temp-allocator-block-size=2097152"
    "memorysetup-job-temp-allocator-block-size-background=1048576"
    "memorysetup-job-temp-allocator-reduction-small-platforms=262144"
    "memorysetup-temp-allocator-size-background-worker=32768"
    "memorysetup-temp-allocator-size-job-worker=262144"
    "memorysetup-temp-allocator-size-preload-manager=33554432"
    "memorysetup-temp-allocator-size-nav-mesh-worker=65536"
    "memorysetup-temp-allocator-size-audio-worker=65536"
    "memorysetup-temp-allocator-size-cloud-worker=32768"
    "memorysetup-temp-allocator-size-gi-baking-worker=262144"
    "memorysetup-temp-allocator-size-gfx=262144"
Player connection [30932] Host "[IP] 192.168.56.1 [Port] 0 [Flags] 2 [Guid] 3578769317 [EditorId] 3578769317 [Version] 1048832 [Id] WindowsEditor(7,SimonRuza) [Debug] 1 [PackageName] WindowsEditor [ProjectName] Editor" joined multi-casting on [225.0.0.222:54997]...

Player connection [30932] Host "[IP] 192.168.56.1 [Port] 0 [Flags] 2 [Guid] 3578769317 [EditorId] 3578769317 [Version] 1048832 [Id] WindowsEditor(7,SimonRuza) [Debug] 1 [PackageName] WindowsEditor [ProjectName] Editor" joined alternative multi-casting on [225.0.0.222:34997]...

[Physics::Module] Initialized MultithreadedJobDispatcher with {0} workers.
Refreshing native plugins compatible for Editor in 95.12 ms, found 3 plugins.
Preloading 0 native plugins for Editor in 0.00 ms.
Initialize engine version: 2021.3.32f1 (3b9dae9532f5)
[Subsystems] Discovering subsystems at path C:/Program Files/Unity/Hub/Editor/2021.3.32f1/Editor/Data/Resources/UnitySubsystems
[Subsystems] Discovering subsystems at path C:/Users/simon/OneDrive/Dokumenty/GitHub/The-Last-Bounty/Wanted-Dead or alive/Assets
GfxDevice: creating device client; threaded=0; jobified=0
Direct3D:
    Version:  Direct3D 11.0 [level 11.1]
    Renderer: NVIDIA GeForce RTX 3060 Laptop GPU (ID=0x2560)
    Vendor:   NVIDIA
    VRAM:     5994 MB
    Driver:   32.0.15.9571
Initialize mono
Mono path[0] = 'C:/Program Files/Unity/Hub/Editor/2021.3.32f1/Editor/Data/Managed'
Mono path[1] = 'C:/Program Files/Unity/Hub/Editor/2021.3.32f1/Editor/Data/MonoBleedingEdge/lib/mono/unityjit-win32'
Mono config path = 'C:/Program Files/Unity/Hub/Editor/2021.3.32f1/Editor/Data/MonoBleedingEdge/etc'
Using monoOptions --debugger-agent=transport=dt_socket,embedding=1,server=y,suspend=n,address=127.0.0.1:56408
Begin MonoManager ReloadAssembly
Registering precompiled unity dll's ...
Register platform support module: C:/Program Files/Unity/Hub/Editor/2021.3.32f1/Editor/Data/PlaybackEngines/WindowsStandaloneSupport/UnityEditor.WindowsStandalone.Extensions.dll
Registered in 0.005153 seconds.
Native extension for WindowsStandalone target not found
Refreshing native plugins compatible for Editor in 89.55 ms, found 3 plugins.
Preloading 0 native plugins for Editor in 0.00 ms.
Mono: successfully reloaded assembly
- Completed reload, in  0.564 seconds
Domain Reload Profiling:
	ReloadAssembly (565ms)
		BeginReloadAssembly (85ms)
			ExecutionOrderSort (0ms)
			DisableScriptedObjects (0ms)
			BackupInstance (0ms)
			ReleaseScriptingObjects (0ms)
			CreateAndSetChildDomain (1ms)
		EndReloadAssembly (395ms)
			LoadAssemblies (83ms)
			RebuildTransferFunctionScriptingTraits (0ms)
			SetupTypeCache (87ms)
			ReleaseScriptCaches (0ms)
			RebuildScriptCaches (23ms)
			SetupLoadedEditorAssemblies (247ms)
				LogAssemblyErrors (0ms)
				InitializePlatformSupportModulesInManaged (7ms)
				SetLoadedEditorAssemblies (0ms)
				RefreshPlugins (90ms)
				BeforeProcessingInitializeOnLoad (1ms)
				ProcessInitializeOnLoadAttributes (109ms)
				ProcessInitializeOnLoadMethodAttributes (39ms)
				AfterProcessingInitializeOnLoad (0ms)
				EditorAssembliesLoaded (0ms)
			ExecutionOrderSort2 (0ms)
			AwakeInstancesAfterBackupRestoration (0ms)
Platform modules already initialized, skipping
Registering precompiled user dll's ...
Registered in 0.005028 seconds.
Begin MonoManager ReloadAssembly
Native extension for WindowsStandalone target not found
Refreshing native plugins compatible for Editor in 91.84 ms, found 3 plugins.
Preloading 0 native plugins for Editor in 0.00 ms.
Mono: successfully reloaded assembly
- Completed reload, in  1.126 seconds
Domain Reload Profiling:
	ReloadAssembly (1126ms)
		BeginReloadAssembly (106ms)
			ExecutionOrderSort (0ms)
			DisableScriptedObjects (4ms)
			BackupInstance (0ms)
			ReleaseScriptingObjects (0ms)
			CreateAndSetChildDomain (15ms)
		EndReloadAssembly (935ms)
			LoadAssemblies (89ms)
			RebuildTransferFunctionScriptingTraits (0ms)
			SetupTypeCache (236ms)
			ReleaseScriptCaches (1ms)
			RebuildScriptCaches (51ms)
			SetupLoadedEditorAssemblies (542ms)
				LogAssemblyErrors (0ms)
				InitializePlatformSupportModulesInManaged (4ms)
				SetLoadedEditorAssemblies (0ms)
				RefreshPlugins (92ms)
				BeforeProcessingInitializeOnLoad (82ms)
				ProcessInitializeOnLoadAttributes (343ms)
				ProcessInitializeOnLoadMethodAttributes (14ms)
				AfterProcessingInitializeOnLoad (7ms)
				EditorAssembliesLoaded (0ms)
			ExecutionOrderSort2 (0ms)
			AwakeInstancesAfterBackupRestoration (5ms)
Platform modules already initialized, skipping
========================================================================
Worker process is ready to serve import requests
Launched and connected shader compiler UnityShaderCompiler.exe after 0.04 seconds
Refreshing native plugins compatible for Editor in 1.79 ms, found 3 plugins.
Preloading 0 native plugins for Editor in 0.00 ms.
Unloading 4072 Unused Serialized files (Serialized files now loaded: 0)
Unloading 60 unused Assets / (2.7 MB). Loaded Objects now: 4538.
Memory consumption went from 183.9 MB to 181.2 MB.
Total: 5.435600 ms (FindLiveObjects: 0.666000 ms CreateObjectMapping: 0.463600 ms MarkObjects: 3.542500 ms  DeleteObjects: 0.760000 ms)

AssetImportParameters requested are different than current active one (requested -> active):
  custom:video-decoder-ogg-theora: a1e56fd34408186e4bbccfd4996cb3dc -> 
  custom:container-muxer-webm: aa71ff27fc2769a1b78a27578f13a17b -> 
  custom:container-demuxer-webm: 4f35f7cbe854078d1ac9338744f61a02 -> 
  custom:video-encoder-webm-vp8: eb34c28f22e8b96e1ab97ce403110664 -> 
  custom:video-codec-MediaFoundation-h265: 746d11721c4dcdbdad8f713fa42b33f4 -> 
  custom:CustomObjectIndexerAttribute: bc11b3a6c3213fcdd17b65e7da85e133 -> 
  custom:audio-encoder-webm-vorbis: bf7c407c2cedff20999df2af8eb42d56 -> 
  custom:framework-win-MediaFoundation: 216162199b28c13a410421893ffa2e32 -> 
  custom:SearchIndexIgnoredProperties: e643bd26f0fe6173181afceb89e7c659 -> 
  custom:container-demuxer-ogg: 62fdf1f143b41e24485cea50d1cbac27 -> 
  custom:video-decoder-webm-vp8: 9c59270c3fd7afecdb556c50c9e8de78 -> 
  custom:audio-decoder-ogg-vorbis: bf7c407c2cedff20999df2af8eb42d56 -> 
========================================================================
Received Import Request.
  Time since last request: 8859.866049 seconds.
  path: Assets/PolygonNatureBiomes/PNB_Tropical_Jungle/Prefabs/SM_Env_Grass_Short_Clump_01.prefab
  artifactKey: Guid(f630b8efbb8dd0e448ddfb23531467e9) Importer(815301076,1909f56bfc062723c751e8b465ee728b)
Number of updated assets reloaded before import = 0
Start importing Assets/PolygonNatureBiomes/PNB_Tropical_Jungle/Prefabs/SM_Env_Grass_Short_Clump_01.prefab using Guid(f630b8efbb8dd0e448ddfb23531467e9) Importer(815301076,1909f56bfc062723c751e8b465ee728b)  -> (artifact id: '8d397ecd93d73142953d6d3deb743093') in 0.255533 seconds 
Number of asset objects unloaded after import = 23
========================================================================
Received Import Request.
  Time since last request: 59.326814 seconds.
  path: Assets/nTools/PrefabPainter/Examples/Models/book_a.fbx
  artifactKey: Guid(0b1f10d2f2acc45a3b507358427db8b5) Importer(815301076,1909f56bfc062723c751e8b465ee728b)
Number of updated assets reloaded before import = 0
Start importing Assets/nTools/PrefabPainter/Examples/Models/book_a.fbx using Guid(0b1f10d2f2acc45a3b507358427db8b5) Importer(815301076,1909f56bfc062723c751e8b465ee728b)  -> (artifact id: '9729461183f8d0044f24d478b6287261') in 0.096358 seconds 
Number of asset objects unloaded after import = 7
========================================================================
Received Import Request.
  Time since last request: 0.000049 seconds.
  path: Assets/nTools/PrefabPainter/Examples/Models/crushedcan_c.fbx
  artifactKey: Guid(9fbe2e7b27d8c468789d7f99077d1846) Importer(815301076,1909f56bfc062723c751e8b465ee728b)
Number of updated assets reloaded before import = 0
Start importing Assets/nTools/PrefabPainter/Examples/Models/crushedcan_c.fbx using Guid(9fbe2e7b27d8c468789d7f99077d1846) Importer(815301076,1909f56bfc062723c751e8b465ee728b)  -> (artifact id: '2a1accfd1aed4d52cafb0328feb6b327') in 0.044436 seconds 
Number of asset objects unloaded after import = 7
========================================================================
Received Import Request.
  Time since last request: 0.000024 seconds.
  path: Assets/nTools/PrefabPainter/Examples/Models/decal1.fbx
  artifactKey: Guid(fda3dd33d53b04ddd9e57c1048752f60) Importer(815301076,1909f56bfc062723c751e8b465ee728b)
Number of updated assets reloaded before import = 0
Start importing Assets/nTools/PrefabPainter/Examples/Models/decal1.fbx using Guid(fda3dd33d53b04ddd9e57c1048752f60) Importer(815301076,1909f56bfc062723c751e8b465ee728b)  -> (artifact id: '79eaa04fa40d4824df55262cd926dad9') in 0.029305 seconds 
Number of asset objects unloaded after import = 7
========================================================================
Received Import Request.
  Time since last request: 0.000027 seconds.
  path: Assets/nTools/PrefabPainter/Examples/Prefabs/crushedcan_c.prefab
  artifactKey: Guid(5fe35a31ea3e54d81b646b823679426f) Importer(815301076,1909f56bfc062723c751e8b465ee728b)
Number of updated assets reloaded before import = 0
Start importing Assets/nTools/PrefabPainter/Examples/Prefabs/crushedcan_c.prefab using Guid(5fe35a31ea3e54d81b646b823679426f) Importer(815301076,1909f56bfc062723c751e8b465ee728b)  -> (artifact id: '547678dc48aa906cd4f89058fb4b6117') in 0.045665 seconds 
Number of asset objects unloaded after import = 11
========================================================================
Received Import Request.
  Time since last request: 0.000018 seconds.
  path: Assets/nTools/PrefabPainter/Examples/Prefabs/can_c.prefab
  artifactKey: Guid(9b29c018d8b234e2c8468c8ee78f3f18) Importer(815301076,1909f56bfc062723c751e8b465ee728b)
Number of updated assets reloaded before import = 0
Start importing Assets/nTools/PrefabPainter/Examples/Prefabs/can_c.prefab using Guid(9b29c018d8b234e2c8468c8ee78f3f18) Importer(815301076,1909f56bfc062723c751e8b465ee728b)  -> (artifact id: 'b24fe9a8a328a7d85bd1608907cc2e3f') in 0.012765 seconds 
Number of asset objects unloaded after import = 12
========================================================================
Received Import Request.
  Time since last request: 0.000022 seconds.
  path: Assets/PolygonPirates/Prefabs/Characters/Character_Skeleton_03.prefab
  artifactKey: Guid(f725d918129d69848a395da5d3d992a3) Importer(815301076,1909f56bfc062723c751e8b465ee728b)
Number of updated assets reloaded before import = 0
Start importing Assets/PolygonPirates/Prefabs/Characters/Character_Skeleton_03.prefab using Guid(f725d918129d69848a395da5d3d992a3) Importer(815301076,1909f56bfc062723c751e8b465ee728b)  -> (artifact id: '66d776fe885da9760cc33ab5d5cb19a1') in 0.091705 seconds 
Number of asset objects unloaded after import = 316
========================================================================
Received Import Request.
  Time since last request: 0.000017 seconds.
  path: Assets/nTools/PrefabPainter/Examples/Models/book_b.fbx
  artifactKey: Guid(160b6050b56864916aa77cd66c28d4d5) Importer(815301076,1909f56bfc062723c751e8b465ee728b)
Number of updated assets reloaded before import = 0
Start importing Assets/nTools/PrefabPainter/Examples/Models/book_b.fbx using Guid(160b6050b56864916aa77cd66c28d4d5) Importer(815301076,1909f56bfc062723c751e8b465ee728b)  -> (artifact id: '54d0f1c739e5699767f4b3a35f9f0fbc') in 0.017031 seconds 
Number of asset objects unloaded after import = 7
========================================================================
Received Import Request.
  Time since last request: 0.000028 seconds.
  path: Assets/PolygonWestern/Prefabs/Characters/Character_Woman_01.prefab
  artifactKey: Guid(7aad5b0274fd2894eafec31a58e26a32) Importer(815301076,1909f56bfc062723c751e8b465ee728b)
Number of updated assets reloaded before import = 0
Start importing Assets/PolygonWestern/Prefabs/Characters/Character_Woman_01.prefab using Guid(7aad5b0274fd2894eafec31a58e26a32) Importer(815301076,1909f56bfc062723c751e8b465ee728b)  -> (artifact id: '077a7d1dbb3aa951778eacb817b7b775') in 0.039699 seconds 
Number of asset objects unloaded after import = 139
========================================================================
Received Import Request.
  Time since last request: 0.000041 seconds.
  path: Assets/nTools/PrefabPainter/Examples/Models/crushedcan_b.fbx
  artifactKey: Guid(a8a354752c30646479bfcb77cf262639) Importer(815301076,1909f56bfc062723c751e8b465ee728b)
Number of updated assets reloaded before import = 0
Start importing Assets/nTools/PrefabPainter/Examples/Models/crushedcan_b.fbx using Guid(a8a354752c30646479bfcb77cf262639) Importer(815301076,1909f56bfc062723c751e8b465ee728b)  -> (artifact id: 'd7edeefffe6fcf5f8e7fedce953679ab') in 0.015850 seconds 
Number of asset objects unloaded after import = 7
========================================================================
Received Import Request.
  Time since last request: 0.000042 seconds.
  path: Assets/nTools/PrefabPainter/Examples/Prefabs/cab_b.prefab
  artifactKey: Guid(21931cfe3cae34bd9a826707883dbdce) Importer(815301076,1909f56bfc062723c751e8b465ee728b)
Number of updated assets reloaded before import = 0
Start importing Assets/nTools/PrefabPainter/Examples/Prefabs/cab_b.prefab using Guid(21931cfe3cae34bd9a826707883dbdce) Importer(815301076,1909f56bfc062723c751e8b465ee728b)  -> (artifact id: '96e8796a92fd961d153aaf1283916c2f') in 0.011760 seconds 
Number of asset objects unloaded after import = 12
========================================================================
Received Import Request.
  Time since last request: 0.000028 seconds.
  path: Assets/PolygonPirates/Prefabs/Characters/Character_Pirate_Deckhand_01.prefab
  artifactKey: Guid(298b6af3224b899419309b7d9e05ace7) Importer(815301076,1909f56bfc062723c751e8b465ee728b)
Number of updated assets reloaded before import = 0
Start importing Assets/PolygonPirates/Prefabs/Characters/Character_Pirate_Deckhand_01.prefab using Guid(298b6af3224b899419309b7d9e05ace7) Importer(815301076,1909f56bfc062723c751e8b465ee728b)  -> (artifact id: 'a013119fadbc3c06d48444421337799b') in 0.028639 seconds 
Number of asset objects unloaded after import = 316
========================================================================
Received Import Request.
  Time since last request: 0.000023 seconds.
  path: Assets/nTools/PrefabPainter/Examples/Prefabs/can_a.prefab
  artifactKey: Guid(2bf9cf2ab57374cc0bd173227f593e11) Importer(815301076,1909f56bfc062723c751e8b465ee728b)
Number of updated assets reloaded before import = 0
Start importing Assets/nTools/PrefabPainter/Examples/Prefabs/can_a.prefab using Guid(2bf9cf2ab57374cc0bd173227f593e11) Importer(815301076,1909f56bfc062723c751e8b465ee728b)  -> (artifact id: 'c57c1a02935cad603bb413157d57f1e0') in 0.011609 seconds 
Number of asset objects unloaded after import = 12
========================================================================
Received Import Request.
  Time since last request: 0.000023 seconds.
  path: Assets/nTools/PrefabPainter/Examples/Models/decal2.fbx
  artifactKey: Guid(98229782fd2414d6d856103710ac99e4) Importer(815301076,1909f56bfc062723c751e8b465ee728b)
Number of updated assets reloaded before import = 0
Start importing Assets/nTools/PrefabPainter/Examples/Models/decal2.fbx using Guid(98229782fd2414d6d856103710ac99e4) Importer(815301076,1909f56bfc062723c751e8b465ee728b)  -> (artifact id: '7a58f1ae867f04d84c904bfb04a276db') in 0.012790 seconds 
Number of asset objects unloaded after import = 7
========================================================================
Received Import Request.
  Time since last request: 0.000019 seconds.
  path: Assets/PolygonWestern/Prefabs/Characters/Character_Business_Man_01.prefab
  artifactKey: Guid(e85f10072d335224984d9b8ae2e93843) Importer(815301076,1909f56bfc062723c751e8b465ee728b)
Number of updated assets reloaded before import = 0
Start importing Assets/PolygonWestern/Prefabs/Characters/Character_Business_Man_01.prefab using Guid(e85f10072d335224984d9b8ae2e93843) Importer(815301076,1909f56bfc062723c751e8b465ee728b)  -> (artifact id: '79fb45d7e72e27058fc37945a6fdfba1') in 0.022471 seconds 
Number of asset objects unloaded after import = 139
========================================================================
Received Import Request.
  Time since last request: 0.000024 seconds.
  path: Assets/Combat/Enemy.prefab
  artifactKey: Guid(a6edb84da4e7cd54aa0ac2c24d8baec5) Importer(815301076,1909f56bfc062723c751e8b465ee728b)
Number of updated assets reloaded before import = 0
Start importing Assets/Combat/Enemy.prefab using Guid(a6edb84da4e7cd54aa0ac2c24d8baec5) Importer(815301076,1909f56bfc062723c751e8b465ee728b)  -> (artifact id: '7401120d0faa7f75f97413fef238b637') in 0.044181 seconds 
Number of asset objects unloaded after import = 300
========================================================================
Received Import Request.
  Time since last request: 0.000028 seconds.
  path: Assets/nTools/PrefabPainter/Examples/Models/crushedcan_a.fbx
  artifactKey: Guid(dd815ed933b1449bf90332659e3e93c6) Importer(815301076,1909f56bfc062723c751e8b465ee728b)
Number of updated assets reloaded before import = 0
Start importing Assets/nTools/PrefabPainter/Examples/Models/crushedcan_a.fbx using Guid(dd815ed933b1449bf90332659e3e93c6) Importer(815301076,1909f56bfc062723c751e8b465ee728b)  -> (artifact id: 'ab53d43786f4487fce13a7d424252b1e') in 0.012528 seconds 
Number of asset objects unloaded after import = 7
========================================================================
Received Import Request.
  Time since last request: 0.000024 seconds.
  path: Assets/PolygonWestern/Prefabs/Characters/Character_Sheriff_01.prefab
  artifactKey: Guid(15a550206f811c346b37f3a3f4495178) Importer(815301076,1909f56bfc062723c751e8b465ee728b)
Number of updated assets reloaded before import = 0
Start importing Assets/PolygonWestern/Prefabs/Characters/Character_Sheriff_01.prefab using Guid(15a550206f811c346b37f3a3f4495178) Importer(815301076,1909f56bfc062723c751e8b465ee728b)  -> (artifact id: 'b546c75ec1aab159b64bf712bc79be68') in 0.023607 seconds 
Number of asset objects unloaded after import = 139
