Using pre-set license
Built from '2021.3/staging' branch; Version is '2021.3.32f1 (3b9dae9532f5) revision 3906990'; Using compiler version '192829333'; Build Type 'Release'
OS: 'Windows 11  (10.0.26200) 64bit Professional' Language: 'cs' Physical Memory: 31905 MB
BatchMode: 1, IsHumanControllingUs: 0, StartBugReporterOnCrash: 0, Is64bit: 1, IsPro: 1

COMMAND LINE ARGUMENTS:
C:\Program Files\Unity\Hub\Editor\2021.3.32f1\Editor\Unity.exe
-adb2
-batchMode
-noUpm
-name
AssetImportWorker4
-projectPath
C:/Users/simon/Documents/GitHub/The-Last-Bounty/Wanted-Dead or alive
-logFile
Logs/AssetImportWorker4.log
-srvPort
52214
Successfully changed project path to: C:/Users/simon/Documents/GitHub/The-Last-Bounty/Wanted-Dead or alive
C:/Users/simon/Documents/GitHub/The-Last-Bounty/Wanted-Dead or alive
[UnityMemory] Configuration Parameters - Can be set up in boot.config
    "memorysetup-bucket-allocator-granularity=16"
    "memorysetup-bucket-allocator-bucket-count=8"
    "memorysetup-bucket-allocator-block-size=33554432"
    "memorysetup-bucket-allocator-block-count=8"
    "memorysetup-main-allocator-block-size=16777216"
    "memorysetup-thread-allocator-block-size=16777216"
    "memorysetup-gfx-main-allocator-block-size=16777216"
    "memorysetup-gfx-thread-allocator-block-size=16777216"
    "memorysetup-cache-allocator-block-size=4194304"
    "memorysetup-typetree-allocator-block-size=2097152"
    "memorysetup-profiler-bucket-allocator-granularity=16"
    "memorysetup-profiler-bucket-allocator-bucket-count=8"
    "memorysetup-profiler-bucket-allocator-block-size=33554432"
    "memorysetup-profiler-bucket-allocator-block-count=8"
    "memorysetup-profiler-allocator-block-size=16777216"
    "memorysetup-profiler-editor-allocator-block-size=1048576"
    "memorysetup-temp-allocator-size-main=16777216"
    "memorysetup-job-temp-allocator-block-size=2097152"
    "memorysetup-job-temp-allocator-block-size-background=1048576"
    "memorysetup-job-temp-allocator-reduction-small-platforms=262144"
    "memorysetup-temp-allocator-size-background-worker=32768"
    "memorysetup-temp-allocator-size-job-worker=262144"
    "memorysetup-temp-allocator-size-preload-manager=33554432"
    "memorysetup-temp-allocator-size-nav-mesh-worker=65536"
    "memorysetup-temp-allocator-size-audio-worker=65536"
    "memorysetup-temp-allocator-size-cloud-worker=32768"
    "memorysetup-temp-allocator-size-gi-baking-worker=262144"
    "memorysetup-temp-allocator-size-gfx=262144"
Player connection [25504] Host "[IP] 192.168.0.111 [Port] 0 [Flags] 2 [Guid] 1890923666 [EditorId] 1890923666 [Version] 1048832 [Id] WindowsEditor(7,Simon) [Debug] 1 [PackageName] WindowsEditor [ProjectName] Editor" joined multi-casting on [225.0.0.222:54997]...

Player connection [25504] Host "[IP] 192.168.0.111 [Port] 0 [Flags] 2 [Guid] 1890923666 [EditorId] 1890923666 [Version] 1048832 [Id] WindowsEditor(7,Simon) [Debug] 1 [PackageName] WindowsEditor [ProjectName] Editor" joined alternative multi-casting on [225.0.0.222:34997]...

[Physics::Module] Initialized MultithreadedJobDispatcher with {0} workers.
Refreshing native plugins compatible for Editor in 68.79 ms, found 3 plugins.
Preloading 0 native plugins for Editor in 0.00 ms.
Initialize engine version: 2021.3.32f1 (3b9dae9532f5)
[Subsystems] Discovering subsystems at path C:/Program Files/Unity/Hub/Editor/2021.3.32f1/Editor/Data/Resources/UnitySubsystems
[Subsystems] Discovering subsystems at path C:/Users/simon/Documents/GitHub/The-Last-Bounty/Wanted-Dead or alive/Assets
GfxDevice: creating device client; threaded=0; jobified=0
Direct3D:
    Version:  Direct3D 11.0 [level 11.1]
    Renderer: AMD Radeon RX 9070 XT (ID=0x7550)
    Vendor:   ATI
    VRAM:     16200 MB
    Driver:   32.0.23027.2005
Initialize mono
Mono path[0] = 'C:/Program Files/Unity/Hub/Editor/2021.3.32f1/Editor/Data/Managed'
Mono path[1] = 'C:/Program Files/Unity/Hub/Editor/2021.3.32f1/Editor/Data/MonoBleedingEdge/lib/mono/unityjit-win32'
Mono config path = 'C:/Program Files/Unity/Hub/Editor/2021.3.32f1/Editor/Data/MonoBleedingEdge/etc'
Using monoOptions --debugger-agent=transport=dt_socket,embedding=1,server=y,suspend=n,address=127.0.0.1:56396
Begin MonoManager ReloadAssembly
Registering precompiled unity dll's ...
Register platform support module: C:/Program Files/Unity/Hub/Editor/2021.3.32f1/Editor/Data/PlaybackEngines/WindowsStandaloneSupport/UnityEditor.WindowsStandalone.Extensions.dll
Registered in 0.012948 seconds.
Native extension for WindowsStandalone target not found
Refreshing native plugins compatible for Editor in 70.05 ms, found 3 plugins.
Preloading 0 native plugins for Editor in 0.00 ms.
Mono: successfully reloaded assembly
- Completed reload, in  0.499 seconds
Domain Reload Profiling:
	ReloadAssembly (499ms)
		BeginReloadAssembly (94ms)
			ExecutionOrderSort (0ms)
			DisableScriptedObjects (0ms)
			BackupInstance (0ms)
			ReleaseScriptingObjects (0ms)
			CreateAndSetChildDomain (0ms)
		EndReloadAssembly (319ms)
			LoadAssemblies (90ms)
			RebuildTransferFunctionScriptingTraits (0ms)
			SetupTypeCache (65ms)
			ReleaseScriptCaches (0ms)
			RebuildScriptCaches (16ms)
			SetupLoadedEditorAssemblies (203ms)
				LogAssemblyErrors (0ms)
				InitializePlatformSupportModulesInManaged (7ms)
				SetLoadedEditorAssemblies (0ms)
				RefreshPlugins (70ms)
				BeforeProcessingInitializeOnLoad (1ms)
				ProcessInitializeOnLoadAttributes (88ms)
				ProcessInitializeOnLoadMethodAttributes (36ms)
				AfterProcessingInitializeOnLoad (0ms)
				EditorAssembliesLoaded (0ms)
			ExecutionOrderSort2 (0ms)
			AwakeInstancesAfterBackupRestoration (0ms)
Platform modules already initialized, skipping
Registering precompiled user dll's ...
Registered in 0.009275 seconds.
Begin MonoManager ReloadAssembly
Native extension for WindowsStandalone target not found
Refreshing native plugins compatible for Editor in 64.93 ms, found 3 plugins.
Preloading 0 native plugins for Editor in 0.00 ms.
Mono: successfully reloaded assembly
- Completed reload, in  0.846 seconds
Domain Reload Profiling:
	ReloadAssembly (846ms)
		BeginReloadAssembly (98ms)
			ExecutionOrderSort (0ms)
			DisableScriptedObjects (3ms)
			BackupInstance (0ms)
			ReleaseScriptingObjects (0ms)
			CreateAndSetChildDomain (12ms)
		EndReloadAssembly (672ms)
			LoadAssemblies (89ms)
			RebuildTransferFunctionScriptingTraits (0ms)
			SetupTypeCache (155ms)
			ReleaseScriptCaches (0ms)
			RebuildScriptCaches (29ms)
			SetupLoadedEditorAssemblies (403ms)
				LogAssemblyErrors (0ms)
				InitializePlatformSupportModulesInManaged (5ms)
				SetLoadedEditorAssemblies (0ms)
				RefreshPlugins (65ms)
				BeforeProcessingInitializeOnLoad (67ms)
				ProcessInitializeOnLoadAttributes (243ms)
				ProcessInitializeOnLoadMethodAttributes (11ms)
				AfterProcessingInitializeOnLoad (12ms)
				EditorAssembliesLoaded (0ms)
			ExecutionOrderSort2 (0ms)
			AwakeInstancesAfterBackupRestoration (3ms)
Platform modules already initialized, skipping
========================================================================
Worker process is ready to serve import requests
Launched and connected shader compiler UnityShaderCompiler.exe after 0.03 seconds
Refreshing native plugins compatible for Editor in 0.77 ms, found 3 plugins.
Preloading 0 native plugins for Editor in 0.00 ms.
Unloading 4072 Unused Serialized files (Serialized files now loaded: 0)
Unloading 60 unused Assets / (2.7 MB). Loaded Objects now: 4538.
Memory consumption went from 182.9 MB to 180.1 MB.
Total: 2.311100 ms (FindLiveObjects: 0.145300 ms CreateObjectMapping: 0.062300 ms MarkObjects: 1.760800 ms  DeleteObjects: 0.342400 ms)

AssetImportParameters requested are different than current active one (requested -> active):
  custom:video-decoder-ogg-theora: a1e56fd34408186e4bbccfd4996cb3dc -> 
  custom:container-muxer-webm: aa71ff27fc2769a1b78a27578f13a17b -> 
  custom:container-demuxer-webm: 4f35f7cbe854078d1ac9338744f61a02 -> 
  custom:video-encoder-webm-vp8: eb34c28f22e8b96e1ab97ce403110664 -> 
  custom:video-codec-MediaFoundation-h265: 746d11721c4dcdbdad8f713fa42b33f4 -> 
  custom:CustomObjectIndexerAttribute: bc11b3a6c3213fcdd17b65e7da85e133 -> 
  custom:audio-encoder-webm-vorbis: bf7c407c2cedff20999df2af8eb42d56 -> 
  custom:framework-win-MediaFoundation: 216162199b28c13a410421893ffa2e32 -> 
  custom:SearchIndexIgnoredProperties: e643bd26f0fe6173181afceb89e7c659 -> 
  custom:container-demuxer-ogg: 62fdf1f143b41e24485cea50d1cbac27 -> 
  custom:video-decoder-webm-vp8: 9c59270c3fd7afecdb556c50c9e8de78 -> 
  custom:audio-decoder-ogg-vorbis: bf7c407c2cedff20999df2af8eb42d56 -> 
========================================================================
Received Prepare
Registering precompiled user dll's ...
Registered in 0.007853 seconds.
Begin MonoManager ReloadAssembly
Native extension for WindowsStandalone target not found
Refreshing native plugins compatible for Editor in 0.88 ms, found 3 plugins.
Preloading 0 native plugins for Editor in 0.00 ms.
Mono: successfully reloaded assembly
- Completed reload, in  0.884 seconds
Domain Reload Profiling:
	ReloadAssembly (884ms)
		BeginReloadAssembly (148ms)
			ExecutionOrderSort (0ms)
			DisableScriptedObjects (3ms)
			BackupInstance (0ms)
			ReleaseScriptingObjects (0ms)
			CreateAndSetChildDomain (26ms)
		EndReloadAssembly (655ms)
			LoadAssemblies (118ms)
			RebuildTransferFunctionScriptingTraits (0ms)
			SetupTypeCache (173ms)
			ReleaseScriptCaches (1ms)
			RebuildScriptCaches (27ms)
			SetupLoadedEditorAssemblies (352ms)
				LogAssemblyErrors (0ms)
				InitializePlatformSupportModulesInManaged (7ms)
				SetLoadedEditorAssemblies (0ms)
				RefreshPlugins (1ms)
				BeforeProcessingInitializeOnLoad (66ms)
				ProcessInitializeOnLoadAttributes (247ms)
				ProcessInitializeOnLoadMethodAttributes (14ms)
				AfterProcessingInitializeOnLoad (17ms)
				EditorAssembliesLoaded (0ms)
			ExecutionOrderSort2 (0ms)
			AwakeInstancesAfterBackupRestoration (4ms)
Platform modules already initialized, skipping
Refreshing native plugins compatible for Editor in 0.83 ms, found 3 plugins.
Preloading 0 native plugins for Editor in 0.00 ms.
Unloading 3972 Unused Serialized files (Serialized files now loaded: 0)
Unloading 43 unused Assets / (2.7 MB). Loaded Objects now: 4541.
Memory consumption went from 172.7 MB to 170.0 MB.
Total: 2.482900 ms (FindLiveObjects: 0.219500 ms CreateObjectMapping: 0.072200 ms MarkObjects: 1.836700 ms  DeleteObjects: 0.353800 ms)

AssetImportParameters requested are different than current active one (requested -> active):
  custom:video-decoder-ogg-theora: a1e56fd34408186e4bbccfd4996cb3dc -> 
  custom:container-muxer-webm: aa71ff27fc2769a1b78a27578f13a17b -> 
  custom:container-demuxer-webm: 4f35f7cbe854078d1ac9338744f61a02 -> 
  custom:video-encoder-webm-vp8: eb34c28f22e8b96e1ab97ce403110664 -> 
  custom:video-codec-MediaFoundation-h265: 746d11721c4dcdbdad8f713fa42b33f4 -> 
  custom:CustomObjectIndexerAttribute: bc11b3a6c3213fcdd17b65e7da85e133 -> 
  custom:audio-encoder-webm-vorbis: bf7c407c2cedff20999df2af8eb42d56 -> 
  custom:framework-win-MediaFoundation: 216162199b28c13a410421893ffa2e32 -> 
  custom:SearchIndexIgnoredProperties: e643bd26f0fe6173181afceb89e7c659 -> 
  custom:container-demuxer-ogg: 62fdf1f143b41e24485cea50d1cbac27 -> 
  custom:video-decoder-webm-vp8: 9c59270c3fd7afecdb556c50c9e8de78 -> 
  custom:audio-decoder-ogg-vorbis: bf7c407c2cedff20999df2af8eb42d56 -> 
========================================================================
Received Import Request.
  Time since last request: 215269.336353 seconds.
  path: Assets/PolygonWestern/Prefabs/FX/BloodSplat_FX.prefab
  artifactKey: Guid(78e1c8c5b281b8b439229473779ac9aa) Importer(815301076,1909f56bfc062723c751e8b465ee728b)
Number of updated assets reloaded before import = 0
Start importing Assets/PolygonWestern/Prefabs/FX/BloodSplat_FX.prefab using Guid(78e1c8c5b281b8b439229473779ac9aa) Importer(815301076,1909f56bfc062723c751e8b465ee728b)  -> (artifact id: 'dfe3af379459d339672599ff347cb263') in 0.100635 seconds 
Number of asset objects unloaded after import = 6
========================================================================
Received Import Request.
  Time since last request: 0.000013 seconds.
  path: Assets/PolygonWestern/Prefabs/Buildings/SM_Bld_Double_Preset_01.prefab
  artifactKey: Guid(e2b5710c2fb3e164d88c4dc1bbf7f857) Importer(815301076,1909f56bfc062723c751e8b465ee728b)
Number of updated assets reloaded before import = 0
Start importing Assets/PolygonWestern/Prefabs/Buildings/SM_Bld_Double_Preset_01.prefab using Guid(e2b5710c2fb3e164d88c4dc1bbf7f857) Importer(815301076,1909f56bfc062723c751e8b465ee728b)  -> (artifact id: 'e96b9a70eb0b9f436178ed5ef1e54b52') in 0.252024 seconds 
Number of asset objects unloaded after import = 131
========================================================================
Received Import Request.
  Time since last request: 0.000016 seconds.
  path: Assets/PolygonWestern/Prefabs/Buildings/SM_Bld_Roof_Patch_01.prefab
  artifactKey: Guid(b02ac45b329323f47800bce8f7ad2aa8) Importer(815301076,1909f56bfc062723c751e8b465ee728b)
Number of updated assets reloaded before import = 0
Start importing Assets/PolygonWestern/Prefabs/Buildings/SM_Bld_Roof_Patch_01.prefab using Guid(b02ac45b329323f47800bce8f7ad2aa8) Importer(815301076,1909f56bfc062723c751e8b465ee728b)  -> (artifact id: '0ba6dcf669f672967211ba88706ea5f7') in 0.009665 seconds 
Number of asset objects unloaded after import = 11
========================================================================
Received Import Request.
  Time since last request: 0.000008 seconds.
  path: Assets/PolygonPirates/Prefabs/Buildings/SM_Bld_Rickety_Dock_Platform_02.prefab
  artifactKey: Guid(5af47ec0ed24a954cbd9f00d841a6107) Importer(815301076,1909f56bfc062723c751e8b465ee728b)
Number of updated assets reloaded before import = 0
Start importing Assets/PolygonPirates/Prefabs/Buildings/SM_Bld_Rickety_Dock_Platform_02.prefab using Guid(5af47ec0ed24a954cbd9f00d841a6107) Importer(815301076,1909f56bfc062723c751e8b465ee728b)  -> (artifact id: '1a449830c74579cd10ff674359085dbc') in 0.008369 seconds 
Number of asset objects unloaded after import = 12
========================================================================
Received Import Request.
  Time since last request: 0.000008 seconds.
  path: Assets/PolygonPirates/Prefabs/Characters/Character_Pirate_First_Mate_01.prefab
  artifactKey: Guid(a0285b189c83e4240874d46f667867e2) Importer(815301076,1909f56bfc062723c751e8b465ee728b)
Number of updated assets reloaded before import = 0
Start importing Assets/PolygonPirates/Prefabs/Characters/Character_Pirate_First_Mate_01.prefab using Guid(a0285b189c83e4240874d46f667867e2) Importer(815301076,1909f56bfc062723c751e8b465ee728b)  -> (artifact id: 'f625913415524bd8d6ea7283d5584fb0') in 0.028748 seconds 
Number of asset objects unloaded after import = 316
========================================================================
Received Import Request.
  Time since last request: 0.000008 seconds.
  path: Assets/PolygonPirates/Prefabs/Characters/Character_Skeleton_03.prefab
  artifactKey: Guid(f725d918129d69848a395da5d3d992a3) Importer(815301076,1909f56bfc062723c751e8b465ee728b)
Number of updated assets reloaded before import = 0
Start importing Assets/PolygonPirates/Prefabs/Characters/Character_Skeleton_03.prefab using Guid(f725d918129d69848a395da5d3d992a3) Importer(815301076,1909f56bfc062723c751e8b465ee728b)  -> (artifact id: 'f4cd67c443e60912a552d77c05808bbc') in 0.015236 seconds 
Number of asset objects unloaded after import = 316
========================================================================
Received Import Request.
  Time since last request: 0.000009 seconds.
  path: Assets/PolygonPirates/Prefabs/Vehicles/SM_Veh_Extra_Barrel_01.prefab
  artifactKey: Guid(7c961025c06bed9448a821af0df91678) Importer(815301076,1909f56bfc062723c751e8b465ee728b)
Number of updated assets reloaded before import = 0
Start importing Assets/PolygonPirates/Prefabs/Vehicles/SM_Veh_Extra_Barrel_01.prefab using Guid(7c961025c06bed9448a821af0df91678) Importer(815301076,1909f56bfc062723c751e8b465ee728b)  -> (artifact id: '4243280f7f58e3776de024d48cb69c67') in 0.009417 seconds 
Number of asset objects unloaded after import = 12
========================================================================
Received Import Request.
  Time since last request: 0.000008 seconds.
  path: Assets/PolygonWestern/Prefabs/Environments/SM_Env_Train_Track_Bridge_Support_01.prefab
  artifactKey: Guid(13d19b99c4efdfb428c9da6581814044) Importer(815301076,1909f56bfc062723c751e8b465ee728b)
Number of updated assets reloaded before import = 0
Start importing Assets/PolygonWestern/Prefabs/Environments/SM_Env_Train_Track_Bridge_Support_01.prefab using Guid(13d19b99c4efdfb428c9da6581814044) Importer(815301076,1909f56bfc062723c751e8b465ee728b)  -> (artifact id: 'f026b7c1a6e3010132ae3a912d754482') in 0.009595 seconds 
Number of asset objects unloaded after import = 12
========================================================================
Received Import Request.
  Time since last request: 0.000007 seconds.
  path: Assets/PolygonWestern/Prefabs/Environments/SM_Env_Train_Track_Curve_01.prefab
  artifactKey: Guid(45a2482876d3a49458bb3f38b77cb765) Importer(815301076,1909f56bfc062723c751e8b465ee728b)
Number of updated assets reloaded before import = 0
Start importing Assets/PolygonWestern/Prefabs/Environments/SM_Env_Train_Track_Curve_01.prefab using Guid(45a2482876d3a49458bb3f38b77cb765) Importer(815301076,1909f56bfc062723c751e8b465ee728b)  -> (artifact id: '5e884e30575d8b35db2f10075a797e92') in 0.009054 seconds 
Number of asset objects unloaded after import = 18
========================================================================
Received Import Request.
  Time since last request: 0.000008 seconds.
  path: Assets/PolygonPirates/Prefabs/Buildings/SM_Bld_Shanty_Preset_Bar_01.prefab
  artifactKey: Guid(aac9c1a836afea640963b9afeffd9f6f) Importer(815301076,1909f56bfc062723c751e8b465ee728b)
Number of updated assets reloaded before import = 0
Start importing Assets/PolygonPirates/Prefabs/Buildings/SM_Bld_Shanty_Preset_Bar_01.prefab using Guid(aac9c1a836afea640963b9afeffd9f6f) Importer(815301076,1909f56bfc062723c751e8b465ee728b)  -> (artifact id: 'cff038502c46a9cefca0c67246b1e57d') in 0.008590 seconds 
Number of asset objects unloaded after import = 12
========================================================================
Received Import Request.
  Time since last request: 0.000008 seconds.
  path: Assets/PolygonPirates/Prefabs/Characters/Character_English_Govenor_01.prefab
  artifactKey: Guid(21a82b88f4e365a4cb4277cd43b7fe21) Importer(815301076,1909f56bfc062723c751e8b465ee728b)
Number of updated assets reloaded before import = 0
Start importing Assets/PolygonPirates/Prefabs/Characters/Character_English_Govenor_01.prefab using Guid(21a82b88f4e365a4cb4277cd43b7fe21) Importer(815301076,1909f56bfc062723c751e8b465ee728b)  -> (artifact id: '3a4b8af7d9b84de0edc83f938b1ec40e') in 0.013782 seconds 
Number of asset objects unloaded after import = 316
========================================================================
Received Import Request.
  Time since last request: 0.000010 seconds.
  path: Assets/PolygonWestern/Prefabs/Environments/SM_Env_Cliff_Straight_01.prefab
  artifactKey: Guid(8d9d436bff30b474b91a12eed76d1548) Importer(815301076,1909f56bfc062723c751e8b465ee728b)
Number of updated assets reloaded before import = 0
Start importing Assets/PolygonWestern/Prefabs/Environments/SM_Env_Cliff_Straight_01.prefab using Guid(8d9d436bff30b474b91a12eed76d1548) Importer(815301076,1909f56bfc062723c751e8b465ee728b)  -> (artifact id: 'afc96aedfb41dfbe51f60d9068f2f5d0') in 0.008719 seconds 
Number of asset objects unloaded after import = 11
========================================================================
Received Import Request.
  Time since last request: 0.000008 seconds.
  path: Assets/PolygonPirates/Prefabs/FX/FX_BoatWater_Large.prefab
  artifactKey: Guid(fa9176762befa1f4a8ee4b0aeacac390) Importer(815301076,1909f56bfc062723c751e8b465ee728b)
Number of updated assets reloaded before import = 0
Start importing Assets/PolygonPirates/Prefabs/FX/FX_BoatWater_Large.prefab using Guid(fa9176762befa1f4a8ee4b0aeacac390) Importer(815301076,1909f56bfc062723c751e8b465ee728b)  -> (artifact id: 'dc03ba49cecf0a2007220c07f5d375d7') in 0.007584 seconds 
Number of asset objects unloaded after import = 8
========================================================================
Received Import Request.
  Time since last request: 0.000007 seconds.
  path: Assets/PolygonWestern/Prefabs/Buildings/SM_Bld_Double_Balcony_Stairs_01.prefab
  artifactKey: Guid(93c99d27d45a1f54a841eef496994a1a) Importer(815301076,1909f56bfc062723c751e8b465ee728b)
Number of updated assets reloaded before import = 0
Start importing Assets/PolygonWestern/Prefabs/Buildings/SM_Bld_Double_Balcony_Stairs_01.prefab using Guid(93c99d27d45a1f54a841eef496994a1a) Importer(815301076,1909f56bfc062723c751e8b465ee728b)  -> (artifact id: '8befeffa1e28f81d54091c2792304622') in 0.009120 seconds 
Number of asset objects unloaded after import = 12
========================================================================
Received Import Request.
  Time since last request: 0.000008 seconds.
  path: Assets/PolygonPirates/Prefabs/Characters/Character_Pirate_Captain_01.prefab
  artifactKey: Guid(1cc323c6fbf66b44b87cf8f0d2378b05) Importer(815301076,1909f56bfc062723c751e8b465ee728b)
Number of updated assets reloaded before import = 0
Start importing Assets/PolygonPirates/Prefabs/Characters/Character_Pirate_Captain_01.prefab using Guid(1cc323c6fbf66b44b87cf8f0d2378b05) Importer(815301076,1909f56bfc062723c751e8b465ee728b)  -> (artifact id: '5885813e9dacf83f3f6102ecadf389a9') in 0.014759 seconds 
Number of asset objects unloaded after import = 316
========================================================================
Received Import Request.
  Time since last request: 0.000008 seconds.
  path: Assets/PolygonPirates/Prefabs/Characters/Character_Pirate_Deckhand_01.prefab
  artifactKey: Guid(298b6af3224b899419309b7d9e05ace7) Importer(815301076,1909f56bfc062723c751e8b465ee728b)
Number of updated assets reloaded before import = 0
Start importing Assets/PolygonPirates/Prefabs/Characters/Character_Pirate_Deckhand_01.prefab using Guid(298b6af3224b899419309b7d9e05ace7) Importer(815301076,1909f56bfc062723c751e8b465ee728b)  -> (artifact id: '515053db30ec11e09b3d178b4a6de6db') in 0.014774 seconds 
Number of asset objects unloaded after import = 316
========================================================================
Received Import Request.
  Time since last request: 0.000008 seconds.
  path: Assets/PolygonWestern/Prefabs/Vehicles/SM_Veh_Train_Coal_01.prefab
  artifactKey: Guid(7de9d83e7cf93764d841d97ec6bcad60) Importer(815301076,1909f56bfc062723c751e8b465ee728b)
Number of updated assets reloaded before import = 0
Start importing Assets/PolygonWestern/Prefabs/Vehicles/SM_Veh_Train_Coal_01.prefab using Guid(7de9d83e7cf93764d841d97ec6bcad60) Importer(815301076,1909f56bfc062723c751e8b465ee728b)  -> (artifact id: 'cd35e5cd0a75e221a513fe0e25cddc18') in 0.013022 seconds 
Number of asset objects unloaded after import = 18
========================================================================
Received Import Request.
  Time since last request: 0.000010 seconds.
  path: Assets/PolygonWestern/Prefabs/Characters/Character_SaloonGirl_01.prefab
  artifactKey: Guid(96256c2234452c641863ebbc421be660) Importer(815301076,1909f56bfc062723c751e8b465ee728b)
Number of updated assets reloaded before import = 0
Start importing Assets/PolygonWestern/Prefabs/Characters/Character_SaloonGirl_01.prefab using Guid(96256c2234452c641863ebbc421be660) Importer(815301076,1909f56bfc062723c751e8b465ee728b)  -> (artifact id: '527486ba6676f421e7bf156bd34a65ec') in 0.011907 seconds 
Number of asset objects unloaded after import = 139
========================================================================
Received Import Request.
  Time since last request: 0.000016 seconds.
  path: Assets/PolygonPirates/Prefabs/Buildings/SM_Bld_Fort_Tower_01.prefab
  artifactKey: Guid(a27a8cc8a2d58fc4fb0a1b4d56a7ac62) Importer(815301076,1909f56bfc062723c751e8b465ee728b)
Number of updated assets reloaded before import = 0
Start importing Assets/PolygonPirates/Prefabs/Buildings/SM_Bld_Fort_Tower_01.prefab using Guid(a27a8cc8a2d58fc4fb0a1b4d56a7ac62) Importer(815301076,1909f56bfc062723c751e8b465ee728b)  -> (artifact id: '6c3c6c2af5da98f09326078de7e89c34') in 0.007353 seconds 
Number of asset objects unloaded after import = 11
========================================================================
Received Import Request.
  Time since last request: 0.000007 seconds.
  path: Assets/PolygonWestern/Prefabs/Buildings/SM_Bld_FencePost_01.prefab
  artifactKey: Guid(a36d91dd126d17e4d8825131652faa64) Importer(815301076,1909f56bfc062723c751e8b465ee728b)
Number of updated assets reloaded before import = 0
Start importing Assets/PolygonWestern/Prefabs/Buildings/SM_Bld_FencePost_01.prefab using Guid(a36d91dd126d17e4d8825131652faa64) Importer(815301076,1909f56bfc062723c751e8b465ee728b)  -> (artifact id: '480d74aa22959486eb5997c1ce1f2f19') in 0.013950 seconds 
Number of asset objects unloaded after import = 11
========================================================================
Received Import Request.
  Time since last request: 0.000008 seconds.
  path: Assets/PolygonPirates/Prefabs/Buildings/SM_Bld_Mansion_Roof_End_Flat_01.prefab
  artifactKey: Guid(142b97f874f0ab64c8a2499a2520666d) Importer(815301076,1909f56bfc062723c751e8b465ee728b)
Number of updated assets reloaded before import = 0
Start importing Assets/PolygonPirates/Prefabs/Buildings/SM_Bld_Mansion_Roof_End_Flat_01.prefab using Guid(142b97f874f0ab64c8a2499a2520666d) Importer(815301076,1909f56bfc062723c751e8b465ee728b)  -> (artifact id: 'c7ed189e8ebca059bea912b1a0507c19') in 0.008365 seconds 
Number of asset objects unloaded after import = 12
========================================================================
Received Import Request.
  Time since last request: 0.000007 seconds.
  path: Assets/PolygonPirates/Prefabs/Buildings/SM_Bld_Shanty_Preset_02.prefab
  artifactKey: Guid(0f2c24d6d5629e348b89418d85ed89ca) Importer(815301076,1909f56bfc062723c751e8b465ee728b)
Number of updated assets reloaded before import = 0
Start importing Assets/PolygonPirates/Prefabs/Buildings/SM_Bld_Shanty_Preset_02.prefab using Guid(0f2c24d6d5629e348b89418d85ed89ca) Importer(815301076,1909f56bfc062723c751e8b465ee728b)  -> (artifact id: 'f4f2285f58e849f1e892fb7bf5fb0ca4') in 0.008097 seconds 
Number of asset objects unloaded after import = 12
========================================================================
Received Import Request.
  Time since last request: 0.000007 seconds.
  path: Assets/PolygonWestern/Prefabs/Buildings/SM_Bld_Double_Front_02.prefab
  artifactKey: Guid(caea527bb604c4241935bb2ef553f896) Importer(815301076,1909f56bfc062723c751e8b465ee728b)
Number of updated assets reloaded before import = 0
Start importing Assets/PolygonWestern/Prefabs/Buildings/SM_Bld_Double_Front_02.prefab using Guid(caea527bb604c4241935bb2ef553f896) Importer(815301076,1909f56bfc062723c751e8b465ee728b)  -> (artifact id: 'f708cbb66e956206b70b6f1e3fff2317') in 0.009162 seconds 
Number of asset objects unloaded after import = 17
========================================================================
Received Import Request.
  Time since last request: 0.000008 seconds.
  path: Assets/PolygonPirates/Prefabs/FX/FX_BloodShot.prefab
  artifactKey: Guid(48b64b0452dbc384692f9377afab3cd9) Importer(815301076,1909f56bfc062723c751e8b465ee728b)
Number of updated assets reloaded before import = 0
Start importing Assets/PolygonPirates/Prefabs/FX/FX_BloodShot.prefab using Guid(48b64b0452dbc384692f9377afab3cd9) Importer(815301076,1909f56bfc062723c751e8b465ee728b)  -> (artifact id: 'b1fbea962333d10257011dbf3eea9e39') in 0.006661 seconds 
Number of asset objects unloaded after import = 7
========================================================================
Received Import Request.
  Time since last request: 0.000007 seconds.
  path: Assets/PolygonPirates/Prefabs/Buildings/SM_Bld_Fort_Base_Circle_03.prefab
  artifactKey: Guid(8c163dddda61b084c828f56e5ffed8b1) Importer(815301076,1909f56bfc062723c751e8b465ee728b)
Number of updated assets reloaded before import = 0
Start importing Assets/PolygonPirates/Prefabs/Buildings/SM_Bld_Fort_Base_Circle_03.prefab using Guid(8c163dddda61b084c828f56e5ffed8b1) Importer(815301076,1909f56bfc062723c751e8b465ee728b)  -> (artifact id: 'b55b905bd925e09f737a8535dbb0d759') in 0.007119 seconds 
Number of asset objects unloaded after import = 11
========================================================================
Received Import Request.
  Time since last request: 0.000007 seconds.
  path: Assets/PolygonWestern/Prefabs/Buildings/SM_Bld_Large_Preset_02.prefab
  artifactKey: Guid(eebdb6adb5dbe6749b8434a5f2d2c23a) Importer(815301076,1909f56bfc062723c751e8b465ee728b)
Number of updated assets reloaded before import = 0
Start importing Assets/PolygonWestern/Prefabs/Buildings/SM_Bld_Large_Preset_02.prefab using Guid(eebdb6adb5dbe6749b8434a5f2d2c23a) Importer(815301076,1909f56bfc062723c751e8b465ee728b)  -> (artifact id: 'd73b717be783a7ee74728c5d08df7114') in 0.027960 seconds 
Number of asset objects unloaded after import = 178
========================================================================
Received Import Request.
  Time since last request: 0.000012 seconds.
  path: Assets/PolygonPirates/Prefabs/Buildings/SM_Bld_Shanty_Roof_02.prefab
  artifactKey: Guid(c835be41de331d04181ccfa2d7011df7) Importer(815301076,1909f56bfc062723c751e8b465ee728b)
Number of updated assets reloaded before import = 0
Start importing Assets/PolygonPirates/Prefabs/Buildings/SM_Bld_Shanty_Roof_02.prefab using Guid(c835be41de331d04181ccfa2d7011df7) Importer(815301076,1909f56bfc062723c751e8b465ee728b)  -> (artifact id: '5ed10e61414d7e3d9647cdcdb5ea41d9') in 0.009206 seconds 
Number of asset objects unloaded after import = 12
========================================================================
Received Import Request.
  Time since last request: 0.000007 seconds.
  path: Assets/PolygonWestern/Prefabs/Buildings/SM_Bld_Double_Preset_02.prefab
  artifactKey: Guid(18e4227b9e5501848bdbb19c1a17523c) Importer(815301076,1909f56bfc062723c751e8b465ee728b)
Number of updated assets reloaded before import = 0
Start importing Assets/PolygonWestern/Prefabs/Buildings/SM_Bld_Double_Preset_02.prefab using Guid(18e4227b9e5501848bdbb19c1a17523c) Importer(815301076,1909f56bfc062723c751e8b465ee728b)  -> (artifact id: '5cca4f8621d712ecce9aaef1b23d143f') in 0.021347 seconds 
Number of asset objects unloaded after import = 137
========================================================================
Received Import Request.
  Time since last request: 0.000009 seconds.
  path: Assets/nTools/PrefabPainter/Examples/Prefabs/footstep_b02.prefab
  artifactKey: Guid(9561f2160ee6343b287375c0c4787967) Importer(815301076,1909f56bfc062723c751e8b465ee728b)
Number of updated assets reloaded before import = 0
Start importing Assets/nTools/PrefabPainter/Examples/Prefabs/footstep_b02.prefab using Guid(9561f2160ee6343b287375c0c4787967) Importer(815301076,1909f56bfc062723c751e8b465ee728b)  -> (artifact id: '7067a7edb5edfd45d7dab14f9c6e72eb') in 0.123840 seconds 
Number of asset objects unloaded after import = 9
========================================================================
Received Import Request.
  Time since last request: 0.000011 seconds.
  path: Assets/PolygonPirates/Prefabs/Buildings/SM_Bld_Mansion_Stairs_01.prefab
  artifactKey: Guid(b34b05d6d6a339243a9ff816ae43bbb5) Importer(815301076,1909f56bfc062723c751e8b465ee728b)
Number of updated assets reloaded before import = 0
Start importing Assets/PolygonPirates/Prefabs/Buildings/SM_Bld_Mansion_Stairs_01.prefab using Guid(b34b05d6d6a339243a9ff816ae43bbb5) Importer(815301076,1909f56bfc062723c751e8b465ee728b)  -> (artifact id: '87d3ef8aa1925cc23b68cabf0af807af') in 0.009313 seconds 
Number of asset objects unloaded after import = 12
========================================================================
Received Import Request.
  Time since last request: 0.000015 seconds.
  path: Assets/PolygonPirates/Prefabs/Buildings/SM_Bld_Fort_Door_02.prefab
  artifactKey: Guid(9d40e45f4cedc144497acb54324da212) Importer(815301076,1909f56bfc062723c751e8b465ee728b)
Number of updated assets reloaded before import = 0
Start importing Assets/PolygonPirates/Prefabs/Buildings/SM_Bld_Fort_Door_02.prefab using Guid(9d40e45f4cedc144497acb54324da212) Importer(815301076,1909f56bfc062723c751e8b465ee728b)  -> (artifact id: '83656ded1bfa2e961e0b310bc3e2ed5e') in 0.008462 seconds 
Number of asset objects unloaded after import = 12
========================================================================
Received Import Request.
  Time since last request: 0.000007 seconds.
  path: Assets/PolygonPirates/Prefabs/Characters/Character_Skeleton_01.prefab
  artifactKey: Guid(fe1cffe6ed7a7ff4798b18c00b0358e3) Importer(815301076,1909f56bfc062723c751e8b465ee728b)
Number of updated assets reloaded before import = 0
Start importing Assets/PolygonPirates/Prefabs/Characters/Character_Skeleton_01.prefab using Guid(fe1cffe6ed7a7ff4798b18c00b0358e3) Importer(815301076,1909f56bfc062723c751e8b465ee728b)  -> (artifact id: '33df906ab64b12937d1b6eb42b12e737') in 0.023478 seconds 
Number of asset objects unloaded after import = 316
========================================================================
Received Import Request.
  Time since last request: 0.000009 seconds.
  path: Assets/PolygonWestern/Prefabs/Buildings/SM_Bld_Double_Front_01.prefab
  artifactKey: Guid(c0b20a5cfbb30aa4e945359173e67e36) Importer(815301076,1909f56bfc062723c751e8b465ee728b)
Number of updated assets reloaded before import = 0
Start importing Assets/PolygonWestern/Prefabs/Buildings/SM_Bld_Double_Front_01.prefab using Guid(c0b20a5cfbb30aa4e945359173e67e36) Importer(815301076,1909f56bfc062723c751e8b465ee728b)  -> (artifact id: '472e9c844dce6e6734957bb2f8273fd2') in 0.009501 seconds 
Number of asset objects unloaded after import = 41
========================================================================
Received Import Request.
  Time since last request: 0.000008 seconds.
  path: Assets/PolygonPirates/Prefabs/Buildings/SM_Bld_Fort_Base_01.prefab
  artifactKey: Guid(1e81b0fc9bf0b9b4392e5125f7914471) Importer(815301076,1909f56bfc062723c751e8b465ee728b)
Number of updated assets reloaded before import = 0
Start importing Assets/PolygonPirates/Prefabs/Buildings/SM_Bld_Fort_Base_01.prefab using Guid(1e81b0fc9bf0b9b4392e5125f7914471) Importer(815301076,1909f56bfc062723c751e8b465ee728b)  -> (artifact id: '065af02d324d11e45fa467f33014211a') in 0.007980 seconds 
Number of asset objects unloaded after import = 11
========================================================================
Received Import Request.
  Time since last request: 0.000007 seconds.
  path: Assets/PolygonWestern/Prefabs/Buildings/SM_Bld_TrainStation_01.prefab
  artifactKey: Guid(bb18f51fec771554d96d59fff5e6fb3d) Importer(815301076,1909f56bfc062723c751e8b465ee728b)
Number of updated assets reloaded before import = 0
Start importing Assets/PolygonWestern/Prefabs/Buildings/SM_Bld_TrainStation_01.prefab using Guid(bb18f51fec771554d96d59fff5e6fb3d) Importer(815301076,1909f56bfc062723c751e8b465ee728b)  -> (artifact id: 'a633e2fb7f893b0f968e34d4e3701ec8') in 0.011481 seconds 
Number of asset objects unloaded after import = 44
========================================================================
Received Import Request.
  Time since last request: 0.000008 seconds.
  path: Assets/PolygonPirates/Prefabs/Vehicles/SM_Veh_Extra_Cargo_01.prefab
  artifactKey: Guid(c7224b25068734a4ea03c6c557fe0d87) Importer(815301076,1909f56bfc062723c751e8b465ee728b)
Number of updated assets reloaded before import = 0
Start importing Assets/PolygonPirates/Prefabs/Vehicles/SM_Veh_Extra_Cargo_01.prefab using Guid(c7224b25068734a4ea03c6c557fe0d87) Importer(815301076,1909f56bfc062723c751e8b465ee728b)  -> (artifact id: 'a80582ee9553a6d31401479b7656f915') in 0.008583 seconds 
Number of asset objects unloaded after import = 12
========================================================================
Received Import Request.
  Time since last request: 0.000008 seconds.
  path: Assets/PolygonPirates/Prefabs/Buildings/SM_Bld_Shanty_Base_Stilts_02.prefab
  artifactKey: Guid(31d4aed1e3fa69f48916a476ab5cebdf) Importer(815301076,1909f56bfc062723c751e8b465ee728b)
Number of updated assets reloaded before import = 0
Start importing Assets/PolygonPirates/Prefabs/Buildings/SM_Bld_Shanty_Base_Stilts_02.prefab using Guid(31d4aed1e3fa69f48916a476ab5cebdf) Importer(815301076,1909f56bfc062723c751e8b465ee728b)  -> (artifact id: '79a976fb57ff2cb39e92bb1ad185b874') in 0.008122 seconds 
Number of asset objects unloaded after import = 12
========================================================================
Received Import Request.
  Time since last request: 0.000007 seconds.
  path: Assets/PolygonPirates/Prefabs/Vehicles/SM_Veh_Extra_Gun_01_Pirate.prefab
  artifactKey: Guid(8366d4254621ee142804ee460119165f) Importer(815301076,1909f56bfc062723c751e8b465ee728b)
Number of updated assets reloaded before import = 0
Start importing Assets/PolygonPirates/Prefabs/Vehicles/SM_Veh_Extra_Gun_01_Pirate.prefab using Guid(8366d4254621ee142804ee460119165f) Importer(815301076,1909f56bfc062723c751e8b465ee728b)  -> (artifact id: 'cf3b87770317fc0283c08056b97e13a1') in 0.008712 seconds 
Number of asset objects unloaded after import = 22
========================================================================
Received Import Request.
  Time since last request: 0.000007 seconds.
  path: Assets/PolygonNatureBiomes/PNB_Tropical_Jungle/FX/FX_Prefabs/FX_Waterfall_Impact_01.prefab
  artifactKey: Guid(85fbe13ec16cd8246b5de6219299982d) Importer(815301076,1909f56bfc062723c751e8b465ee728b)
Number of updated assets reloaded before import = 0
Start importing Assets/PolygonNatureBiomes/PNB_Tropical_Jungle/FX/FX_Prefabs/FX_Waterfall_Impact_01.prefab using Guid(85fbe13ec16cd8246b5de6219299982d) Importer(815301076,1909f56bfc062723c751e8b465ee728b)  -> (artifact id: '685a00c8e4bed4d70321862857432894') in 0.020366 seconds 
Number of asset objects unloaded after import = 8
========================================================================
Received Import Request.
  Time since last request: 0.000009 seconds.
  path: Assets/PolygonPirates/Prefabs/Buildings/SM_Bld_Rickety_House_02.prefab
  artifactKey: Guid(4f904335d9def2445b6a8c2574de2ed6) Importer(815301076,1909f56bfc062723c751e8b465ee728b)
Number of updated assets reloaded before import = 0
Start importing Assets/PolygonPirates/Prefabs/Buildings/SM_Bld_Rickety_House_02.prefab using Guid(4f904335d9def2445b6a8c2574de2ed6) Importer(815301076,1909f56bfc062723c751e8b465ee728b)  -> (artifact id: 'a353b9f4fe7af1291ce1e997149f90ff') in 0.010722 seconds 
Number of asset objects unloaded after import = 12
========================================================================
Received Import Request.
  Time since last request: 0.000008 seconds.
  path: Assets/PolygonPirates/Prefabs/Vehicles/SM_Veh_Extra_Barrels_01.prefab
  artifactKey: Guid(02698ac85a89eb04f858a29b3891b849) Importer(815301076,1909f56bfc062723c751e8b465ee728b)
Number of updated assets reloaded before import = 0
Start importing Assets/PolygonPirates/Prefabs/Vehicles/SM_Veh_Extra_Barrels_01.prefab using Guid(02698ac85a89eb04f858a29b3891b849) Importer(815301076,1909f56bfc062723c751e8b465ee728b)  -> (artifact id: '586bf7c047ed48b56d0c6f497948a806') in 0.008898 seconds 
Number of asset objects unloaded after import = 12
========================================================================
Received Import Request.
  Time since last request: 0.000008 seconds.
  path: Assets/PolygonWestern/Prefabs/FX/GunShot_Smoke_FX.prefab
  artifactKey: Guid(2574ca206a571a342a7fab69fdfb87aa) Importer(815301076,1909f56bfc062723c751e8b465ee728b)
Number of updated assets reloaded before import = 0
Start importing Assets/PolygonWestern/Prefabs/FX/GunShot_Smoke_FX.prefab using Guid(2574ca206a571a342a7fab69fdfb87aa) Importer(815301076,1909f56bfc062723c751e8b465ee728b)  -> (artifact id: 'fd2557fadb42482aa5a802e9ff36c1b5') in 0.006570 seconds 
Number of asset objects unloaded after import = 10
========================================================================
Received Import Request.
  Time since last request: 0.000009 seconds.
  path: Assets/PolygonPirates/Prefabs/Buildings/SM_Bld_Cuba_Room_Short_01.prefab
  artifactKey: Guid(7d2f95b51864cb34490b6b6fd4391ead) Importer(815301076,1909f56bfc062723c751e8b465ee728b)
Number of updated assets reloaded before import = 0
Start importing Assets/PolygonPirates/Prefabs/Buildings/SM_Bld_Cuba_Room_Short_01.prefab using Guid(7d2f95b51864cb34490b6b6fd4391ead) Importer(815301076,1909f56bfc062723c751e8b465ee728b)  -> (artifact id: '54fbc122da36ce93db3bce47d439b138') in 0.008767 seconds 
Number of asset objects unloaded after import = 12
========================================================================
Received Import Request.
  Time since last request: 0.000008 seconds.
  path: Assets/PolygonWestern/Prefabs/FX/FX_Dust_Blowing_Large_01.prefab
  artifactKey: Guid(b8d603144666d554d9901541a5d92cf5) Importer(815301076,1909f56bfc062723c751e8b465ee728b)
Number of updated assets reloaded before import = 0
Start importing Assets/PolygonWestern/Prefabs/FX/FX_Dust_Blowing_Large_01.prefab using Guid(b8d603144666d554d9901541a5d92cf5) Importer(815301076,1909f56bfc062723c751e8b465ee728b)  -> (artifact id: '5a0cf54857fe4456a6ba48e9a812ecff') in 0.007872 seconds 
Number of asset objects unloaded after import = 7
========================================================================
Received Import Request.
  Time since last request: 0.000008 seconds.
  path: Assets/PolygonWestern/Prefabs/Environments/SM_Env_Road_Straight_01.prefab
  artifactKey: Guid(6ced95f04487bec4e81f51a934884b80) Importer(815301076,1909f56bfc062723c751e8b465ee728b)
Number of updated assets reloaded before import = 0
Start importing Assets/PolygonWestern/Prefabs/Environments/SM_Env_Road_Straight_01.prefab using Guid(6ced95f04487bec4e81f51a934884b80) Importer(815301076,1909f56bfc062723c751e8b465ee728b)  -> (artifact id: '33c0398a0447e254befd3808568d0b03') in 0.009627 seconds 
Number of asset objects unloaded after import = 11
========================================================================
Received Import Request.
  Time since last request: 0.000008 seconds.
  path: Assets/PolygonPirates/Prefabs/Buildings/SM_Bld_Rickety_Dock_01.prefab
  artifactKey: Guid(dd6ae2241e5f82b479acab0797792f48) Importer(815301076,1909f56bfc062723c751e8b465ee728b)
Number of updated assets reloaded before import = 0
Start importing Assets/PolygonPirates/Prefabs/Buildings/SM_Bld_Rickety_Dock_01.prefab using Guid(dd6ae2241e5f82b479acab0797792f48) Importer(815301076,1909f56bfc062723c751e8b465ee728b)  -> (artifact id: 'dc3c1e6a29ed69dd95550900a49d48f2') in 0.009156 seconds 
Number of asset objects unloaded after import = 12
========================================================================
Received Import Request.
  Time since last request: 0.000009 seconds.
  path: Assets/PolygonPirates/Prefabs/Characters/Character_Female_Pirate_01.prefab
  artifactKey: Guid(9f907d6996365d14f98f919ae28e1e7f) Importer(815301076,1909f56bfc062723c751e8b465ee728b)
Number of updated assets reloaded before import = 0
Start importing Assets/PolygonPirates/Prefabs/Characters/Character_Female_Pirate_01.prefab using Guid(9f907d6996365d14f98f919ae28e1e7f) Importer(815301076,1909f56bfc062723c751e8b465ee728b)  -> (artifact id: '4de6831dd87d88035ca9335e78facbe4') in 0.016189 seconds 
Number of asset objects unloaded after import = 316
========================================================================
Received Import Request.
  Time since last request: 0.000011 seconds.
  path: Assets/PolygonNatureBiomes/PNB_Tropical_Jungle/FX/FX_Prefabs/FX_Birds_Tropical_01.prefab
  artifactKey: Guid(1569107ed421b0c4d8cad63b371d411c) Importer(815301076,1909f56bfc062723c751e8b465ee728b)
Number of updated assets reloaded before import = 0
Start importing Assets/PolygonNatureBiomes/PNB_Tropical_Jungle/FX/FX_Prefabs/FX_Birds_Tropical_01.prefab using Guid(1569107ed421b0c4d8cad63b371d411c) Importer(815301076,1909f56bfc062723c751e8b465ee728b)  -> (artifact id: '1660dff163f2762d2ea43758b45a9d86') in 0.058609 seconds 
Number of asset objects unloaded after import = 9
========================================================================
Received Import Request.
  Time since last request: 0.000016 seconds.
  path: Assets/PolygonPirates/Prefabs/Buildings/SM_Bld_Fort_Room_02.prefab
  artifactKey: Guid(8424e2c2036a4e54395b40e7678ff74e) Importer(815301076,1909f56bfc062723c751e8b465ee728b)
Number of updated assets reloaded before import = 0
Start importing Assets/PolygonPirates/Prefabs/Buildings/SM_Bld_Fort_Room_02.prefab using Guid(8424e2c2036a4e54395b40e7678ff74e) Importer(815301076,1909f56bfc062723c751e8b465ee728b)  -> (artifact id: '0e83f55945727c448a9c57248d4405ab') in 0.010530 seconds 
Number of asset objects unloaded after import = 12
========================================================================
Received Import Request.
  Time since last request: 0.000010 seconds.
  path: Assets/PolygonNatureBiomes/PNB_Tropical_Jungle/Prefabs/SM_Bld_Giant_Column_01.prefab
  artifactKey: Guid(13af250cd6da53143ba0a206013b9326) Importer(815301076,1909f56bfc062723c751e8b465ee728b)
Number of updated assets reloaded before import = 0
Start importing Assets/PolygonNatureBiomes/PNB_Tropical_Jungle/Prefabs/SM_Bld_Giant_Column_01.prefab using Guid(13af250cd6da53143ba0a206013b9326) Importer(815301076,1909f56bfc062723c751e8b465ee728b)  -> (artifact id: 'd6ada305ea856957445dfa9c206f35e2') in 0.117137 seconds 
Number of asset objects unloaded after import = 12
========================================================================
Received Import Request.
  Time since last request: 0.000009 seconds.
  path: Assets/PolygonNatureBiomes/PNB_Tropical_Jungle/FX/FX_Prefabs/FX_Leaves_Tropical_01.prefab
  artifactKey: Guid(300572adb286eba4386f949f06436630) Importer(815301076,1909f56bfc062723c751e8b465ee728b)
Number of updated assets reloaded before import = 0
Start importing Assets/PolygonNatureBiomes/PNB_Tropical_Jungle/FX/FX_Prefabs/FX_Leaves_Tropical_01.prefab using Guid(300572adb286eba4386f949f06436630) Importer(815301076,1909f56bfc062723c751e8b465ee728b)  -> (artifact id: '1b38d753cf3ae59d2ad2273fd2197ada') in 0.861615 seconds 
Number of asset objects unloaded after import = 9
========================================================================
Received Import Request.
  Time since last request: 0.000012 seconds.
  path: Assets/PolygonNatureBiomes/PNB_Tropical_Jungle/FX/FX_Prefabs/FX_Birds_Burst_01.prefab
  artifactKey: Guid(b64053c9469cf2c4ca833b9c0643d07a) Importer(815301076,1909f56bfc062723c751e8b465ee728b)
Number of updated assets reloaded before import = 0
Start importing Assets/PolygonNatureBiomes/PNB_Tropical_Jungle/FX/FX_Prefabs/FX_Birds_Burst_01.prefab using Guid(b64053c9469cf2c4ca833b9c0643d07a) Importer(815301076,1909f56bfc062723c751e8b465ee728b)  -> (artifact id: '4f4b9e4a3080d38bd7aea67c0298c2ac') in 0.124113 seconds 
Number of asset objects unloaded after import = 8
========================================================================
Received Import Request.
  Time since last request: 0.000017 seconds.
  path: Assets/PolygonPirates/Prefabs/Buildings/SM_Bld_Rickety_Dock_Stairs_01.prefab
  artifactKey: Guid(06e50368fb5e4d048bfd83c15418a41f) Importer(815301076,1909f56bfc062723c751e8b465ee728b)
Number of updated assets reloaded before import = 0
Start importing Assets/PolygonPirates/Prefabs/Buildings/SM_Bld_Rickety_Dock_Stairs_01.prefab using Guid(06e50368fb5e4d048bfd83c15418a41f) Importer(815301076,1909f56bfc062723c751e8b465ee728b)  -> (artifact id: '3d38f9a5297265778af7af32709a9685') in 0.018344 seconds 
Number of asset objects unloaded after import = 12
========================================================================
Received Import Request.
  Time since last request: 0.000009 seconds.
  path: Assets/PolygonPirates/Prefabs/Buildings/SM_Bld_Fort_Stairs_01.prefab
  artifactKey: Guid(e046c93de4271d8479a58e3debc24458) Importer(815301076,1909f56bfc062723c751e8b465ee728b)
Number of updated assets reloaded before import = 0
Start importing Assets/PolygonPirates/Prefabs/Buildings/SM_Bld_Fort_Stairs_01.prefab using Guid(e046c93de4271d8479a58e3debc24458) Importer(815301076,1909f56bfc062723c751e8b465ee728b)  -> (artifact id: '784f5b614c6f4de63f918fb2d99d2636') in 0.008654 seconds 
Number of asset objects unloaded after import = 12
========================================================================
Received Import Request.
  Time since last request: 0.000008 seconds.
  path: Assets/PolygonPirates/Prefabs/Buildings/SM_Bld_Shanty_Base_01.prefab
  artifactKey: Guid(1a285c3836520484da8e28d5af0ef06d) Importer(815301076,1909f56bfc062723c751e8b465ee728b)
Number of updated assets reloaded before import = 0
Start importing Assets/PolygonPirates/Prefabs/Buildings/SM_Bld_Shanty_Base_01.prefab using Guid(1a285c3836520484da8e28d5af0ef06d) Importer(815301076,1909f56bfc062723c751e8b465ee728b)  -> (artifact id: '6894090f13e6e6e1954304423f4ebce5') in 0.010265 seconds 
Number of asset objects unloaded after import = 12
========================================================================
Received Import Request.
  Time since last request: 0.000008 seconds.
  path: Assets/PolygonNatureBiomes/PNB_Tropical_Jungle/FX/FX_Prefabs/FX_Clouds_Thin_01.prefab
  artifactKey: Guid(50c1d5339f6455a4daa2f22c50df0f69) Importer(815301076,1909f56bfc062723c751e8b465ee728b)
Number of updated assets reloaded before import = 0
Start importing Assets/PolygonNatureBiomes/PNB_Tropical_Jungle/FX/FX_Prefabs/FX_Clouds_Thin_01.prefab using Guid(50c1d5339f6455a4daa2f22c50df0f69) Importer(815301076,1909f56bfc062723c751e8b465ee728b)  -> (artifact id: '9d4f103ba6b9fd7f534a3c55c470c3d7') in 0.023971 seconds 
Number of asset objects unloaded after import = 8
========================================================================
Received Import Request.
  Time since last request: 0.000011 seconds.
  path: Assets/PolygonPirates/Prefabs/Buildings/SM_Bld_Fort_Base_02.prefab
  artifactKey: Guid(df8cf13633c497d41b3d6e877f0b65c2) Importer(815301076,1909f56bfc062723c751e8b465ee728b)
Number of updated assets reloaded before import = 0
Start importing Assets/PolygonPirates/Prefabs/Buildings/SM_Bld_Fort_Base_02.prefab using Guid(df8cf13633c497d41b3d6e877f0b65c2) Importer(815301076,1909f56bfc062723c751e8b465ee728b)  -> (artifact id: '15e70ee9dd946e5b882a27b13e0c606e') in 0.007888 seconds 
Number of asset objects unloaded after import = 11
========================================================================
Received Import Request.
  Time since last request: 0.000009 seconds.
  path: Assets/PolygonPirates/Prefabs/Buildings/SM_Bld_Fort_Wall_01.prefab
  artifactKey: Guid(268a16c5bfb05284b87a038b894cdd8f) Importer(815301076,1909f56bfc062723c751e8b465ee728b)
Number of updated assets reloaded before import = 0
Start importing Assets/PolygonPirates/Prefabs/Buildings/SM_Bld_Fort_Wall_01.prefab using Guid(268a16c5bfb05284b87a038b894cdd8f) Importer(815301076,1909f56bfc062723c751e8b465ee728b)  -> (artifact id: 'c3b54bfcca56508f04ba33b282e9b5f0') in 0.008358 seconds 
Number of asset objects unloaded after import = 11
========================================================================
Received Import Request.
  Time since last request: 0.000008 seconds.
  path: Assets/PolygonPirates/Prefabs/Buildings/SM_Bld_Shanty_Preset_03.prefab
  artifactKey: Guid(b29aec4749f571f4ebd074e202f6bd51) Importer(815301076,1909f56bfc062723c751e8b465ee728b)
Number of updated assets reloaded before import = 0
Start importing Assets/PolygonPirates/Prefabs/Buildings/SM_Bld_Shanty_Preset_03.prefab using Guid(b29aec4749f571f4ebd074e202f6bd51) Importer(815301076,1909f56bfc062723c751e8b465ee728b)  -> (artifact id: 'ab2c84bd4300e44d4c61f975e43b163a') in 0.007872 seconds 
Number of asset objects unloaded after import = 12
========================================================================
Received Import Request.
  Time since last request: 0.000010 seconds.
  path: Assets/PolygonWestern/Prefabs/Environments/SM_Env_Cliff_Straight_02.prefab
  artifactKey: Guid(1c8c6bed3438b9141b6c6e2eb548b815) Importer(815301076,1909f56bfc062723c751e8b465ee728b)
Number of updated assets reloaded before import = 0
Start importing Assets/PolygonWestern/Prefabs/Environments/SM_Env_Cliff_Straight_02.prefab using Guid(1c8c6bed3438b9141b6c6e2eb548b815) Importer(815301076,1909f56bfc062723c751e8b465ee728b)  -> (artifact id: 'a878007575b0fcb504fce9846df894a0') in 0.009936 seconds 
Number of asset objects unloaded after import = 11
========================================================================
Received Import Request.
  Time since last request: 0.000008 seconds.
  path: Assets/PolygonPirates/Prefabs/Buildings/SM_Bld_Rickety_Tower_03.prefab
  artifactKey: Guid(be5b4381dc9e4814b9db55a58c8c9d30) Importer(815301076,1909f56bfc062723c751e8b465ee728b)
Number of updated assets reloaded before import = 0
Start importing Assets/PolygonPirates/Prefabs/Buildings/SM_Bld_Rickety_Tower_03.prefab using Guid(be5b4381dc9e4814b9db55a58c8c9d30) Importer(815301076,1909f56bfc062723c751e8b465ee728b)  -> (artifact id: 'd4dc6d7ec7ff8a4eb87f8e6056cd3e7e') in 0.007920 seconds 
Number of asset objects unloaded after import = 12
========================================================================
Received Import Request.
  Time since last request: 0.000008 seconds.
  path: Assets/PolygonPirates/Prefabs/Buildings/SM_Bld_Fort_Door_04.prefab
  artifactKey: Guid(6528c8eff0b7cca45a4e817ff27b3ad4) Importer(815301076,1909f56bfc062723c751e8b465ee728b)
Number of updated assets reloaded before import = 0
Start importing Assets/PolygonPirates/Prefabs/Buildings/SM_Bld_Fort_Door_04.prefab using Guid(6528c8eff0b7cca45a4e817ff27b3ad4) Importer(815301076,1909f56bfc062723c751e8b465ee728b)  -> (artifact id: '63f01339899395b8a84b60e2432c901c') in 0.007994 seconds 
Number of asset objects unloaded after import = 12
========================================================================
Received Import Request.
  Time since last request: 0.000008 seconds.
  path: Assets/PolygonPirates/Prefabs/Characters/Character_English_Captain_01.prefab
  artifactKey: Guid(35dd43ae5c2e10a4abb1ec8f5ecb5c11) Importer(815301076,1909f56bfc062723c751e8b465ee728b)
Number of updated assets reloaded before import = 0
Start importing Assets/PolygonPirates/Prefabs/Characters/Character_English_Captain_01.prefab using Guid(35dd43ae5c2e10a4abb1ec8f5ecb5c11) Importer(815301076,1909f56bfc062723c751e8b465ee728b)  -> (artifact id: 'cd316334b257d53a291634d0410687aa') in 0.015277 seconds 
Number of asset objects unloaded after import = 316
========================================================================
Received Import Request.
  Time since last request: 0.000009 seconds.
  path: Assets/PolygonWestern/Prefabs/Buildings/SM_Bld_Large_Preset_01.prefab
  artifactKey: Guid(01b7076a35dcca04f83559d6f6f7f9f7) Importer(815301076,1909f56bfc062723c751e8b465ee728b)
Number of updated assets reloaded before import = 0
Start importing Assets/PolygonWestern/Prefabs/Buildings/SM_Bld_Large_Preset_01.prefab using Guid(01b7076a35dcca04f83559d6f6f7f9f7) Importer(815301076,1909f56bfc062723c751e8b465ee728b)  -> (artifact id: '2915ba10d5309feb9c4807d4312db492') in 0.022786 seconds 
Number of asset objects unloaded after import = 165
========================================================================
Received Import Request.
  Time since last request: 0.000012 seconds.
  path: Assets/PolygonPirates/Prefabs/Buildings/SM_Bld_Fort_Base_Circle_02.prefab
  artifactKey: Guid(f13660f99fcad8047a78a78d1dc1d46a) Importer(815301076,1909f56bfc062723c751e8b465ee728b)
Number of updated assets reloaded before import = 0
Start importing Assets/PolygonPirates/Prefabs/Buildings/SM_Bld_Fort_Base_Circle_02.prefab using Guid(f13660f99fcad8047a78a78d1dc1d46a) Importer(815301076,1909f56bfc062723c751e8b465ee728b)  -> (artifact id: 'b912a486420ea433ce493f80116868f9') in 0.008527 seconds 
Number of asset objects unloaded after import = 11
========================================================================
Received Import Request.
  Time since last request: 0.000010 seconds.
  path: Assets/PolygonPirates/Prefabs/Buildings/SM_Bld_Fort_Room_03.prefab
  artifactKey: Guid(566275d114eb34149971a6d85a5e7bee) Importer(815301076,1909f56bfc062723c751e8b465ee728b)
Number of updated assets reloaded before import = 0
Start importing Assets/PolygonPirates/Prefabs/Buildings/SM_Bld_Fort_Room_03.prefab using Guid(566275d114eb34149971a6d85a5e7bee) Importer(815301076,1909f56bfc062723c751e8b465ee728b)  -> (artifact id: '74d4b24f62e71be166ae1694bca8f297') in 0.008380 seconds 
Number of asset objects unloaded after import = 12
========================================================================
Received Import Request.
  Time since last request: 0.000008 seconds.
  path: Assets/PolygonWestern/Prefabs/Characters/Character_Business_Man_01.prefab
  artifactKey: Guid(e85f10072d335224984d9b8ae2e93843) Importer(815301076,1909f56bfc062723c751e8b465ee728b)
Number of updated assets reloaded before import = 0
Start importing Assets/PolygonWestern/Prefabs/Characters/Character_Business_Man_01.prefab using Guid(e85f10072d335224984d9b8ae2e93843) Importer(815301076,1909f56bfc062723c751e8b465ee728b)  -> (artifact id: '79d71c3c2552c7257c5e690ce0dc525a') in 0.012907 seconds 
Number of asset objects unloaded after import = 139
========================================================================
Received Import Request.
  Time since last request: 0.000011 seconds.
  path: Assets/PolygonPirates/Prefabs/Buildings/SM_Bld_Fort_Base_Circle_01.prefab
  artifactKey: Guid(e8cf581202dcceb479b669f9f973d29b) Importer(815301076,1909f56bfc062723c751e8b465ee728b)
Number of updated assets reloaded before import = 0
Start importing Assets/PolygonPirates/Prefabs/Buildings/SM_Bld_Fort_Base_Circle_01.prefab using Guid(e8cf581202dcceb479b669f9f973d29b) Importer(815301076,1909f56bfc062723c751e8b465ee728b)  -> (artifact id: 'c01b62e7982d8ca9c144ac24e375e5e5') in 0.007926 seconds 
Number of asset objects unloaded after import = 11
========================================================================
Received Import Request.
  Time since last request: 0.000016 seconds.
  path: Assets/PolygonPirates/Prefabs/Characters/Character_English_Soldier_01.prefab
  artifactKey: Guid(d24bb65e9cbd4f34d8d7c86cdec254e1) Importer(815301076,1909f56bfc062723c751e8b465ee728b)
Number of updated assets reloaded before import = 0
Start importing Assets/PolygonPirates/Prefabs/Characters/Character_English_Soldier_01.prefab using Guid(d24bb65e9cbd4f34d8d7c86cdec254e1) Importer(815301076,1909f56bfc062723c751e8b465ee728b)  -> (artifact id: '6f744e03904d528fea55dfbe1b985c94') in 0.016391 seconds 
Number of asset objects unloaded after import = 316
========================================================================
Received Import Request.
  Time since last request: 0.000011 seconds.
  path: Assets/PolygonPirates/Prefabs/Buildings/SM_Bld_Shanty_Preset_06.prefab
  artifactKey: Guid(fece7ebecc6caad448be7fe592de95cc) Importer(815301076,1909f56bfc062723c751e8b465ee728b)
Number of updated assets reloaded before import = 0
Start importing Assets/PolygonPirates/Prefabs/Buildings/SM_Bld_Shanty_Preset_06.prefab using Guid(fece7ebecc6caad448be7fe592de95cc) Importer(815301076,1909f56bfc062723c751e8b465ee728b)  -> (artifact id: '5106306f620bd98d438cc7ee476caf3b') in 0.008893 seconds 
Number of asset objects unloaded after import = 12
========================================================================
Received Import Request.
  Time since last request: 0.000009 seconds.
  path: Assets/PolygonWestern/Prefabs/Vehicles/SM_Veh_Train_01.prefab
  artifactKey: Guid(461adae6d8ea6d74fac73e4bd90066cb) Importer(815301076,1909f56bfc062723c751e8b465ee728b)
Number of updated assets reloaded before import = 0
Start importing Assets/PolygonWestern/Prefabs/Vehicles/SM_Veh_Train_01.prefab using Guid(461adae6d8ea6d74fac73e4bd90066cb) Importer(815301076,1909f56bfc062723c751e8b465ee728b)  -> (artifact id: '1e270696f93def821aeb9c4d62fabdb3') in 0.011873 seconds 
Number of asset objects unloaded after import = 77
========================================================================
Received Import Request.
  Time since last request: 0.000009 seconds.
  path: Assets/PolygonWestern/Prefabs/Characters/Character_Sheriff_01.prefab
  artifactKey: Guid(15a550206f811c346b37f3a3f4495178) Importer(815301076,1909f56bfc062723c751e8b465ee728b)
Number of updated assets reloaded before import = 0
Start importing Assets/PolygonWestern/Prefabs/Characters/Character_Sheriff_01.prefab using Guid(15a550206f811c346b37f3a3f4495178) Importer(815301076,1909f56bfc062723c751e8b465ee728b)  -> (artifact id: '9fc42c321306dfdad2743611dd7cc1e0') in 0.012946 seconds 
Number of asset objects unloaded after import = 139
========================================================================
Received Import Request.
  Time since last request: 0.000009 seconds.
  path: Assets/PolygonWestern/Prefabs/FX/FX_TumbleWeed.prefab
  artifactKey: Guid(792b19eedb3133447899fc529c4f2b4a) Importer(815301076,1909f56bfc062723c751e8b465ee728b)
Number of updated assets reloaded before import = 0
Start importing Assets/PolygonWestern/Prefabs/FX/FX_TumbleWeed.prefab using Guid(792b19eedb3133447899fc529c4f2b4a) Importer(815301076,1909f56bfc062723c751e8b465ee728b)  -> (artifact id: '4a9fe2a3c8ac4723dd7cc3f2c1cd54a7') in 0.011053 seconds 
Number of asset objects unloaded after import = 10
========================================================================
Received Import Request.
  Time since last request: 0.000008 seconds.
  path: Assets/PolygonPirates/Prefabs/Buildings/SM_Bld_Shanty_Roof_03.prefab
  artifactKey: Guid(fe292b498a5ec8b46bbbf3338e342667) Importer(815301076,1909f56bfc062723c751e8b465ee728b)
Number of updated assets reloaded before import = 0
Start importing Assets/PolygonPirates/Prefabs/Buildings/SM_Bld_Shanty_Roof_03.prefab using Guid(fe292b498a5ec8b46bbbf3338e342667) Importer(815301076,1909f56bfc062723c751e8b465ee728b)  -> (artifact id: '4032940b47222277622644aee661fbe2') in 0.008156 seconds 
Number of asset objects unloaded after import = 12
Editor requested this worker to shutdown with reason: Scaling down because of idle timeout
AssetImportWorker is now disconnected from the server
Process exiting
Exiting without the bug reporter. Application will terminate with return code 0