Using pre-set license
Built from '2021.3/staging' branch; Version is '2021.3.32f1 (3b9dae9532f5) revision 3906990'; Using compiler version '192829333'; Build Type 'Release'
OS: 'Windows 11  (10.0.26200) 64bit Professional' Language: 'cs' Physical Memory: 31905 MB
BatchMode: 1, IsHumanControllingUs: 0, StartBugReporterOnCrash: 0, Is64bit: 1, IsPro: 1

COMMAND LINE ARGUMENTS:
C:\Program Files\Unity\Hub\Editor\2021.3.32f1\Editor\Unity.exe
-adb2
-batchMode
-noUpm
-name
AssetImportWorker16
-projectPath
C:/Users/simon/Documents/GitHub/The-Last-Bounty/Wanted-Dead or alive
-logFile
Logs/AssetImportWorker16.log
-srvPort
61729
Successfully changed project path to: C:/Users/simon/Documents/GitHub/The-Last-Bounty/Wanted-Dead or alive
C:/Users/simon/Documents/GitHub/The-Last-Bounty/Wanted-Dead or alive
[UnityMemory] Configuration Parameters - Can be set up in boot.config
    "memorysetup-bucket-allocator-granularity=16"
    "memorysetup-bucket-allocator-bucket-count=8"
    "memorysetup-bucket-allocator-block-size=33554432"
    "memorysetup-bucket-allocator-block-count=8"
    "memorysetup-main-allocator-block-size=16777216"
    "memorysetup-thread-allocator-block-size=16777216"
    "memorysetup-gfx-main-allocator-block-size=16777216"
    "memorysetup-gfx-thread-allocator-block-size=16777216"
    "memorysetup-cache-allocator-block-size=4194304"
    "memorysetup-typetree-allocator-block-size=2097152"
    "memorysetup-profiler-bucket-allocator-granularity=16"
    "memorysetup-profiler-bucket-allocator-bucket-count=8"
    "memorysetup-profiler-bucket-allocator-block-size=33554432"
    "memorysetup-profiler-bucket-allocator-block-count=8"
    "memorysetup-profiler-allocator-block-size=16777216"
    "memorysetup-profiler-editor-allocator-block-size=1048576"
    "memorysetup-temp-allocator-size-main=16777216"
    "memorysetup-job-temp-allocator-block-size=2097152"
    "memorysetup-job-temp-allocator-block-size-background=1048576"
    "memorysetup-job-temp-allocator-reduction-small-platforms=262144"
    "memorysetup-temp-allocator-size-background-worker=32768"
    "memorysetup-temp-allocator-size-job-worker=262144"
    "memorysetup-temp-allocator-size-preload-manager=33554432"
    "memorysetup-temp-allocator-size-nav-mesh-worker=65536"
    "memorysetup-temp-allocator-size-audio-worker=65536"
    "memorysetup-temp-allocator-size-cloud-worker=32768"
    "memorysetup-temp-allocator-size-gi-baking-worker=262144"
    "memorysetup-temp-allocator-size-gfx=262144"
Player connection [37004] Host "[IP] 192.168.0.167 [Port] 0 [Flags] 2 [Guid] 1726364420 [EditorId] 1726364420 [Version] 1048832 [Id] WindowsEditor(7,Simon) [Debug] 1 [PackageName] WindowsEditor [ProjectName] Editor" joined multi-casting on [225.0.0.222:54997]...

Player connection [37004] Host "[IP] 192.168.0.167 [Port] 0 [Flags] 2 [Guid] 1726364420 [EditorId] 1726364420 [Version] 1048832 [Id] WindowsEditor(7,Simon) [Debug] 1 [PackageName] WindowsEditor [ProjectName] Editor" joined alternative multi-casting on [225.0.0.222:34997]...

[Physics::Module] Initialized MultithreadedJobDispatcher with {0} workers.
Refreshing native plugins compatible for Editor in 76.71 ms, found 3 plugins.
Preloading 0 native plugins for Editor in 0.00 ms.
Initialize engine version: 2021.3.32f1 (3b9dae9532f5)
[Subsystems] Discovering subsystems at path C:/Program Files/Unity/Hub/Editor/2021.3.32f1/Editor/Data/Resources/UnitySubsystems
[Subsystems] Discovering subsystems at path C:/Users/simon/Documents/GitHub/The-Last-Bounty/Wanted-Dead or alive/Assets
GfxDevice: creating device client; threaded=0; jobified=0
Direct3D:
    Version:  Direct3D 11.0 [level 11.1]
    Renderer: AMD Radeon RX 9070 XT (ID=0x7550)
    Vendor:   ATI
    VRAM:     16200 MB
    Driver:   32.0.23027.2005
Initialize mono
Mono path[0] = 'C:/Program Files/Unity/Hub/Editor/2021.3.32f1/Editor/Data/Managed'
Mono path[1] = 'C:/Program Files/Unity/Hub/Editor/2021.3.32f1/Editor/Data/MonoBleedingEdge/lib/mono/unityjit-win32'
Mono config path = 'C:/Program Files/Unity/Hub/Editor/2021.3.32f1/Editor/Data/MonoBleedingEdge/etc'
Using monoOptions --debugger-agent=transport=dt_socket,embedding=1,server=y,suspend=n,address=127.0.0.1:56348
Begin MonoManager ReloadAssembly
Registering precompiled unity dll's ...
Register platform support module: C:/Program Files/Unity/Hub/Editor/2021.3.32f1/Editor/Data/PlaybackEngines/WindowsStandaloneSupport/UnityEditor.WindowsStandalone.Extensions.dll
Registered in 0.018868 seconds.
Native extension for WindowsStandalone target not found
Refreshing native plugins compatible for Editor in 71.78 ms, found 3 plugins.
Preloading 0 native plugins for Editor in 0.00 ms.
Mono: successfully reloaded assembly
- Completed reload, in  0.507 seconds
Domain Reload Profiling:
	ReloadAssembly (507ms)
		BeginReloadAssembly (102ms)
			ExecutionOrderSort (0ms)
			DisableScriptedObjects (0ms)
			BackupInstance (0ms)
			ReleaseScriptingObjects (0ms)
			CreateAndSetChildDomain (1ms)
		EndReloadAssembly (310ms)
			LoadAssemblies (97ms)
			RebuildTransferFunctionScriptingTraits (0ms)
			SetupTypeCache (69ms)
			ReleaseScriptCaches (0ms)
			RebuildScriptCaches (17ms)
			SetupLoadedEditorAssemblies (188ms)
				LogAssemblyErrors (0ms)
				InitializePlatformSupportModulesInManaged (8ms)
				SetLoadedEditorAssemblies (0ms)
				RefreshPlugins (72ms)
				BeforeProcessingInitializeOnLoad (1ms)
				ProcessInitializeOnLoadAttributes (80ms)
				ProcessInitializeOnLoadMethodAttributes (27ms)
				AfterProcessingInitializeOnLoad (0ms)
				EditorAssembliesLoaded (0ms)
			ExecutionOrderSort2 (0ms)
			AwakeInstancesAfterBackupRestoration (0ms)
Platform modules already initialized, skipping
Registering precompiled user dll's ...
Registered in 0.007835 seconds.
Begin MonoManager ReloadAssembly
Native extension for WindowsStandalone target not found
Refreshing native plugins compatible for Editor in 63.22 ms, found 3 plugins.
Preloading 0 native plugins for Editor in 0.00 ms.
Mono: successfully reloaded assembly
- Completed reload, in  0.845 seconds
Domain Reload Profiling:
	ReloadAssembly (846ms)
		BeginReloadAssembly (100ms)
			ExecutionOrderSort (0ms)
			DisableScriptedObjects (3ms)
			BackupInstance (0ms)
			ReleaseScriptingObjects (0ms)
			CreateAndSetChildDomain (12ms)
		EndReloadAssembly (671ms)
			LoadAssemblies (92ms)
			RebuildTransferFunctionScriptingTraits (0ms)
			SetupTypeCache (154ms)
			ReleaseScriptCaches (0ms)
			RebuildScriptCaches (29ms)
			SetupLoadedEditorAssemblies (402ms)
				LogAssemblyErrors (0ms)
				InitializePlatformSupportModulesInManaged (5ms)
				SetLoadedEditorAssemblies (0ms)
				RefreshPlugins (63ms)
				BeforeProcessingInitializeOnLoad (67ms)
				ProcessInitializeOnLoadAttributes (243ms)
				ProcessInitializeOnLoadMethodAttributes (11ms)
				AfterProcessingInitializeOnLoad (12ms)
				EditorAssembliesLoaded (0ms)
			ExecutionOrderSort2 (0ms)
			AwakeInstancesAfterBackupRestoration (3ms)
Platform modules already initialized, skipping
========================================================================
Worker process is ready to serve import requests
Launched and connected shader compiler UnityShaderCompiler.exe after 0.03 seconds
Refreshing native plugins compatible for Editor in 0.80 ms, found 3 plugins.
Preloading 0 native plugins for Editor in 0.00 ms.
Unloading 4073 Unused Serialized files (Serialized files now loaded: 0)
Unloading 60 unused Assets / (2.7 MB). Loaded Objects now: 4545.
Memory consumption went from 255.7 MB to 253.0 MB.
Total: 2.541400 ms (FindLiveObjects: 0.248700 ms CreateObjectMapping: 0.090100 ms MarkObjects: 1.836900 ms  DeleteObjects: 0.365300 ms)

AssetImportParameters requested are different than current active one (requested -> active):
  custom:video-decoder-ogg-theora: a1e56fd34408186e4bbccfd4996cb3dc -> 
  custom:container-muxer-webm: aa71ff27fc2769a1b78a27578f13a17b -> 
  custom:container-demuxer-webm: 4f35f7cbe854078d1ac9338744f61a02 -> 
  custom:video-encoder-webm-vp8: eb34c28f22e8b96e1ab97ce403110664 -> 
  custom:video-codec-MediaFoundation-h265: 746d11721c4dcdbdad8f713fa42b33f4 -> 
  custom:CustomObjectIndexerAttribute: bc11b3a6c3213fcdd17b65e7da85e133 -> 
  custom:audio-encoder-webm-vorbis: bf7c407c2cedff20999df2af8eb42d56 -> 
  custom:framework-win-MediaFoundation: 216162199b28c13a410421893ffa2e32 -> 
  custom:SearchIndexIgnoredProperties: e643bd26f0fe6173181afceb89e7c659 -> 
  custom:container-demuxer-ogg: 62fdf1f143b41e24485cea50d1cbac27 -> 
  custom:video-decoder-webm-vp8: 9c59270c3fd7afecdb556c50c9e8de78 -> 
  custom:audio-decoder-ogg-vorbis: bf7c407c2cedff20999df2af8eb42d56 -> 
========================================================================
Received Import Request.
  Time since last request: 387413.775793 seconds.
  path: Assets/kenney_particle-pack/PNG (Black background)/circle_03.png
  artifactKey: Guid(65753f81cb5039147b9c405d726b31aa) Importer(815301076,1909f56bfc062723c751e8b465ee728b)
Number of updated assets reloaded before import = 0
Start importing Assets/kenney_particle-pack/PNG (Black background)/circle_03.png using Guid(65753f81cb5039147b9c405d726b31aa) Importer(815301076,1909f56bfc062723c751e8b465ee728b)  -> (artifact id: '65048d9611967a667e6388ed7b629224') in 0.078755 seconds 
Number of asset objects unloaded after import = 2
========================================================================
Received Import Request.
  Time since last request: 0.000010 seconds.
  path: Assets/kenney_particle-pack/PNG (Black background)/slash_03.png
  artifactKey: Guid(4b13d5a681d1fb141a126a97a56fa911) Importer(815301076,1909f56bfc062723c751e8b465ee728b)
Number of updated assets reloaded before import = 0
Start importing Assets/kenney_particle-pack/PNG (Black background)/slash_03.png using Guid(4b13d5a681d1fb141a126a97a56fa911) Importer(815301076,1909f56bfc062723c751e8b465ee728b)  -> (artifact id: 'd086e4e4fd8a4a19c38f2437721c8bf1') in 0.020439 seconds 
Number of asset objects unloaded after import = 2
========================================================================
Received Import Request.
  Time since last request: 0.000011 seconds.
  path: Assets/kenney_particle-pack/PNG (Black background)/scorch_02.png
  artifactKey: Guid(157bf9638e9dfad4f8170846131ee70a) Importer(815301076,1909f56bfc062723c751e8b465ee728b)
Number of updated assets reloaded before import = 0
Start importing Assets/kenney_particle-pack/PNG (Black background)/scorch_02.png using Guid(157bf9638e9dfad4f8170846131ee70a) Importer(815301076,1909f56bfc062723c751e8b465ee728b)  -> (artifact id: '7232e84c0db369d86d312ec6ad831e35') in 0.021692 seconds 
Number of asset objects unloaded after import = 2
========================================================================
Received Import Request.
  Time since last request: 0.000009 seconds.
  path: Assets/kenney_particle-pack/PNG (Black background)/symbol_01.png
  artifactKey: Guid(eab9c29114a3d0649a99e15f372e2956) Importer(815301076,1909f56bfc062723c751e8b465ee728b)
Number of updated assets reloaded before import = 0
Start importing Assets/kenney_particle-pack/PNG (Black background)/symbol_01.png using Guid(eab9c29114a3d0649a99e15f372e2956) Importer(815301076,1909f56bfc062723c751e8b465ee728b)  -> (artifact id: 'eda28df81874d2ce0e429fc35c0f6b71') in 0.020818 seconds 
Number of asset objects unloaded after import = 2
========================================================================
Received Import Request.
  Time since last request: 0.000008 seconds.
  path: Assets/kenney_particle-pack/PNG (Black background)/star_08.png
  artifactKey: Guid(0d08c68104bf9c04c8ba2ad7ebb09d5a) Importer(815301076,1909f56bfc062723c751e8b465ee728b)
Number of updated assets reloaded before import = 0
Start importing Assets/kenney_particle-pack/PNG (Black background)/star_08.png using Guid(0d08c68104bf9c04c8ba2ad7ebb09d5a) Importer(815301076,1909f56bfc062723c751e8b465ee728b)  -> (artifact id: 'cc46ca69b76127682ab5ae92326952b9') in 0.020943 seconds 
Number of asset objects unloaded after import = 2
========================================================================
Received Import Request.
  Time since last request: 0.000009 seconds.
  path: Assets/kenney_particle-pack/PNG (Black background)/star_09.png
  artifactKey: Guid(7cf459798655cf14e89a835ec19ea3df) Importer(815301076,1909f56bfc062723c751e8b465ee728b)
Number of updated assets reloaded before import = 0
Start importing Assets/kenney_particle-pack/PNG (Black background)/star_09.png using Guid(7cf459798655cf14e89a835ec19ea3df) Importer(815301076,1909f56bfc062723c751e8b465ee728b)  -> (artifact id: 'bcea0ece3a808e021fe47efd142b9384') in 0.021595 seconds 
Number of asset objects unloaded after import = 2
========================================================================
Received Import Request.
  Time since last request: 0.000014 seconds.
  path: Assets/kenney_particle-pack/PNG (Black background)/smoke_02.png
  artifactKey: Guid(da29633eb658092429aa039b169f0f0e) Importer(815301076,1909f56bfc062723c751e8b465ee728b)
Number of updated assets reloaded before import = 0
Start importing Assets/kenney_particle-pack/PNG (Black background)/smoke_02.png using Guid(da29633eb658092429aa039b169f0f0e) Importer(815301076,1909f56bfc062723c751e8b465ee728b)  -> (artifact id: '8aa8c5d01213f2f78c1c852ce6219e25') in 0.021169 seconds 
Number of asset objects unloaded after import = 2
========================================================================
Received Import Request.
  Time since last request: 0.000009 seconds.
  path: Assets/kenney_particle-pack/PNG (Black background)/spark_03.png
  artifactKey: Guid(035f7840bc52f2141a0f040466b489af) Importer(815301076,1909f56bfc062723c751e8b465ee728b)
Number of updated assets reloaded before import = 0
Start importing Assets/kenney_particle-pack/PNG (Black background)/spark_03.png using Guid(035f7840bc52f2141a0f040466b489af) Importer(815301076,1909f56bfc062723c751e8b465ee728b)  -> (artifact id: 'fc837697413f097c012e2af391d9db42') in 0.021024 seconds 
Number of asset objects unloaded after import = 2
========================================================================
Received Import Request.
  Time since last request: 0.000008 seconds.
  path: Assets/kenney_particle-pack/PNG (Black background)/spark_05.png
  artifactKey: Guid(04b7f65a13e086b4da3821bb770afad6) Importer(815301076,1909f56bfc062723c751e8b465ee728b)
Number of updated assets reloaded before import = 0
Start importing Assets/kenney_particle-pack/PNG (Black background)/spark_05.png using Guid(04b7f65a13e086b4da3821bb770afad6) Importer(815301076,1909f56bfc062723c751e8b465ee728b)  -> (artifact id: '92b59e8c5f3caa8bf64e992fd30030ce') in 0.019772 seconds 
Number of asset objects unloaded after import = 2
========================================================================
Received Import Request.
  Time since last request: 0.000009 seconds.
  path: Assets/kenney_particle-pack/PNG (Black background)/fire_02.png
  artifactKey: Guid(4c0aca990001f0846977cda4f17caa4e) Importer(815301076,1909f56bfc062723c751e8b465ee728b)
Number of updated assets reloaded before import = 0
Start importing Assets/kenney_particle-pack/PNG (Black background)/fire_02.png using Guid(4c0aca990001f0846977cda4f17caa4e) Importer(815301076,1909f56bfc062723c751e8b465ee728b)  -> (artifact id: 'f51d51dd207c4bed12a5bc011b37ae81') in 0.020666 seconds 
Number of asset objects unloaded after import = 2
========================================================================
Received Import Request.
  Time since last request: 0.000008 seconds.
  path: Assets/kenney_particle-pack/PNG (Black background)/slash_02.png
  artifactKey: Guid(73827b54e343b0543904cbc4f16ec855) Importer(815301076,1909f56bfc062723c751e8b465ee728b)
Number of updated assets reloaded before import = 0
Start importing Assets/kenney_particle-pack/PNG (Black background)/slash_02.png using Guid(73827b54e343b0543904cbc4f16ec855) Importer(815301076,1909f56bfc062723c751e8b465ee728b)  -> (artifact id: '9954425de9b4353d17c211e6a91ff4a8') in 0.020864 seconds 
Number of asset objects unloaded after import = 2
========================================================================
Received Import Request.
  Time since last request: 0.000009 seconds.
  path: Assets/kenney_particle-pack/PNG (Black background)/dirt_02.png
  artifactKey: Guid(b8f80b5dd66d8864e9a8ad9592970720) Importer(815301076,1909f56bfc062723c751e8b465ee728b)
Number of updated assets reloaded before import = 0
Start importing Assets/kenney_particle-pack/PNG (Black background)/dirt_02.png using Guid(b8f80b5dd66d8864e9a8ad9592970720) Importer(815301076,1909f56bfc062723c751e8b465ee728b)  -> (artifact id: '02e9bb1e59e63cfeff5a556ffcad6105') in 0.020775 seconds 
Number of asset objects unloaded after import = 2
========================================================================
Received Import Request.
  Time since last request: 0.000008 seconds.
  path: Assets/kenney_particle-pack/PNG (Black background)/smoke_08.png
  artifactKey: Guid(88ce11fb85c2ee743b6913424a7955c3) Importer(815301076,1909f56bfc062723c751e8b465ee728b)
Number of updated assets reloaded before import = 0
Start importing Assets/kenney_particle-pack/PNG (Black background)/smoke_08.png using Guid(88ce11fb85c2ee743b6913424a7955c3) Importer(815301076,1909f56bfc062723c751e8b465ee728b)  -> (artifact id: 'a43292105291c2c410269dc072c8aae2') in 0.019603 seconds 
Number of asset objects unloaded after import = 2
========================================================================
Received Import Request.
  Time since last request: 0.000009 seconds.
  path: Assets/kenney_particle-pack/PNG (Black background)/star_01.png
  artifactKey: Guid(0325c5165e51f7547ba2f62c943c5a7f) Importer(815301076,1909f56bfc062723c751e8b465ee728b)
Number of updated assets reloaded before import = 0
Start importing Assets/kenney_particle-pack/PNG (Black background)/star_01.png using Guid(0325c5165e51f7547ba2f62c943c5a7f) Importer(815301076,1909f56bfc062723c751e8b465ee728b)  -> (artifact id: '9263b4c683e0ad2ead149654304c42b7') in 0.021535 seconds 
Number of asset objects unloaded after import = 2
========================================================================
Received Import Request.
  Time since last request: 0.000008 seconds.
  path: Assets/kenney_particle-pack/PNG (Black background)/star_03.png
  artifactKey: Guid(1b23f3945099e9a4e89e128e64d3965e) Importer(815301076,1909f56bfc062723c751e8b465ee728b)
Number of updated assets reloaded before import = 0
Start importing Assets/kenney_particle-pack/PNG (Black background)/star_03.png using Guid(1b23f3945099e9a4e89e128e64d3965e) Importer(815301076,1909f56bfc062723c751e8b465ee728b)  -> (artifact id: '97ae80807c5f1b84d81848fbbcb664a1') in 0.021033 seconds 
Number of asset objects unloaded after import = 2
========================================================================
Received Import Request.
  Time since last request: 0.000008 seconds.
  path: Assets/kenney_particle-pack/PNG (Black background)/spark_01.png
  artifactKey: Guid(ba7ec40920e43034a8246edeb2957fea) Importer(815301076,1909f56bfc062723c751e8b465ee728b)
Number of updated assets reloaded before import = 0
Start importing Assets/kenney_particle-pack/PNG (Black background)/spark_01.png using Guid(ba7ec40920e43034a8246edeb2957fea) Importer(815301076,1909f56bfc062723c751e8b465ee728b)  -> (artifact id: '28486553f1ae64e77f97272fa03822d3') in 0.020973 seconds 
Number of asset objects unloaded after import = 2
========================================================================
Received Import Request.
  Time since last request: 0.000010 seconds.
  path: Assets/kenney_particle-pack/PNG (Black background)/spark_07.png
  artifactKey: Guid(0fdb02cb0ff68784099f5f6e67ecb84a) Importer(815301076,1909f56bfc062723c751e8b465ee728b)
Number of updated assets reloaded before import = 0
Start importing Assets/kenney_particle-pack/PNG (Black background)/spark_07.png using Guid(0fdb02cb0ff68784099f5f6e67ecb84a) Importer(815301076,1909f56bfc062723c751e8b465ee728b)  -> (artifact id: '17b3d1f3df935057e6eed3cfc230c6db') in 0.020182 seconds 
Number of asset objects unloaded after import = 2
========================================================================
Received Import Request.
  Time since last request: 0.000015 seconds.
  path: Assets/kenney_particle-pack/PNG (Black background)/symbol_02.png
  artifactKey: Guid(7bce9a6e66b8b4a479ac50ea86cbf70a) Importer(815301076,1909f56bfc062723c751e8b465ee728b)
Number of updated assets reloaded before import = 0
Start importing Assets/kenney_particle-pack/PNG (Black background)/symbol_02.png using Guid(7bce9a6e66b8b4a479ac50ea86cbf70a) Importer(815301076,1909f56bfc062723c751e8b465ee728b)  -> (artifact id: '1e011f9e98c68f2da09cd70ace7bdba5') in 0.019798 seconds 
Number of asset objects unloaded after import = 2
========================================================================
Received Import Request.
  Time since last request: 0.000009 seconds.
  path: Assets/kenney_particle-pack/PNG (Black background)/flare_01.png
  artifactKey: Guid(96547092ade2d4940ae4695c9c362fef) Importer(815301076,1909f56bfc062723c751e8b465ee728b)
Number of updated assets reloaded before import = 0
Start importing Assets/kenney_particle-pack/PNG (Black background)/flare_01.png using Guid(96547092ade2d4940ae4695c9c362fef) Importer(815301076,1909f56bfc062723c751e8b465ee728b)  -> (artifact id: 'bf686811e89b7abd4b857e55f3255d06') in 0.024459 seconds 
Number of asset objects unloaded after import = 2
========================================================================
Received Import Request.
  Time since last request: 0.000009 seconds.
  path: Assets/kenney_particle-pack/PNG (Black background)/window_01.png
  artifactKey: Guid(c2263e543bfc3914381774d3dbb1d2cf) Importer(815301076,1909f56bfc062723c751e8b465ee728b)
Number of updated assets reloaded before import = 0
Start importing Assets/kenney_particle-pack/PNG (Black background)/window_01.png using Guid(c2263e543bfc3914381774d3dbb1d2cf) Importer(815301076,1909f56bfc062723c751e8b465ee728b)  -> (artifact id: '2501e98608048ef27296cb8d506ea515') in 0.020937 seconds 
Number of asset objects unloaded after import = 2
========================================================================
Received Import Request.
  Time since last request: 0.000008 seconds.
  path: Assets/kenney_particle-pack/PNG (Black background)/light_01.png
  artifactKey: Guid(8f13acc3b3570a54586feb362740c676) Importer(815301076,1909f56bfc062723c751e8b465ee728b)
Number of updated assets reloaded before import = 0
Start importing Assets/kenney_particle-pack/PNG (Black background)/light_01.png using Guid(8f13acc3b3570a54586feb362740c676) Importer(815301076,1909f56bfc062723c751e8b465ee728b)  -> (artifact id: '3c370e0e9b90fe742935b808066f59d2') in 0.021100 seconds 
Number of asset objects unloaded after import = 2
========================================================================
Received Import Request.
  Time since last request: 0.000010 seconds.
  path: Assets/kenney_particle-pack/PNG (Black background)/magic_01.png
  artifactKey: Guid(313a5bac70072bc4eaec707a66b69293) Importer(815301076,1909f56bfc062723c751e8b465ee728b)
Number of updated assets reloaded before import = 0
Start importing Assets/kenney_particle-pack/PNG (Black background)/magic_01.png using Guid(313a5bac70072bc4eaec707a66b69293) Importer(815301076,1909f56bfc062723c751e8b465ee728b)  -> (artifact id: 'd12a96c18f783c484481dbf8344bbb9e') in 0.022248 seconds 
Number of asset objects unloaded after import = 2
========================================================================
Received Import Request.
  Time since last request: 0.000009 seconds.
  path: Assets/kenney_particle-pack/PNG (Black background)/trace_06.png
  artifactKey: Guid(ed4d2304e1dca3a47b98536434031027) Importer(815301076,1909f56bfc062723c751e8b465ee728b)
Number of updated assets reloaded before import = 0
Start importing Assets/kenney_particle-pack/PNG (Black background)/trace_06.png using Guid(ed4d2304e1dca3a47b98536434031027) Importer(815301076,1909f56bfc062723c751e8b465ee728b)  -> (artifact id: 'acf1685e7660b01ed132811539367842') in 0.022740 seconds 
Number of asset objects unloaded after import = 2
========================================================================
Received Import Request.
  Time since last request: 0.000009 seconds.
  path: Assets/kenney_particle-pack/PNG (Black background)/trace_01.png
  artifactKey: Guid(6e160fa6c8b313f4c9212a3136762913) Importer(815301076,1909f56bfc062723c751e8b465ee728b)
Number of updated assets reloaded before import = 0
Start importing Assets/kenney_particle-pack/PNG (Black background)/trace_01.png using Guid(6e160fa6c8b313f4c9212a3136762913) Importer(815301076,1909f56bfc062723c751e8b465ee728b)  -> (artifact id: 'ffafda0553ff4a5a5c7722367a1dfc1a') in 0.022403 seconds 
Number of asset objects unloaded after import = 2
========================================================================
Received Import Request.
  Time since last request: 0.000011 seconds.
  path: Assets/kenney_particle-pack/PNG (Black background)/light_03.png
  artifactKey: Guid(d6bd8ddc14d01ec4795bdbda3a76b3f4) Importer(815301076,1909f56bfc062723c751e8b465ee728b)
Number of updated assets reloaded before import = 0
Start importing Assets/kenney_particle-pack/PNG (Black background)/light_03.png using Guid(d6bd8ddc14d01ec4795bdbda3a76b3f4) Importer(815301076,1909f56bfc062723c751e8b465ee728b)  -> (artifact id: 'a5471eddd8def8cb0b971003efe7e109') in 0.021571 seconds 
Number of asset objects unloaded after import = 2
Editor requested this worker to shutdown with reason: Scaling down because of idle timeout
AssetImportWorker is now disconnected from the server
Process exiting
Exiting without the bug reporter. Application will terminate with return code 0